  Full command: snlc_fit.exe fit/PS1_RAISIN_optnir.nml ROOTFILE_OUT test.root
  
  
  ######################################################## 
     INIT_SNVAR: Init variables.
  ######################################################## 
  
   Allocate 12.50 MB for CIDMASK array (to check duplicates)
   HOST MACHINE =    ()
   SNDATA_ROOT = /project2/rkessler/PRODUCTS/SNDATA_ROOT
   SNANA_DIR = /project2/rkessler/PRODUCTS/SNANA/SNANA    (v11_04c)
  
  ######################################################## 
     READ SNLCINP NAMELIST. 
  ######################################################## 
  
    Read namelist file: fit/PS1_RAISIN_optnir.nml
      PROCESS COMMAND LINE ARG: ROOTFILE_OUT
&SNLCINP
 VERSION_PHOTOMETRY="PS1_RAISIN_2                                                            ", 11*"NULL                                                                    ",
 VERSION_REFORMAT_FITS="NULL                                                                    ",
 VERSION_REFORMAT_TEXT="NULL                                                                    ",
 PRIVATE_DATA_PATH="$RAISIN_ROOT/cosmo/data/Photometry                                                                                                                              ",
 FILTER_UPDATE_PATH="                                                                                                                                                                ",
 NONSURVEY_FILTERS="                                                                                                    ",
 SNRMAX_FILTERS="                                                                                                    ",
 VPEC_ERR_OVERRIDE=  0.00000000    ,
 FILTER_REPLACE="                                                                                                    ",
 FILTLIST_LAMSHIFT="                                                                                                    ",
 JOBSPLIT= 2*1          ,
 JOBSPLIT_EXTERNAL= 2*1          ,
 SIM_PRESCALE=  1.00000000    ,
 MXLC_FIT=  999888777,
 OPT_YAML=          0,
 OPTSIM_LCWIDTH=          0,
 OPT_REFORMAT_TEXT=          0,
 OPT_REFORMAT_SALT2=          0,
 REFORMAT_KEYS="NULL                                                                                                                                                                                                    ",
 OPT_REFORMAT_FITS=          0,
 SNMJD_LIST_FILE="                                                                                                                                                                                                        ",
 SNMJD_OUT_FILE="                                                                                                                                                                                                        ",
 MNFIT_PKMJD_LOGFILE="MNFIT_PKMJD.LOG                                                                                                                                                                                         ",
 HFILE_OUT="                                                                                                                                                                                                        ",
 ROOTFILE_OUT="test.root                                                                                                                                                                                               ",
 TEXTFILE_PREFIX="output/fit_optical/PS1_RAISIN_optnir                                                                                                                                                                    ",
 SNTABLE_LIST="FITRES LCPLOT(text:key)                                                                                                                                                                                 ",
 SNTABLE_FILTER_REMAP="                                                                                                                                                                                                        ",
 MARZFILE_OUT="                                                                                                                                                                                                        ",
 KCOR_FILE="kcor/kcor_PS1MD_NIR.fits                                                                                                                                                                                ",
 OVERRIDE_RESTLAM_BOUNDARY="                                                                                ",
 USERTAGS_FILE="                                                                                                                                                                                                        ",
 VPEC_FILE="                                                                                                                                                                                                        ",
 HEADER_OVERRIDE_FILE="                                                                                                                                                                                                                                                                                                                                                                                                                                                                                                                                                                                                                                                                                                                                                                                                                                                                                                                                                                                                                                                                                                                                                                                                                                                                                                                                                                                                                                                                                                                                                                                                                                                                                                                                                                                                                                                                                                                                                                                                                                                                                ",
 EPOCH_IGNORE_FILE="DEFAULT                                                                                                                                                                                                 ",
 OUT_EPOCH_IGNORE_FILE="                                                                                                                                                                                                        ",
 SNCID_LIST_FILE="                                                                                                                                                                                                        ",
 OPT_SNCID_LIST=          0,
 NONLINEARITY_FILE="                                                                                                                                                                                                        ",
 SIMLIB_OUT="                                                                                                                                                                                                        ",
 SIMLIB_OUTFILE="                                                                                                                                                                                                        ",
 SIMLIB_ZPERR_LIST="                                                                                                                                                                                                        ",
 OPT_SIMLIB_OUT=          1,
 SIMLIB_OUT_TMINFIX=      99999,
 NFIT_ITERATION=          3,
 MINUIT_PRINT_LEVEL=         -1,
 INTERP_OPT=          1,
 USE_MINOS=F,
 OPT_SETPKMJD=          0,
 SNRCUT_SETPKMJD=  5.00000000    ,
 MJDWIN_SETPKMJD=  60.0000000    ,
 SHIFT_SETPKMJD=  0.00000000    ,
 OPT_DEBUG=          0,
 LSIM_SEARCH_SPEC=F,
 LSIM_SEARCH_ZHOST=F,
 LDMP_SNFAIL=T,
 LDMP_SNANA_VERSION=F,
 LTEST_KCOR=F,
 LTEST_INTERP=F,
 LTEST_MAG=F,
 LTEST_U3BAND=F,
 USESIM_SNIA=T,
 USESIM_SNCC=T,
 USESIM_TRUEFLUX=F,
 USE_SNHOST_ZPHOT=F,
 USE_HOSTGAL_PHOTOZ=F,
 RESTORE_DES3YR=F,
 RESTORE_WRONG_VPEC=F,
 REQUIRE_DOCANA=          0,
 LPROB_TRUEFLUX=F,
 ABORT_ON_NOEPOCHS=F,
 ABORT_ON_BADAVWARP=T,
 ABORT_ON_NOPKMJD=T,
 ABORT_ON_BADZ=T,
 ABORT_ON_BADKCOR=T,
 ABORT_ON_BADSURVEY=T,
 ABORT_ON_MARGPDF0=T,
 ABORT_ON_TRESTCUT=T,
 ABORT_ON_DUPLCID=T,
 ABORT_ON_DUPLMJD=F,
 ABORT_ON_BADFILTER=T,
 H0_REF=  70.000000000000000     ,  7.0000000000000000     ,
 OLAM_REF= 0.69999999999999996     ,  2.9999999329447746E-002,
 OMAT_REF= 0.29999999999999999     ,  2.9999999329447746E-002,
 W0_REF= -1.0000000000000000     , 0.10000000149011612     ,
 DWDA_REF= 2*0.0000000000000000       ,
 USE_MWCOR=F,
 MXLC_PLOT=        500,
 NCCID_PLOT=          0,
 SNCCID_PLOT= 52*"                    ",
 DTOBS_MODEL_PLOT=  2.00000000    ,
 MULTISEASON_OPTMASK=          0,
 MULTISEASON_TGAP=  1.00000000E+09,
 ZTOL_HELIO2CMB=  1.99999996E-02,
 MULTISEASON_NREJECT_OUTLIER=  0.00000000    ,
 MULTISEASON_CHI2RED_ACTIVE=  5.00000000    ,
 PHOTFLAG_DETECT=          0,
 PHOTFLAG_TRIGGER=          0,
 SNTYPE_LIST= 52*0          ,
 SNCID_LIST= 52*0          ,
 SNCCID_LIST= 52*"                    ",
 MXEVT_PROCESS=  999888777,
 MXEVT_CUTS=  999888777,
 SNCCID_IGNORE= 52*"                    ",
 SNCID_IGNORE_FILE="                                                                                                                                                                                                        ",
 SNCID_IGNORE= 52*0          ,
 SNTYPE_IGNORE= 52*0          ,
 CCDNUM_LIST= 52*0          ,
 SIM_TEMPLATE_INDEX_LIST= 52*0          ,
 SNFIELD_LIST="ALL                                                         ", 51*"                                                            ",
 SNTEL_LIST="ALL                 ", 51*"                    ",
 PHOTFLAG_MSKREJ=         -1, 4*0          ,
 PHOTFLAG_BITLIST_REJECT= 30*-9         ,
 CUTWIN_CID=  0.00000000    ,  20000000.0    ,
 CUTWIN_REDSHIFT=  9.99999978E-03,  2.00000000    ,
 CUTWIN_REDSHIFT_ERR= -9.99999996E+11,  9.99999996E+11,
 CUTWIN_RA= -9.99999996E+11,  9.99999996E+11,
 CUTWIN_DEC= -9.99999996E+11,  9.99999996E+11,
 CUTWIN_HOSTSEP= -9.99999996E+11,  9.99999996E+11,
 CUTWIN_NEPOCH=  1.00000000    ,  9.99999996E+11,
 CUTWIN_SNRMAX= -9.99999996E+11,  9.99999996E+11,
 CUTWIN_SNRMAX2= -9.99999996E+11,  9.99999996E+11,
 CUTWIN_NFIELD=  1.00000000    ,  999.000000    ,
 CUTWIN_MWEBV= -9.99999996E+11,  9.99999996E+11,
 CUTWIN_NSEASON_ACTIVE= -99.0000000    ,  99.0000000    ,
 CUTWIN_TRESTMIN= -9.99999996E+11,  9.99999996E+11,
 CUTWIN_TRESTMAX= -9.99999996E+11,  9.99999996E+11,
 CUTWIN_TRESTRANGE= -9.99999996E+11,  9.99999996E+11,
 CUTWIN_TREST= -9.99999996E+11,  9.99999996E+11,
 CUTWIN_TOBS= -9.99999996E+11,  9.99999996E+11,
 CUTWIN_TGAPMAX= -9.99999996E+11,  9.99999996E+11,
 CUTWIN_T0GAPMAX= -9.99999996E+11,  9.99999996E+11,
 CUTWIN_TOBSMIN= -9.99999996E+11,  9.99999996E+11,
 CUTWIN_TOBSMAX= -9.99999996E+11,  9.99999996E+11,
 CUTWIN_PEAKMJD= -9.99999996E+11,  9.99999996E+11,
 CUTWIN_MJD= -9.99999996E+11,  9.99999996E+11,
 CUTWIN_PSF= -9.99999996E+11,  9.99999996E+11,
 CUTWIN_ZP= -9.99999996E+11,  9.99999996E+11,
 CUTWIN_ZPADU= 2*0.00000000      ,
 CUTWIN_ZPNPE= 2*0.00000000      ,
 CUTWIN_ZPERR= -9.99999996E+11,  9.99999996E+11,
 CUTWIN_PHOTPROB= -9.99999996E+11,  9.99999996E+11,
 CUTWIN_ERRTEST= -9.99999996E+11,  9.99999996E+11,
 CUTWIN_SIMPULL= -9.99999996E+11,  9.99999996E+11,
 CUTWIN_TREST_TRUEFLUX= 2*999.000000      ,
 CUTWIN_NBAND_THRESH= 2*-9.00000000     ,
 CUTWIN_NFILT_SNRMAX=  0.00000000    ,  100.000000    ,
 CUTWIN_NFILT_SNRMAX2=  0.00000000    ,  100.000000    ,
 CUTWIN_NFILT_TRESTMIN=  1.00000000    ,  100.000000    ,
 CUTWIN_NFILT_TRESTMAX=  1.00000000    ,  100.000000    ,
 CUTWIN_TREST2= -9.99999996E+11,  9.99999996E+11,
 CUTWIN_NFILT_TREST2=  1.00000000    ,  100.000000    ,
 CUTWIN_RESTLAM=  2000.00000    ,  25000.0000    ,
 CUTWIN_LAMREST=  2000.00000    ,  25000.0000    ,
 CUTWIN_LAMOBS=  2000.00000    ,  25000.0000    ,
 CUTWIN_SNR_NODETECT= 2*0.00000000      ,
 PRIVATE_CUTWIN_STRING= 10*"                                                                                                                                                                ",
 SIMVAR_CUTWIN_STRING="                                                                                                                                                                ",
 EARLYLC_STRING="                                                                                                                                                                ",
 REQUIRE_EPOCHS_STRING="                                                                                                    ",
 DUMP_STRING="                                                                                                    ",
 SNCUT_SNRMAX="                                                                                                                                                                ",
 SNCUT_HOST_SBFLUX="                                                                                                                                                                ",
 EPCUT_SNRMIN="                                                                                                                                                                ",
 EPCUT_SKYSIG="                                                                                                                                                                ",
 EPCUT_PSFSIG="                                                                                                                                                                ",
 MAGOBS_SHIFT_PRIMARY="                                                                                                                                                                ",
 MAGOBS_SHIFT_ZP="                                                                                                                                                                ",
 MAGREST_SHIFT_PRIMARY="                                                                                                                                                                ",
 MAGREST_SHIFT_ZP="                                                                                                                                                                ",
 FILTER_LAMSHIFT="                                                                                                                                                                ",
 MAGOBS_SHIFT_PRIMARY_PARAMS= 3*0.00000000      ,
 MAGOBS_SHIFT_ZP_PARAMS= 3*0.00000000      ,
 FUDGE_FLUXCAL_OFFSET="                                                                                                                                                                ",
 FUDGE_FLUXCAL_ERROR="                                                                                                                                                                ",
 FUDGE_FLUXCAL_ERRPIX="                                                                                                                                                                ",
 FUDGE_FLUXERR_SCALE="                                                                                                                                                                ",
 FUDGE_MAG_ERROR="                                                                                                                                                                ",
 FUDGE_MAG_COVERR="                                                                                                                                                                ",
 FLUXERRMODEL_FILE="                                                                                                                                                                                                        ",
 SIM_FLUXERRMODEL_FILE="                                                                                                                                                                                                        ",
 FLUXERRMODEL_OPTMASK=          0,
 MAGCOR_FILE="                                                                                                                                                                                                        ",
 SIM_MAGCOR_FILE="                                                                                                                                                                                                        ",
 FUDGE_HOSTNOISE_FILE="                                                                                                                                                                                                        ",
 RV_MWCOLORLAW=  3.09999990    ,
 OPT_MWCOLORLAW=         -9,
 OPT_MWEBV=          1,
 MWEBV_SCALE=  1.00000000    ,
 MWEBV_SHIFT=  0.00000000    ,
 MWEBV_FORCE= -9.00000000    ,
 HOSTGAL_PHOTOZ_SHIFT=  0.00000000    ,
 HOSTGAL_SPECZ_SHIFT=  0.00000000    ,
 REDSHIFT_FINAL_SHIFT=  0.00000000    ,
 FLUXERRCALC_ZPTERR= -9.89999962    ,
 CUTWIN_MJD_EXCLUDE= 2*0.00000000      ,
 CUTWIN_MJD_INCLUDE= -9.99999996E+11,  9.99999996E+11,
 CUTWIN_NMJD_INCLUDE= 0.990000010    ,  9.99999996E+11,
 /
  
  ######################################################## 
    INIT_SNCID_LISTS    
  ######################################################## 
  

  init_SNDATA_GLOBAL: 

	 ***** DOCANA WARNING ******* 
  Missing required 'DOCUMENTATION:'  key in 
    /home/djones1741/cosmo/data/Photometry/PS1_RAISIN_2/PS1_RAISIN_2.README 
  See DOCANA examples with linux command: 
    grep -R DOCUMENTATION_END $SNDATA_ROOT 
  File must begin with 'DOCUMENTATION:' key


 ****************************************************************** 
   RD_SNTEXTIO_PREP: Prepare reading text format for PS1_RAISIN_2  

     WARNING: no FAKE key -> assume real data

  
  ######################################################## 
    RDGLOBAL: FETCH GLOBAL SURVEY INFO from HEADER              
  ######################################################## 
  
    Found SURVEY  = PS1MD   (IDSURVEY= 15)
    Found FILTERS = grizJH   (NFILTDEF=  6)
    Found      21 SN Candidates to Process.
  
  
  INIT_CUTMASK: NCUTBIT          =           59
  INIT_CUTMASK: CUTMASK8_SN_ALL  =       562949953421311
  INIT_CUTMASK: CUTMASK8_MJD_ALL =    575897802350002176
  
  ============================================= 
  RDKCOR_FITS: Read Calib/Kcor tables.
    Opened kcor/kcor_PS1MD_NIR.fits
    with Blocksize=  1   and ISTAT=     0
  
      RDKCOR_FITS_HEAD    
         Read VERSION      =   4  (kcor.exe version)
         Read NPRIM        =   3  primary refs
         Read NFILTERS     =  22  filters
         Read NKCOR        =  34  K-COR tables
      RDKCOR_FITS_ZPT 
      RDKCOR_FITS_SNSED 
      RDKCOR_FITS_KCOR  
      RDKCOR_FITS_MAGS  
      RDKCOR_FITS_FILTERS 
      RDKCOR_FITS_PRIMARYSED  
      FTCLOSE  
         ---------------------- 
         !!! RDKCOR_SUMMARY !!! 
         ---------------------- 
    Primary spectrum: AB                                      
  
  FILTER SUMMARY (RDKCOR) : 
  internal                    LAM  LAM   rest-lam      primary
  index name                  AVG  RMS   kcor range    mag   ZP
 ------------------------------------------------------------------
  02 PS1-g/g                 4877  403      0-    0  -0.027 -0.027
  03 PS1-r/r                 6215  407      0-    0  -0.040 -0.040
  04 PS1-i/i                 7545  381      0-    0  -0.028 -0.028
  05 PS1-z/z                 8679  304      0-    0  -0.016 -0.016
  07 WFC3_IR_F125W-J        12516  866      0-    0   0.000  0.000
  08 WFC3_IR_F125W-H        15392  823      0-    0   0.000  0.000
  
  12 CSP-B                   4406  346   1740- 4600   9.882  0.125
  13 CSP-V                   5389  306   5330- 5640   9.494  0.030
  02 CSP-g                   4794  432   4600- 5330   9.644  0.025
  03 CSP-r                   6240  392   5640- 6920   9.352  0.004
  04 CSP-i                   7631  403   6920- 9010   9.250 -0.011
  07 CSP-J                  12516  588  11220-14010   8.413 -0.912
  06 CSP-Y                  10388  412   9010-11220   8.626 -0.629
  08 CSP-H                  16277  828  14010-19850   8.122 -1.343
 ------------------------------------------------------------------
    NFILTDEF[SURVEY,REST] =    6   8
  
   KCOR SUMMARY ( 34 tables)
        1  Found K_Bg table   (12-> 2 : CSP-B -> PS1-g/g)
        2  Found K_Vg table   (13-> 2 : CSP-V -> PS1-g/g)
        3  Found K_gg table   ( 2-> 2 : CSP-g -> PS1-g/g)
        4  Found K_rg table   ( 3-> 2 : CSP-r -> PS1-g/g)
        5  Found K_Br table   (12-> 3 : CSP-B -> PS1-r/r)
        6  Found K_Vr table   (13-> 3 : CSP-V -> PS1-r/r)
        7  Found K_gr table   ( 2-> 3 : CSP-g -> PS1-r/r)
        8  Found K_rr table   ( 3-> 3 : CSP-r -> PS1-r/r)
        9  Found K_ir table   ( 4-> 3 : CSP-i -> PS1-r/r)
       10  Found K_Jr table   ( 7-> 3 : CSP-J -> PS1-r/r)
       11  Found K_Bi table   (12-> 4 : CSP-B -> PS1-i/i)
       12  Found K_Vi table   (13-> 4 : CSP-V -> PS1-i/i)
       13  Found K_gi table   ( 2-> 4 : CSP-g -> PS1-i/i)
       14  Found K_ri table   ( 3-> 4 : CSP-r -> PS1-i/i)
       15  Found K_ii table   ( 4-> 4 : CSP-i -> PS1-i/i)
       16  Found K_Ji table   ( 7-> 4 : CSP-J -> PS1-i/i)
       17  Found K_Bz table   (12-> 5 : CSP-B -> PS1-z/z)
       18  Found K_Vz table   (13-> 5 : CSP-V -> PS1-z/z)
       19  Found K_gz table   ( 2-> 5 : CSP-g -> PS1-z/z)
       20  Found K_rz table   ( 3-> 5 : CSP-r -> PS1-z/z)
       21  Found K_iz table   ( 4-> 5 : CSP-i -> PS1-z/z)
       22  Found K_Yz table   ( 6-> 5 : CSP-Y -> PS1-z/z)
       23  Found K_Jz table   ( 7-> 5 : CSP-J -> PS1-z/z)
       24  Found K_VJ table   (13-> 7 : CSP-V -> WFC3_IR_F125W-J)
       25  Found K_gJ table   ( 2-> 7 : CSP-g -> WFC3_IR_F125W-J)
       26  Found K_rJ table   ( 3-> 7 : CSP-r -> WFC3_IR_F125W-J)
       27  Found K_iJ table   ( 4-> 7 : CSP-i -> WFC3_IR_F125W-J)
       28  Found K_YJ table   ( 6-> 7 : CSP-Y -> WFC3_IR_F125W-J)
       29  Found K_JJ table   ( 7-> 7 : CSP-J -> WFC3_IR_F125W-J)
       30  Found K_rH table   ( 3-> 8 : CSP-r -> WFC3_IR_F125W-H)
       31  Found K_iH table   ( 4-> 8 : CSP-i -> WFC3_IR_F125W-H)
       32  Found K_YH table   ( 6-> 8 : CSP-Y -> WFC3_IR_F125W-H)
       33  Found K_JH table   ( 7-> 8 : CSP-J -> WFC3_IR_F125W-H)
       34  Found K_HH table   ( 8-> 8 : CSP-H -> WFC3_IR_F125W-H)
    Rest-frame filters : BVgriJYH  (ifiltdef=  12 13  2  3  4  7  6  8)
   
   K-CORR TABLE uses  23.81% of 10000000 available bins (  40.0 MB)
   AVWARP TABLE uses  45.23% of  1500000 available bins (   6.0 MB)
   LCMAG  TABLE uses  19.84% of  2000000 available bins (   8.0 MB)
   MWXT   TABLE uses  14.88% of  2000000 available bins (   8.0 MB)
   MWXT   TABLE params: RV= 3.10   and OPT_MWCOLORLAW= 94
  
       Read 1751  Lambda   bins,  1800. - 19300.  binSize= 10.0
       Read  106  Trest    bins, -20.00 -  85.00  binSize=1.000
       Read   36  Redshift bins,   0.00 -   0.70  binSize=0.020
       Read   13  AVwarp   bins,  -6.00 -   6.00  binSize=1.000
  
   RDKCOR: Done. 
  ---------------------------------------------- 
  
    Zeropoint offsets (ZPOFF) from : KCOR file
         Will apply net MAGOBS_SHIFT_ZP(g) =  0.0000
         Will apply net MAGOBS_SHIFT_ZP(r) =  0.0000
         Will apply net MAGOBS_SHIFT_ZP(i) =  0.0000
         Will apply net MAGOBS_SHIFT_ZP(z) =  0.0000
         Will apply net MAGOBS_SHIFT_ZP(J) =  0.0000
         Will apply net MAGOBS_SHIFT_ZP(H) =  0.0000
  
  ######################################################## 
    INIT_GALextinct
  ######################################################## 
  
    RV_MWCOLORLAW  ->  3.10 from User (&SNLCINP)
    OPT_MWCOLORLAW ->  94 from Default
    OPT_MWCOLORLAW =   94 -> CCM89+ODonell94
  
    OPT_MWEBV ->   1 from User (&SNLCINP)
    OPT_MWEBV =    1 -> FILE value (SIMLIB or data header)
  
  ######################################################## 
    INIT_SNTABLE_OPTIONS  
  ######################################################## 
  
        SNANA-table: USE=0   TEXTFORMAT=none
       FITRES-table: USE=1   TEXTFORMAT=key 
      SNLCPAK-table: MXLC_PLOT=   500   TEXTFORMAT=key 
      SPECPAK-table: MXLC_PLOT=   500   TEXTFORMAT=none
    MODELSPEC-table: USE=0   TEXTFORMAT=none
         MARZ-table: USE=0   TEXTFORMAT=none
        SNANA-table: select CUTFLAG_SNANA &  63

 ****************************************************************** 
   SNLCPAK_INIT for SURVEY=PS1MD  (1 fits per SN)  

 ****************************************************************** 
   OPEN_ROOTFILE: use  RECREATE  mode:  
   Opened test.root

 ****************************************************************** 
   OPEN_TEXTFILE_LCLIST: open text list-file with PREFIX=output/fit_optical/PS1_RAISIN_optnir  
	 MAKEDIR_ROOT : Created MONINIT
  
  ######################################################## 
    PLOT THEORY HUBBLE DIAGRAMS for REFERENCE
  ######################################################## 
  
  
  ######################################################## 
    CALL FITPAR_INI
  ######################################################## 
  
  
  ######################################################## 
     READ &FITINP NAMELIST
  ######################################################## 
  
  
&FITINP
 FITMODEL_NAME="$RAISIN_ROOT/cosmo/snoopy.B18                                                                                                                                                                           ",
 RESTLAMBDA_FITRANGE=  0.00000000    ,  25000.0000    ,
 UVLAM_EXTRAPFLUX= -9.00000000    ,
 FILTLIST_FIT="grizJH                                                                                              ",
 FILTLIST_DMPFCN="                    ",
 FILTER_FITMAGDIF="    ",
 FILTLIST_FITRESTMAG="            ",
 LUMIFIX_FITRESTMAG=  999.000000    ,
 SHAPEFIX_FITRESTMAG=  999.000000    ,
 COLORFIX_FITRESTMAG=  999.000000    ,
 LAMEXTRAP_FITRESTMAG=  0.00000000    ,
 DLAMTOL_FITRESTMAG=  0.00000000    ,
 FILTLIST_DMPFUN="                    ",
 TREST_DMPFUN= -999.000000    ,  999.000000    ,
 SCALE_PLOTCHI2=  1.00000000    ,
 NEARFILT_IGNORE_REST="                    ",
 FILTLAM_SHIFT="                                                                                                    ",
 DOFIT_PHOTOZ=F,
 SKIP_PHOTOZ_INIT=F,
 LDMP_PHOTOZ_DROPFILTER=F,
 LFIXPAR_ALL=F,
 LFIXPAR_ADJUST=F,
 LKCOR_AVWARP=T,
 LKCOR_STRETCH=F,
 USE_MODEL_MAGERR=T,
 DOCHI2_SIGMA=F,
 LAMREST_MODEL_SMOOTH= -9.00000000    ,
 CHECK_CRAZYFITERR=T,
 SIMEFF_FILE="                                                                                                                                                                                                        ",
 ADD_SALT2ERR_FROMZ=F,
 ENABLE_MAGSHIFT_SALT2=T,
 ENABLE_WAVESHIFT_SALT2=T,
 ALLOW_NEGFLUX_SALT2=T,
 STRETCH_TEMPLATE_FILE="                                                                                                                                                                                                        ",
 SALT2_DICTFILE="                                                                                                                                                                                                        ",
 DELCHI2_REJECT=  1.00000000E+09,
 SIGNOISE_REJECT= -9.00000000    ,
 PEAKMJD_SANITY=  0.00000000    ,  1000000.00    ,
 FITWIN_ZPULL= -900000000.    ,  900000000.    ,
 FITWIN_ZPHOT= -900000000.    ,  900000000.    ,
 FITWIN_COLOR= -900000000.    ,  900000000.    ,
 FITWIN_SHAPE= -900000000.    ,  900000000.    ,
 FITWIN_MJD= -900000000.    ,  900000000.    ,
 FITWIN_PROB= -900000000.    ,  900000000.    ,
 FITWIN_NOMARG_PROB= -900000000.    ,  900000000.    ,
 FITWIN_CHI2SIGMA= -900000000.    ,  900000000.    ,
 FITWIN_TREST= -15.0000000    ,  45.0000000    ,
 FITWIN_TREST_FILTER="                                                                                                                        ",
 FITWIN_TREST_FILT= 200*0.00000000      ,
 FITWIN_COV_OFFDIAG= -8.00000000    ,  8.00000000    ,
 FITWIN_PEAKMJD_ERR=  0.00000000    ,  30000.0000    ,
 FITWIN_MB_ERR=  0.00000000    ,  1.00000000    ,
 FITWIN_SHAPE_ERR=  0.00000000    ,  30000.0000    ,
 FITWIN_COLOR_ERR=  0.00000000    ,  30000.0000    ,
 FITWIN_PEAKMJD_ERRZ1=  0.00000000    ,  30000.0000    ,
 FITWIN_MB_ERRZ1=  0.00000000    ,  30000.0000    ,
 FITWIN_SHAPE_ERRZ1=  0.00000000    ,  30000.0000    ,
 FITWIN_COLOR_ERRZ1=  0.00000000    ,  30000.0000    ,
 SNMAGRMS_FOR_PHOTOZ= 0.119999997    ,
 TREST_REJECT= -15.0000000    ,  45.0000000    ,
 MJD_REJECT= -900000000.    ,  900000000.    ,
 USESIM_AV=F,
 USESIM_RV=F,
 USESIM_COLOR=F,
 USESIM_LUMIPAR=F,
 USESIM_SHAPE=F,
 USESIM_PEAKMJD=F,
 USESIM_DLMAG=F,
 USESIM_REDSHIFT=F,
 INISTP_PEAKMJD=  2.00000000    ,
 INISTP_AV= 0.100000001    ,
 INISTP_RV=  0.00000000    ,
 INISTP_AVRV= 0.100000001    ,
 INISTP_DLMAG= 0.500000000    ,
 INISTP_X0=  9.99999975E-06,
 INISTP_PHOTOZ=  0.00000000    ,
 INISTP_COLOR=  2.99999993E-02,
 INISTP_SHAPE= 0.300000012    ,
 INISTP_SHAPE2=  0.00000000    ,
 INIVAL_PEAKMJD= -99999.0000    ,
 INIVAL_PEAKMJD_SHIFT=  999999.000    ,
 INIVAL_AV= -99999.0000    ,
 INIVAL_RV=  1.51800001    ,
 INIVAL_AVRV= 0.100000001    ,
 INIVAL_DLMAG= -99999.0000    ,
 INIVAL_PHOTOZ= -99999.0000    ,
 INIVAL_COLOR=  9.99999978E-03,
 INIVAL_X0= -99999.0000    ,
 INIVAL_SHAPE= -99999.0000    ,
 INIVAL_SHAPE2= -99999.0000    ,
 INIVAL_SHIFT_ERRFRAC=  0.00000000    ,
 INIVAL_GRIDSEARCH_DPEAKMJD= -4.00000000    ,  4.00000000    ,  2.00000000    ,
 INIVAL_GRIDSEARCH_COLOR= -1.00000000    ,  1.00000000    ,  5.00000007E-02,
 FRACERRDIF_REPEATFIT=  1.00000000E+09,
 OPT_COVAR=        -99,
 OPT_COVAR_FLUX=          0,
 OPT_COVAR_MWXTERR=          1,
 OPT_XTMW_ERR=          1,
 OPT_COVAR_LCFIT=          0,
 OPT_SNXT=          1,
 OPT_KCORERR=          2,
 OPT_NEARFILT=          2,
 OPT_LANDOLT=          0,
 ZSCALE_SIMEFF=  1.00000000    ,
 UCOR_BXB=F,
 OPT_PHOTOZ=          0,
 ISCALE_COURSEBIN_PHOTOZ=          1,
 NEVAL_MCMC_PHOTOZ=          0,
 PARLIST_MCMC_PHOTOZ=  0.00000000    ,  20.0000000    , 0.330000013    , 0.899999976    ,  1.00000000    ,
 
 FUDGE_COVAR=  0.00000000    ,
 SCALE_COVAR=  1.00000000    ,
 LANDOLT_COLOR_SHIFT= 10*0.00000000      ,
 NGRID_PDF=          0,
 NSIGMA_PDF=          4,
 MAX_INTEGPDF=          3,
 PRIOR_AVEXP= 0.333999991    ,  1.00000000E+09,
 PRIOR_AVWGT=  1.00000000    ,  0.00000000    ,
 PRIOR_AVRES=  0.00000000    ,
 PRIOR_MJDSIG=  5.00000000    ,
 PRIOR_ZERRSCALE=  1000.00000    ,
 PRIOR_MUERRSCALE=  1000.00000    ,
 DOPRIOR_DLMAG=F,
 PRIOR_COLOR_RANGE= -9.00000000    ,  9.00000000    ,
 PRIOR_COLOR_SIGMA=  9.99999978E-03,
 PRIOR_SHAPE_RANGE= -5.00000000    ,  5.00000000    ,
 PRIOR_SHAPE_SIGMA= 0.100000001    ,
 PRIOR_LUMIPAR_RANGE= -5.00000000    ,  5.00000000    ,
 PRIOR_LUMIPAR_SIGMA= 0.100000001    ,
 PRIOR_DELTA_PROFILE= 0.230000004    , 0.479999989    ,-0.239999995    , 0.100000001    ,
 OPT_PRIOR=          1,
 OPT_PRIOR_AV=          0,
 OPT_SIMEFF=          0,
 OPT_MNSTAT_COV=          1,
 SIMFIT_IDEAL_PRESCALE=          0,
 MINOS_ERR_DLMAG=F,
 MINOS_ERR_REQALL0=F,
 MINOS_ERR_REQALL1=F,
 MINOS_ERRMAX_BAD=T,
 CONTOUR_LIST= 80*0          ,
 LTRACE=F,
 LPLOTCHI2=F,
 IPAR_PLOTCHI2=          0,
 FUDGE_FITERR_MAXFRAC=  0.00000000    ,
 FUDGE_FITERR_TREST= 4*999.000000      ,
 FUDGE_FITERR_PASSBANDS="NULL                                                                                                ",
 FUDGE_FITERR_RESTLAM= 2*1000.00000      , 2*90000.0000      ,
 FUDGE_MAGERR_MODEL= -9.00000000    ,
 FUDGE_FITERR_MAXITER=          9,
 FUDGEALL_MAXFRAC=  0.00000000    ,
 FUDGEALL_ITER1_MAXFRAC=  1.99999996E-02,
 FUDGE_DATAERR_SCALE=  1.00000000    ,
 FUDGE_MODELERR_SCALE=  1.00000000    ,
 FITCOVAR_FILE="                                                                                                                                                                                                        ",
 TREST_PEAKRENORM= 2*0.00000000      ,
 SALT2ALPHA= 0.140000001    ,
 SALT2BETA=  3.20000005    ,
 OPT_SALT2FIT=          0,
 PHOTODZ_REJECT=  5.00000007E-02,
 PHOTODZ1Z_REJECT= -99.0000000    ,
 PHOTOZ_ITER1_LAMRANGE=  4000.00000    ,  26000.0000    ,
 PHOTOZ_BOUND=  9.99999997E-07,  1.39999998    ,
 MAGLIM_VMAX="                                                            ",
 OPT_VMAX=          0,
 /

 ****************************************************************** 
   init_genmag_snoopy for BVugriYJH  

  Begin fits_read_SNGRID for 
  /home/djones1741/cosmo/snoopy.B18/SNooPy_test.fits 
    read fits keyword IVERSION = 1 
    read fits keyword SURVEY = LOWZ 
    read fits keyword GENMODEL = SNooPy_v2.5.2 
    read fits keyword I2LCPACK = 1000.000000 
    read fits keyword FILTERS = BVugriYJH 
          LOGZ has   1 bins from    -8.0000 to    -8.0000  (ILCOFF=1)
            AV has   1 bins from     0.0000 to     0.0000  (ILCOFF=1)
            RV has   1 bins from     2.2000 to     2.2000  (ILCOFF=1)
       STRETCH has 131 bins from     0.7000 to     1.3000  (ILCOFF=1)
        FILTER has   9 bins from     0.0000 to     8.0000  (ILCOFF=131)
         TREST has  91 bins from   -20.0000 to    70.0000  (ILCOFF=1179)
    Read 131 I2LCMAG pointers: 1 824 1647 .... 106991 
	 read 107813  I2LCMAG  values for GRID 
	 read 107813  I2LCERR  values for GRID 
  
    Fill AVWARPTABLE for Rest-frame colors B-g and g-B
    Fill AVWARPTABLE for Rest-frame colors V-g and g-V
    Fill AVWARPTABLE for Rest-frame colors V-r and r-V
    Fill AVWARPTABLE for Rest-frame colors r-i and i-r
    Fill AVWARPTABLE for Rest-frame colors i-Y and Y-i
    Fill AVWARPTABLE for Rest-frame colors J-Y and Y-J
    Fill AVWARPTABLE for Rest-frame colors J-H and H-J
  
  ######################################################## 
    INIT_PRIOR_SIMEFF: sim-efficiency NOT used for PRIOR.       
  ######################################################## 
  
   
    SN-MODEL  LAMBDA RANGE:  2900. - 20000.
    USER-DEF  LAMBDA RANGE:     0. - 25000.
    Final     LAMBDA RANGE:  2900. - 20000.
   
   SECOND-ITERATION EPOCH-REJECTION CUTS: 
     REJECT  delchi2      >    1.00000000E+09
     REJECT  signal/noise <   -9.00000000    
     REJECT  Trest        <   -15.0000000    
     REJECT  Trest        >    45.0000000    
     REJECT  MJD          <   -900000000.    
     REJECT  MJD          >    900000000.    
   
  
   FINAL FIT CUTS: 
     REQUIRE MINOS ERROR for DLAMG        :  F
     REQUIRE MINOS ERROR for ALL   FITPAR :  F
     REQUIRE MINOS ERROR for ALL-1 FITPAR :  F
     FIT-SIGMACHI2     >   -900000000.    
     FIT-PROB(final)   >   -900000000.    
     FIT-PROB(no marg) >   -900000000.    
   
    Valid ERROR(ITER      ) must be >   0.00010
    Valid ERROR(ISN       ) must be >   0.00010
    Valid ERROR(PKMJD     ) must be >   0.00010
    Valid ERROR(STRETCH   ) must be >   0.00010
    Valid ERROR(BIDON005  ) must be >   0.00010
    Valid ERROR(AV        ) must be >   0.00500
    Valid ERROR(AVRV      ) must be >   0.00010
    Valid ERROR(DLMAG     ) must be >   0.00000
    Valid ERROR(REDSHIFT  ) must be >   0.00050
   
    FIT-ERROR fudge =   0.02 * max(Flux)   for ITER <= 1
  
  ######################################################## 
    INIT PEAKMJD PRIOR =  EXP[ -(PKMJD-PKMJD_INI)^2/   5^2 ]            
  ######################################################## 
  
  
  ######################################################## 
    FITINI_AVPRIOR: FLAT-NEG AV PRIOR.
  ######################################################## 
  
  
  ######################################################## 
    INIT AVRV PRIOR: -3.00 to  4.00  Gauss roll sigma= 0.10             
  ######################################################## 
  
  
                                                               
  
  ######################################################## 
    INIT STRETCH PRIOR: -5.00 to  5.00  Gauss roll sigma= 0.10          
  ######################################################## 
  
  
                                                               
  
  ######################################################## 
    FITINI_XTPAR: INIT HOST-GALAXY EXTINCTION
  ######################################################## 
  
  
  ######################################################## 
    Init host extinction with CCM89 law + ODonnel94 udpate      
  ######################################################## 
  

         A_X/AV at Trest =   0.0 with 1/RV = 
 FILT   0.250  0.500  0.750  1.000  2.000 
 ----------------------------------------- 
   B    1.258  1.509  1.755  1.996  2.906 
   V    1.029  1.057  1.082  1.105  1.173 
   g    1.182  1.352  1.512  1.663  2.177 
   r    0.893  0.837  0.780  0.723  0.490 
   i    0.703  0.597  0.491  0.384 -0.046 
   J    0.313  0.220  0.127  0.033 -0.340 
   Y    0.421  0.295  0.170  0.045 -0.457 
   H    0.203  0.143  0.082  0.022 -0.221 

         A_X/AV at Trest =  20.0 with 1/RV = 
 FILT   0.250  0.500  0.750  1.000  2.000 
 ----------------------------------------- 
   B    1.237  1.466  1.690  1.909  2.728 
   V    1.024  1.046  1.067  1.085  1.139 
   g    1.140  1.268  1.388  1.499  1.871 
   r    0.889  0.831  0.772  0.713  0.474 
   i    0.705  0.601  0.496  0.391 -0.032 
   J    0.314  0.220  0.127  0.033 -0.341 
   Y    0.424  0.298  0.171  0.045 -0.461 
   H    0.201  0.141  0.081  0.021 -0.219 

   Finished XTHOST table with   4240 entries. 
	 CDTOPDIR_ROOT : return to top dir.
    Peak XTMAG/AV(BVgriJYH)= 1.665 1.073 1.453 0.801 0.529 0.161 0.216 0.104 (RV=1.52)
  
  ######################################################## 
    CALL USRINI
  ######################################################## 
  
	 Create LightCurve Tree SNLCPAK 

	 ***** DOCANA WARNING ******* 
  Missing required 'DOCUMENTATION:'  key in 
    /home/djones1741/cosmo/data/Photometry/PS1_RAISIN_2/PS1_RAISIN_2.README 
  See DOCANA examples with linux command: 
    grep -R DOCUMENTATION_END $SNDATA_ROOT 
  File must begin with 'DOCUMENTATION:' key

  
  ######################################################## 
    READ_EPIGNORE_FILE:
  ######################################################## 
  
     Default IGNORE file does not exist -> skip read.
    EPOCH_IGNORE: No epochs are ignored => use all epochs. 
  
  *-*-*-*-*-*-*-*-*-*-*-*-*-*-*-*-*-*-*-*-*-*-*-*-*-*-*-*-*-*-*-*-*-*-*-*-*-*-
   Assign integer CID=     1 for PScA470041
     Done Reading CID PScA470041        NMJD(found,stored)= 248  248

  SNTABLE_CREATE_ROOT: Book FITRES tree 
  SNTABLE_CREATE_TEXT: init FITRES TEXT-table in key format. 
     Create BLOCK = SNANA  for TABLE ID =  7788
     Create BLOCK = SNFIT  for TABLE ID =  7788

    *** DUPLICATE MJD WARNING *** CID=PScA470041   MJD=55204.500   BAND=i   FIELD=VOID  


    *** DUPLICATE MJD WARNING *** CID=PScA470041   MJD=55214.400   BAND=z   FIELD=VOID  

       Analyze ISN=       1  for PScA470041      NMJD(stored,cuts)= 248-> 248
  
  ######################################################## 
    FITPAR_PREP: Begin FIT-ITERATION  1 for CID PScA470041              
  ######################################################## 
  
    CID PScA470041 : FIT OBSERVER FILTERS grizJH
  
  ######################################################## 
    FITINI_COV: init fit arrays for CID=PScA470041 ITER=1       
  ######################################################## 
  
       248  Filter-epochs ACCEPTED for fit.
         0  Filter-epochs REJECTED for fit.
    PScA470041(ITER=1): Use DIAGONAL Covariance elements only.
  
  ######################################################## 
    FITINI_ADJUST for CID=       1   (PScA470041)               
  ######################################################## 
  
   FCNSNLC(BEFORE FITINI_ADJUST)    returns   CHI2=    390.62/248
     Adjust PKMJD/AV=56301.398/ 0.010 ==> 56299.398/-0.200  (CHI2=    293.66)
   grizJH Data/Model flux-ratio :  1.093  0.945  1.050  0.968  1.355  2.082  
       DLMAG =   41.2     ==>   41.0    
   FCNSNLC(AFTER  FITINI_ADJUST)    returns   CHI2=    477.09/248
  
   WARNING: ADJUSTED CHI2 is WORSE => 
            SWITCH BACK TO ORIGINAL INIVAL 

 ############################################################

    CALL MNFIT_DRIVER for ISN=    1   CID=PScA470041   NFITPAR=  9   iter=1

 ############################################################

  MINUIT RELEASE 96.03  INITIALIZED.   DIMENSIONS 100/110  EPSMAC=  0.89E-15
   Set MINUIT STRATEGY =            2
  
  ------------------------------------------------ 
    MNFIT_DRIVER: begin fit with MINIMIZE 
 EIGENVALUES OF SECOND-DERIVATIVE MATRIX:
        -0.2514E+00  0.1806E-01  0.8238E+00  0.1000E+01  0.3409E+01
 MINUIT WARNING IN HESSE   
 ============== MATRIX FORCED POS-DEF BY ADDING  0.25480     TO DIAGONAL.
   MNFIT_DRIVER: MIGRAD returns IERR =            4
  ------------------------------------------------ 
  
    MNFIT_DRIVER: extract fit parameters with MNPOUT
   MNFIT_DRIVER: EXIT returns IERR =           11
       CID PScA470041  fitpar( 1):ITER           =  1.0000     +/-  0.000    (P)
       CID PScA470041  fitpar( 3):PKMJD          =   56301.497 +/- 0.3955    (P)
       CID PScA470041  fitpar( 4):STRETCH        =  1.1708     +/- 0.1287E-02(P)
       CID PScA470041  fitpar( 6):AV             =  1.2877     +/- 0.1876    (P)
       CID PScA470041  fitpar( 7):AVRV           = 0.70934E-04 +/- 0.1000    (?)
       CID PScA470041  fitpar( 8):DLMAG          =  39.797     +/- 0.1797    (P)
  
  ######################################################## 
    FITPAR_PREP: Begin FIT-ITERATION  2 for CID PScA470041              
  ######################################################## 
  
    CID PScA470041 : FIT OBSERVER FILTERS grizJH
  
  ######################################################## 
    FITINI_COV: init fit arrays for CID=PScA470041 ITER=2       
  ######################################################## 
  
        58  Filter-epochs ACCEPTED for fit.
       190  Filter-epochs REJECTED for fit.
    PScA470041(ITER=2): Use full   58 x   58 Covariance matrix.                     
    PScA470041(ITER=2): Add covariance from Galactic extinction
    PScA470041(ITER=2): Inverted COVMAT with   3364 non-zero elements       

 ############################################################

    CALL MNFIT_DRIVER for ISN=    1   CID=PScA470041   NFITPAR=  9   iter=2

 ############################################################

  MINUIT RELEASE 96.03  INITIALIZED.   DIMENSIONS 100/110  EPSMAC=  0.89E-15
   Set MINUIT STRATEGY =            2
  
  ------------------------------------------------ 
    MNFIT_DRIVER: begin fit with MINIMIZE 
   MNFIT_DRIVER: MIGRAD returns IERR =            4
  ------------------------------------------------ 
  
    MNFIT_DRIVER: extract fit parameters with MNPOUT
   MNFIT_DRIVER: EXIT returns IERR =           11
       CID PScA470041  fitpar( 1):ITER           =  2.0000     +/-  0.000    (P)
       CID PScA470041  fitpar( 3):PKMJD          =   56301.279 +/- 0.4273    (P)
       CID PScA470041  fitpar( 4):STRETCH        =  1.1662     +/- 0.9418E-02(P)
       CID PScA470041  fitpar( 6):AV             =  1.1141     +/- 0.2045    (P)
       CID PScA470041  fitpar( 7):AVRV           = 0.12255E-04 +/- 0.1000    (?)
       CID PScA470041  fitpar( 8):DLMAG          =  39.968     +/- 0.1965    (P)
  
  ######################################################## 
    FITPAR_PREP: Begin FIT-ITERATION  3 for CID PScA470041              
  ######################################################## 
  
    CID PScA470041 : FIT OBSERVER FILTERS grizJH
  
  ######################################################## 
    FITINI_COV: init fit arrays for CID=PScA470041 ITER=3       
  ######################################################## 
  
        58  Filter-epochs ACCEPTED for fit.
       190  Filter-epochs REJECTED for fit.
    PScA470041(ITER=3): Use full   58 x   58 Covariance matrix.                     
    PScA470041(ITER=3): Add covariance from Galactic extinction
    PScA470041(ITER=3): Inverted COVMAT with   3364 non-zero elements       
  
    CID=PScA470041 : g-band KCOR = K_Bg ; AVwarp from B-g   (OPT= 2)
    CID=PScA470041 : r-band KCOR = K_gr ; AVwarp from g-B   (OPT= 2)
    CID=PScA470041 : i-band KCOR = K_ri ; AVwarp from r-V   (OPT= 2)
    CID=PScA470041 : z-band KCOR = K_rz ; AVwarp from r-i   (OPT= 2)
    CID=PScA470041 : J-band KCOR = K_YJ ; AVwarp from Y-i   (OPT= 2)
    CID=PScA470041 : H-band KCOR = K_JH ; AVwarp from J-Y   (OPT= 2)

 ############################################################

    CALL MNFIT_DRIVER for ISN=    1   CID=PScA470041   NFITPAR=  9   iter=3

 ############################################################

  MINUIT RELEASE 96.03  INITIALIZED.   DIMENSIONS 100/110  EPSMAC=  0.89E-15
   Set MINUIT STRATEGY =            2
  
  ------------------------------------------------ 
    MNFIT_DRIVER: begin fit with MINIMIZE 
 MINUIT WARNING IN MIGRAD  
 ============== Negative diagonal element  2 in Error Matrix
 MINUIT WARNING IN MIGRAD  
 ============== Negative diagonal element  4 in Error Matrix
 MINUIT WARNING IN MIGRAD  
 ==============     0.10E+01 added to diagonal of error matrix
   MNFIT_DRIVER: MIGRAD returns IERR =            4
  ------------------------------------------------ 
  
    MNFIT_DRIVER: extract fit parameters with MNPOUT
   MNFIT_DRIVER: EXIT returns IERR =           11
       CID PScA470041  fitpar( 1):ITER           =  3.0000     +/-  0.000    (P)
       CID PScA470041  fitpar( 3):PKMJD          =   56301.297 +/- 0.4399    (P)
       CID PScA470041  fitpar( 4):STRETCH        =  1.1662     +/- 0.9826E-02(P)
       CID PScA470041  fitpar( 6):AV             =  1.1130     +/- 0.2016    (P)
       CID PScA470041  fitpar( 7):AVRV           = 0.10080E-04 +/- 0.1000    (?)
       CID PScA470041  fitpar( 8):DLMAG          =  39.970     +/- 0.1935    (P)
    Bad COV matrix (MNSTAT_COV= 1) -> repeat fit for CID=PScA470041  
  
  ######################################################## 
    FITPAR_PREP: Begin FIT-ITERATION  3 for CID PScA470041   (again)    
  ######################################################## 
  
    CID PScA470041 : FIT OBSERVER FILTERS grizJH
  
  ######################################################## 
    FITINI_COV: init fit arrays for CID=PScA470041 ITER=3       
  ######################################################## 
  
        58  Filter-epochs ACCEPTED for fit.
       190  Filter-epochs REJECTED for fit.
    PScA470041(ITER=3): Use full   58 x   58 Covariance matrix.                     
    PScA470041(ITER=3): Add covariance from Galactic extinction
    PScA470041(ITER=3): Inverted COVMAT with   3364 non-zero elements       
  
    CID=PScA470041 : g-band KCOR = K_Bg ; AVwarp from B-g   (OPT= 2)
    CID=PScA470041 : r-band KCOR = K_gr ; AVwarp from g-B   (OPT= 2)
    CID=PScA470041 : i-band KCOR = K_ri ; AVwarp from r-V   (OPT= 2)
    CID=PScA470041 : z-band KCOR = K_rz ; AVwarp from r-i   (OPT= 2)
    CID=PScA470041 : J-band KCOR = K_YJ ; AVwarp from Y-i   (OPT= 2)
    CID=PScA470041 : H-band KCOR = K_JH ; AVwarp from J-Y   (OPT= 2)

 ############################################################

    CALL MNFIT_DRIVER for ISN=    1   CID=PScA470041   NFITPAR=  9   iter=3

 ############################################################

  MINUIT RELEASE 96.03  INITIALIZED.   DIMENSIONS 100/110  EPSMAC=  0.89E-15
   Set MINUIT STRATEGY =            2
  
  ------------------------------------------------ 
    MNFIT_DRIVER: begin fit with MINIMIZE 
   MNFIT_DRIVER: MIGRAD returns IERR =            4
  ------------------------------------------------ 
  
    MNFIT_DRIVER: extract fit parameters with MNPOUT
   MNFIT_DRIVER: EXIT returns IERR =           11
       CID PScA470041  fitpar( 1):ITER           =  3.0000     +/-  0.000    (P)
       CID PScA470041  fitpar( 3):PKMJD          =   56301.295 +/- 0.4199    (P)
       CID PScA470041  fitpar( 4):STRETCH        =  1.1662     +/- 0.2044E-03(P)
       CID PScA470041  fitpar( 6):AV             =  1.1130     +/- 0.2007    (P)
       CID PScA470041  fitpar( 7):AVRV           = 0.10172E-04 +/- 0.1000    (?)
       CID PScA470041  fitpar( 8):DLMAG          =  39.970     +/- 0.1923    (P)
  
  ######################################################## 
    FITANA_CUTS: APPLY FIT-CUTS TO SN PScA470041                
  ######################################################## 
  
                     PEAKMJD =  56301.297 PASSES CUT.                    
                    TobsMin =  -18.7     PASSES CUT.
                    TobsMax =   59.0     PASSES CUT.
                   Trestmin =  -14.0     PASSES CUT.
                   Trestmax =   44.3     PASSES CUT.
                    TGAPmax =   3.84     PASSES CUT.
                   T0GAPmax =   3.84     PASSES CUT.
           FITWIN_TREST(min) =  -14.0     PASSES CUT.                    
           FITWIN_TREST(max) =   44.3     PASSES CUT.                    
           FITWIN_TRESTRANGE =   58.4     PASSES CUT.                    
                      FITCOV              PASSES CUT.                    
                     FITPROB =  0.555E-03 PASSES CUT.                    
                 CHI2(SIGMA) =   0.00     PASSES CUT.                    
                NFILT_SNRMAX =    6       PASSES CUT.                    
               NFILT_SNRMAX2 =    6       PASSES CUT.                    
              NFILT_TRESTMIN =    6       PASSES CUT.                    
              NFILT_TRESTMAX =    6       PASSES CUT.                    
            MINOS ERROR EVALUATIONS   PASSES CUT.                        
    CID PScA470041  PASSES FIT-CUTS 

  
  ######################################################## 
    LC FIT SUMMARY for CID=PScA470041                           
  ######################################################## 
  
 Quantity          g          r          i          z          J          H
 --------------------------------------------------------------------------------
   NEPOCH         43         53         64         80          4          4
  NREJECT         34         42         49         63          1          1
     NDOF          9         11         15         17          3          3
     CHI2       8.65      12.97      15.09      33.24       4.31      20.26
     PROB       0.47       0.30       0.44       0.01       0.23       0.00
  PeakMag      21.71      21.40      21.47      21.61      22.19      22.45
  PeakErr       0.02       0.02       0.02       0.02       0.06       0.09
     XTMW       0.09       0.06       0.05       0.04       0.02       0.02
  XTMWerr       0.01       0.01       0.01       0.01       0.00       0.00
 --------------------------------------------------------------------------------
   Trest FIT RANGE(PScA470041):  -14.05 to   44.33   (relative to FIT-PEAKMJD)
   MJD   FIT RANGE(PScA470041): 56282.6 to 56360.3
   REST-PEAKMAGS(BVgriJYH) :   1.39  1.39  1.34  1.48  1.97  1.47  1.80  1.45  
   REST-PEAKERRS(BVgriJYH) :   0.17  0.17  0.17  0.16  0.14  0.08  0.10  0.05  
  
   MINUIT MINIMUM (PScA470041) returns TOTAL   CHI2/dof=  94.4    / 54   PROB=0.00056
   MINUIT MINIMUM (PScA470041) returns DATA    CHI2/dof=  94.4    / 53   PROB=0.00041
   MINUIT MINIMUM (PScA470041) returns PRIOR   CHI2/dof= 0.115E-01/  1   PROB=0.91466
  
	 MAKEDIR_ROOT : Created MONSN/SNPScA470041
         SNLCPAK: pack CID = PScA470041 for plotting.
	 CDTOPDIR_ROOT : return to top dir.
     Finished fitting CID = PScA470041
  
  *-*-*-*-*-*-*-*-*-*-*-*-*-*-*-*-*-*-*-*-*-*-*-*-*-*-*-*-*-*-*-*-*-*-*-*-*-*-
   Assign integer CID=     2 for PScA470110
     Done Reading CID PScA470110        NMJD(found,stored)= 180  180
       Analyze ISN=       2  for PScA470110      NMJD(stored,cuts)= 180-> 180
  
  ######################################################## 
    FITPAR_PREP: Begin FIT-ITERATION  1 for CID PScA470110              
  ######################################################## 
  
    CID PScA470110 : FIT OBSERVER FILTERS grizJH
  
  ######################################################## 
    FITINI_COV: init fit arrays for CID=PScA470110 ITER=1       
  ######################################################## 
  
       180  Filter-epochs ACCEPTED for fit.
         0  Filter-epochs REJECTED for fit.
    PScA470110(ITER=1): Use DIAGONAL Covariance elements only.
  
  ######################################################## 
    FITINI_ADJUST for CID=       2   (PScA470110)               
  ######################################################## 
  
   FCNSNLC(BEFORE FITINI_ADJUST)    returns   CHI2=    167.39/180
     Adjust PKMJD/AV=56314.500/ 0.010 ==> 56312.500/ 0.050  (CHI2=    160.68)
   grizJH Data/Model flux-ratio :  0.984  0.912  0.980  0.987  1.161  0.914  
       DLMAG =   41.3     ==>   41.3    
   FCNSNLC(AFTER  FITINI_ADJUST)    returns   CHI2=    161.23/180

 ############################################################

    CALL MNFIT_DRIVER for ISN=    2   CID=PScA470110   NFITPAR=  9   iter=1

 ############################################################

  MINUIT RELEASE 96.03  INITIALIZED.   DIMENSIONS 100/110  EPSMAC=  0.89E-15
   Set MINUIT STRATEGY =            2
  
  ------------------------------------------------ 
    MNFIT_DRIVER: begin fit with MINIMIZE 
 EIGENVALUES OF SECOND-DERIVATIVE MATRIX:
        -0.9447E-01  0.4396E-01  0.6943E+00  0.1504E+01  0.2852E+01
 MINUIT WARNING IN HESSE   
 ============== MATRIX FORCED POS-DEF BY ADDING  0.97326E-01 TO DIAGONAL.
   MNFIT_DRIVER: MIGRAD returns IERR =            0
  ------------------------------------------------ 
  
    MNFIT_DRIVER: extract fit parameters with MNPOUT
   MNFIT_DRIVER: EXIT returns IERR =           11
       CID PScA470110  fitpar( 1):ITER           =  1.0000     +/-  0.000    (P)
       CID PScA470110  fitpar( 3):PKMJD          =   56313.453 +/- 0.4410    (P)
       CID PScA470110  fitpar( 4):STRETCH        =  1.1754     +/- 0.2227E-03(P)
       CID PScA470110  fitpar( 6):AV             = -.16465     +/- 0.1832    (P)
       CID PScA470110  fitpar( 7):AVRV           = 0.86489E-01 +/- 0.6000E-01(P)
       CID PScA470110  fitpar( 8):DLMAG          =  41.479     +/- 0.1469    (P)
  
  ######################################################## 
    FITPAR_PREP: Begin FIT-ITERATION  2 for CID PScA470110              
  ######################################################## 
  
    CID PScA470110 : FIT OBSERVER FILTERS grizJH
  
  ######################################################## 
    FITINI_COV: init fit arrays for CID=PScA470110 ITER=2       
  ######################################################## 
  
        22  Filter-epochs ACCEPTED for fit.
       158  Filter-epochs REJECTED for fit.
    PScA470110(ITER=2): Use full   22 x   22 Covariance matrix.                     
    PScA470110(ITER=2): Add covariance from Galactic extinction
    PScA470110(ITER=2): Inverted COVMAT with    442 non-zero elements       

 ############################################################

    CALL MNFIT_DRIVER for ISN=    2   CID=PScA470110   NFITPAR=  9   iter=2

 ############################################################

  MINUIT RELEASE 96.03  INITIALIZED.   DIMENSIONS 100/110  EPSMAC=  0.89E-15
   Set MINUIT STRATEGY =            2
  
  ------------------------------------------------ 
    MNFIT_DRIVER: begin fit with MINIMIZE 
   MNFIT_DRIVER: MIGRAD returns IERR =            0
  ------------------------------------------------ 
  
    MNFIT_DRIVER: extract fit parameters with MNPOUT
   MNFIT_DRIVER: EXIT returns IERR =           11
       CID PScA470110  fitpar( 1):ITER           =  2.0000     +/-  0.000    (P)
       CID PScA470110  fitpar( 3):PKMJD          =   56313.238 +/- 0.1436E-01(P)
       CID PScA470110  fitpar( 4):STRETCH        =  1.1754     +/- 0.1791E-02(P)
       CID PScA470110  fitpar( 6):AV             = -.14599     +/- 0.1578    (P)
       CID PScA470110  fitpar( 7):AVRV           = 0.90850E-01 +/- 0.5829E-01(P)
       CID PScA470110  fitpar( 8):DLMAG          =  41.470     +/- 0.1288    (P)
  
  ######################################################## 
    FITPAR_PREP: Begin FIT-ITERATION  3 for CID PScA470110              
  ######################################################## 
  
    CID PScA470110 : FIT OBSERVER FILTERS grizJH
  
  ######################################################## 
    FITINI_COV: init fit arrays for CID=PScA470110 ITER=3       
  ######################################################## 
  
        22  Filter-epochs ACCEPTED for fit.
       158  Filter-epochs REJECTED for fit.
    PScA470110(ITER=3): Use full   22 x   22 Covariance matrix.                     
    PScA470110(ITER=3): Add covariance from Galactic extinction
    PScA470110(ITER=3): Inverted COVMAT with    442 non-zero elements       
  
    CID=PScA470110 : g-band KCOR = K_Bg ; AVwarp from B-g   (OPT= 2)
    CID=PScA470110 : r-band KCOR = K_gr ; AVwarp from g-B   (OPT= 2)
    CID=PScA470110 : i-band KCOR = K_Vi ; AVwarp from V-r   (OPT= 2)
    CID=PScA470110 : z-band KCOR = K_rz ; AVwarp from r-i   (OPT= 2)
    CID=PScA470110 : J-band KCOR = K_YJ ; AVwarp from Y-i   (OPT= 2)
    CID=PScA470110 : H-band KCOR = K_JH ; AVwarp from J-Y   (OPT= 2)

 ############################################################

    CALL MNFIT_DRIVER for ISN=    2   CID=PScA470110   NFITPAR=  9   iter=3

 ############################################################

  MINUIT RELEASE 96.03  INITIALIZED.   DIMENSIONS 100/110  EPSMAC=  0.89E-15
   Set MINUIT STRATEGY =            2
  
  ------------------------------------------------ 
    MNFIT_DRIVER: begin fit with MINIMIZE 
   MNFIT_DRIVER: MIGRAD returns IERR =            0
  ------------------------------------------------ 
  
    MNFIT_DRIVER: extract fit parameters with MNPOUT
   MNFIT_DRIVER: EXIT returns IERR =           11
       CID PScA470110  fitpar( 1):ITER           =  3.0000     +/-  0.000    (P)
       CID PScA470110  fitpar( 3):PKMJD          =   56313.290 +/- 0.6527    (P)
       CID PScA470110  fitpar( 4):STRETCH        =  1.1754     +/- 0.2949E-03(P)
       CID PScA470110  fitpar( 6):AV             = -.13928     +/- 0.1784    (P)
       CID PScA470110  fitpar( 7):AVRV           = 0.86915E-01 +/- 0.5832E-01(P)
       CID PScA470110  fitpar( 8):DLMAG          =  41.465     +/- 0.1409    (P)
  
  ######################################################## 
    FITANA_CUTS: APPLY FIT-CUTS TO SN PScA470110                
  ######################################################## 
  
                     PEAKMJD =  56313.289 PASSES CUT.                    
                    TobsMin =  -20.0     PASSES CUT.
                    TobsMax =   39.9     PASSES CUT.
                   Trestmin =  -14.9     PASSES CUT.
                   Trestmax =   29.7     PASSES CUT.
                    TGAPmax =   7.34     PASSES CUT.
                   T0GAPmax =   7.34     PASSES CUT.
           FITWIN_TREST(min) =  -14.9     PASSES CUT.                    
           FITWIN_TREST(max) =   29.7     PASSES CUT.                    
           FITWIN_TRESTRANGE =   44.5     PASSES CUT.                    
                      FITCOV              PASSES CUT.                    
                     FITPROB =  0.111     PASSES CUT.                    
                 CHI2(SIGMA) =   0.00     PASSES CUT.                    
                NFILT_SNRMAX =    6       PASSES CUT.                    
               NFILT_SNRMAX2 =    6       PASSES CUT.                    
              NFILT_TRESTMIN =    6       PASSES CUT.                    
              NFILT_TRESTMAX =    6       PASSES CUT.                    
            MINOS ERROR EVALUATIONS   PASSES CUT.                        
    CID PScA470110  PASSES FIT-CUTS 

  
  ######################################################## 
    LC FIT SUMMARY for CID=PScA470110                           
  ######################################################## 
  
 Quantity          g          r          i          z          J          H
 --------------------------------------------------------------------------------
   NEPOCH         33         40         45         56          3          3
  NREJECT         32         37         40         49          0          0
     NDOF          1          3          5          7          3          3
     CHI2       1.28       1.20       5.40       4.73       6.11       5.43
     PROB       0.26       0.75       0.37       0.69       0.11       0.14
  PeakMag      22.10      21.64      21.66      21.89      22.81      23.30
  PeakErr       0.08       0.05       0.04       0.04       0.03       0.04
     XTMW       0.03       0.02       0.02       0.01       0.01       0.01
  XTMWerr       0.00       0.00       0.00       0.00       0.00       0.00
 --------------------------------------------------------------------------------
   Trest FIT RANGE(PScA470110):  -14.85 to   29.65   (relative to FIT-PEAKMJD)
   MJD   FIT RANGE(PScA470110): 56293.3 to 56353.2
   REST-PEAKMAGS(BVgriJYH) :   0.22  0.15  0.13  0.27  0.92  0.93  1.06  1.09  
   REST-PEAKERRS(BVgriJYH) :   0.13  0.15  0.13  0.15  0.14  0.08  0.11  0.05  
  
   MINUIT MINIMUM (PScA470110) returns TOTAL   CHI2/dof=  24.3    / 17   PROB=0.11113
   MINUIT MINIMUM (PScA470110) returns DATA    CHI2/dof=  24.3    / 17   PROB=0.11133
   MINUIT MINIMUM (PScA470110) returns PRIOR   CHI2/dof= 0.776E-02/  0   PROB=1.00000
  
	 MAKEDIR_ROOT : Created MONSN/SNPScA470110
         SNLCPAK: pack CID = PScA470110 for plotting.
	 CDTOPDIR_ROOT : return to top dir.
     Finished fitting CID = PScA470110
  
  *-*-*-*-*-*-*-*-*-*-*-*-*-*-*-*-*-*-*-*-*-*-*-*-*-*-*-*-*-*-*-*-*-*-*-*-*-*-
   Assign integer CID=     3 for PScA470240
     Done Reading CID PScA470240        NMJD(found,stored)= 115  115
       Analyze ISN=       3  for PScA470240      NMJD(stored,cuts)= 115-> 115
  
  ######################################################## 
    FITPAR_PREP: Begin FIT-ITERATION  1 for CID PScA470240              
  ######################################################## 
  
    CID PScA470240 : FIT OBSERVER FILTERS grizJH
  
  ######################################################## 
    FITINI_COV: init fit arrays for CID=PScA470240 ITER=1       
  ######################################################## 
  
       115  Filter-epochs ACCEPTED for fit.
         0  Filter-epochs REJECTED for fit.
    PScA470240(ITER=1): Use DIAGONAL Covariance elements only.
  
  ######################################################## 
    FITINI_ADJUST for CID=       3   (PScA470240)               
  ######################################################## 
  
   FCNSNLC(BEFORE FITINI_ADJUST)    returns   CHI2=    152.70/115
     Adjust PKMJD/AV=56305.500/ 0.010 ==> 56303.500/-0.250  (CHI2=    104.00)
   grizJH Data/Model flux-ratio :  0.683  0.760  0.702  0.743  0.984  1.052  
       DLMAG =   41.9     ==>   42.1    
   FCNSNLC(AFTER  FITINI_ADJUST)    returns   CHI2=    188.28/115
  
   WARNING: ADJUSTED CHI2 is WORSE => 
            SWITCH BACK TO ORIGINAL INIVAL 

 ############################################################

    CALL MNFIT_DRIVER for ISN=    3   CID=PScA470240   NFITPAR=  9   iter=1

 ############################################################

  MINUIT RELEASE 96.03  INITIALIZED.   DIMENSIONS 100/110  EPSMAC=  0.89E-15
   Set MINUIT STRATEGY =            2
  
  ------------------------------------------------ 
    MNFIT_DRIVER: begin fit with MINIMIZE 
 MINUIT WARNING IN HESSE   
 ============== Negative diagonal element  1 in Error Matrix
 MINUIT WARNING IN HESSE   
 ============== Negative diagonal element  2 in Error Matrix
 MINUIT WARNING IN HESSE   
 ==============     0.29E+07 added to diagonal of error matrix
 EIGENVALUES OF SECOND-DERIVATIVE MATRIX:
        -0.6270E+03  0.8722E+00  0.9931E+00  0.1000E+01  0.6291E+03
 MINUIT WARNING IN HESSE   
 ============== MATRIX FORCED POS-DEF BY ADDING   627.58     TO DIAGONAL.
 EIGENVALUES OF SECOND-DERIVATIVE MATRIX:
        -0.2895E+00  0.1585E-01  0.1197E+00  0.1203E+01  0.3951E+01
 MINUIT WARNING IN HESSE   
 ============== MATRIX FORCED POS-DEF BY ADDING  0.29347     TO DIAGONAL.
 MINUIT WARNING IN MIGRAD  
 ============== Negative diagonal element  2 in Error Matrix
 MINUIT WARNING IN MIGRAD  
 ==============     0.10E+01 added to diagonal of error matrix
   MNFIT_DRIVER: MIGRAD returns IERR =            4
  ------------------------------------------------ 
  
    MNFIT_DRIVER: extract fit parameters with MNPOUT
   MNFIT_DRIVER: EXIT returns IERR =           11
       CID PScA470240  fitpar( 1):ITER           =  1.0000     +/-  0.000    (P)
       CID PScA470240  fitpar( 3):PKMJD          =   56305.459 +/-  1.278    (P)
       CID PScA470240  fitpar( 4):STRETCH        =  1.1154     +/- 0.6135E-03(P)
       CID PScA470240  fitpar( 6):AV             = 0.89719     +/- 0.3136    (P)
       CID PScA470240  fitpar( 7):AVRV           = 0.21321E-03 +/- 0.2317    (P)
       CID PScA470240  fitpar( 8):DLMAG          =  41.118     +/- 0.2760    (P)
  
  ######################################################## 
    FITPAR_PREP: Begin FIT-ITERATION  2 for CID PScA470240              
  ######################################################## 
  
    CID PScA470240 : FIT OBSERVER FILTERS grizJH
  
  ######################################################## 
    FITINI_COV: init fit arrays for CID=PScA470240 ITER=2       
  ######################################################## 
  
        35  Filter-epochs ACCEPTED for fit.
        80  Filter-epochs REJECTED for fit.
    PScA470240(ITER=2): Use full   35 x   35 Covariance matrix.                     
    PScA470240(ITER=2): Add covariance from Galactic extinction
    PScA470240(ITER=2): Inverted COVMAT with   1225 non-zero elements       

 ############################################################

    CALL MNFIT_DRIVER for ISN=    3   CID=PScA470240   NFITPAR=  9   iter=2

 ############################################################

  MINUIT RELEASE 96.03  INITIALIZED.   DIMENSIONS 100/110  EPSMAC=  0.89E-15
   Set MINUIT STRATEGY =            2
  
  ------------------------------------------------ 
    MNFIT_DRIVER: begin fit with MINIMIZE 
   MNFIT_DRIVER: MIGRAD returns IERR =            0
  ------------------------------------------------ 
  
    MNFIT_DRIVER: extract fit parameters with MNPOUT
   MNFIT_DRIVER: EXIT returns IERR =           11
       CID PScA470240  fitpar( 1):ITER           =  2.0000     +/-  0.000    (P)
       CID PScA470240  fitpar( 3):PKMJD          =   56305.173 +/-  1.023    (P)
       CID PScA470240  fitpar( 4):STRETCH        =  1.0646     +/- 0.1802E-03(P)
       CID PScA470240  fitpar( 6):AV             = 0.73800     +/- 0.2840    (P)
       CID PScA470240  fitpar( 7):AVRV           = 0.92475E-01 +/- 0.1885    (P)
       CID PScA470240  fitpar( 8):DLMAG          =  41.246     +/- 0.2555    (P)
  
  ######################################################## 
    FITPAR_PREP: Begin FIT-ITERATION  3 for CID PScA470240              
  ######################################################## 
  
    CID PScA470240 : FIT OBSERVER FILTERS grizJH
  
  ######################################################## 
    FITINI_COV: init fit arrays for CID=PScA470240 ITER=3       
  ######################################################## 
  
        35  Filter-epochs ACCEPTED for fit.
        80  Filter-epochs REJECTED for fit.
    PScA470240(ITER=3): Use full   35 x   35 Covariance matrix.                     
    PScA470240(ITER=3): Add covariance from Galactic extinction
    PScA470240(ITER=3): Inverted COVMAT with   1225 non-zero elements       
  
    CID=PScA470240 : g-band KCOR = K_Bg ; AVwarp from B-g   (OPT= 2)
    CID=PScA470240 : r-band KCOR = K_Br ; AVwarp from B-g   (OPT= 2)
    CID=PScA470240 : i-band KCOR = K_gi ; AVwarp from g-V   (OPT= 2)
    CID=PScA470240 : z-band KCOR = K_rz ; AVwarp from r-V   (OPT= 2)
    CID=PScA470240 : J-band KCOR = K_iJ ; AVwarp from i-Y   (OPT= 2)
    CID=PScA470240 : H-band KCOR = K_YH ; AVwarp from Y-J   (OPT= 2)

 ############################################################

    CALL MNFIT_DRIVER for ISN=    3   CID=PScA470240   NFITPAR=  9   iter=3

 ############################################################

  MINUIT RELEASE 96.03  INITIALIZED.   DIMENSIONS 100/110  EPSMAC=  0.89E-15
   Set MINUIT STRATEGY =            2
  
  ------------------------------------------------ 
    MNFIT_DRIVER: begin fit with MINIMIZE 
   MNFIT_DRIVER: MIGRAD returns IERR =            0
  ------------------------------------------------ 
  
    MNFIT_DRIVER: extract fit parameters with MNPOUT
   MNFIT_DRIVER: EXIT returns IERR =           11
       CID PScA470240  fitpar( 1):ITER           =  3.0000     +/-  0.000    (P)
       CID PScA470240  fitpar( 3):PKMJD          =   56305.042 +/- 0.9948    (P)
       CID PScA470240  fitpar( 4):STRETCH        =  1.0646     +/- 0.1765E-03(P)
       CID PScA470240  fitpar( 6):AV             = 0.63424     +/- 0.2731    (P)
       CID PScA470240  fitpar( 7):AVRV           = 0.14531     +/- 0.1846    (P)
       CID PScA470240  fitpar( 8):DLMAG          =  41.339     +/- 0.2458    (P)
  
  ######################################################## 
    FITANA_CUTS: APPLY FIT-CUTS TO SN PScA470240                
  ######################################################## 
  
                     PEAKMJD =  56305.043 PASSES CUT.                    
                    TobsMin =  -19.4     PASSES CUT.
                    TobsMax =   64.3     PASSES CUT.
                   Trestmin =  -13.6     PASSES CUT.
                   Trestmax =   44.9     PASSES CUT.
                    TGAPmax =   8.39     PASSES CUT.
                   T0GAPmax =   8.39     PASSES CUT.
           FITWIN_TREST(min) =  -13.6     PASSES CUT.                    
           FITWIN_TREST(max) =   44.9     PASSES CUT.                    
           FITWIN_TRESTRANGE =   58.5     PASSES CUT.                    
                      FITCOV              PASSES CUT.                    
                     FITPROB =  0.271E-01 PASSES CUT.                    
                 CHI2(SIGMA) =   0.00     PASSES CUT.                    
                NFILT_SNRMAX =    6       PASSES CUT.                    
               NFILT_SNRMAX2 =    6       PASSES CUT.                    
              NFILT_TRESTMIN =    6       PASSES CUT.                    
              NFILT_TRESTMAX =    6       PASSES CUT.                    
            MINOS ERROR EVALUATIONS   PASSES CUT.                        
    CID PScA470240  PASSES FIT-CUTS 

  
  ######################################################## 
    LC FIT SUMMARY for CID=PScA470240                           
  ######################################################## 
  
 Quantity          g          r          i          z          J          H
 --------------------------------------------------------------------------------
   NEPOCH         15         18         33         41          4          4
  NREJECT         14         15         22         29          0          0
     NDOF          1          3         11         12          4          4
     CHI2       0.00       0.78       6.45       7.06       3.95      28.71
     PROB       1.00       0.86       0.84       0.85       0.41       0.00
  PeakMag      23.18      22.25      22.32      22.34      23.06      23.54
  PeakErr       0.27       0.17       0.06       0.05       0.03       0.02
     XTMW       0.09       0.06       0.05       0.04       0.02       0.02
  XTMWerr       0.01       0.01       0.01       0.01       0.00       0.00
 --------------------------------------------------------------------------------
   Trest FIT RANGE(PScA470240):  -13.60 to   44.94   (relative to FIT-PEAKMJD)
   MJD   FIT RANGE(PScA470240): 56285.6 to 56369.3
   REST-PEAKMAGS(BVgriJYH) :   1.04  0.95  0.96  1.01  1.56  1.26  1.56  1.34  
   REST-PEAKERRS(BVgriJYH) :   0.13  0.20  0.15  0.24  0.24  0.16  0.21  0.11  
  
   MINUIT MINIMUM (PScA470240) returns TOTAL   CHI2/dof=  46.6    / 30   PROB=0.02711
   MINUIT MINIMUM (PScA470240) returns DATA    CHI2/dof=  46.6    / 30   PROB=0.02715
   MINUIT MINIMUM (PScA470240) returns PRIOR   CHI2/dof= 0.700E-02/  0   PROB=1.00000
  
	 MAKEDIR_ROOT : Created MONSN/SNPScA470240
         SNLCPAK: pack CID = PScA470240 for plotting.
	 CDTOPDIR_ROOT : return to top dir.
     Finished fitting CID = PScA470240
  
  *-*-*-*-*-*-*-*-*-*-*-*-*-*-*-*-*-*-*-*-*-*-*-*-*-*-*-*-*-*-*-*-*-*-*-*-*-*-
   Assign integer CID=     4 for PScB480464
     Done Reading CID PScB480464        NMJD(found,stored)= 193  193
       Analyze ISN=       4  for PScB480464      NMJD(stored,cuts)= 193-> 193
  
  ######################################################## 
    FITPAR_PREP: Begin FIT-ITERATION  1 for CID PScB480464              
  ######################################################## 
  
    CID PScB480464 : FIT OBSERVER FILTERS grizJH
  
  ######################################################## 
    FITINI_COV: init fit arrays for CID=PScB480464 ITER=1       
  ######################################################## 
  
       193  Filter-epochs ACCEPTED for fit.
         0  Filter-epochs REJECTED for fit.
    PScB480464(ITER=1): Use DIAGONAL Covariance elements only.
  
  ######################################################## 
    FITINI_ADJUST for CID=       4   (PScB480464)               
  ######################################################## 
  
   FCNSNLC(BEFORE FITINI_ADJUST)    returns   CHI2=    402.38/193
     Adjust PKMJD/AV=56341.398/ 0.010 ==> 56341.398/-0.050  (CHI2=    354.38)
   grizJH Data/Model flux-ratio :  1.086  0.957  0.998  0.979  1.266  0.615  
       DLMAG =   40.2     ==>   40.2    
   FCNSNLC(AFTER  FITINI_ADJUST)    returns   CHI2=    364.79/193

 ############################################################

    CALL MNFIT_DRIVER for ISN=    4   CID=PScB480464   NFITPAR=  9   iter=1

 ############################################################

  MINUIT RELEASE 96.03  INITIALIZED.   DIMENSIONS 100/110  EPSMAC=  0.89E-15
   Set MINUIT STRATEGY =            2
  
  ------------------------------------------------ 
    MNFIT_DRIVER: begin fit with MINIMIZE 
   MNFIT_DRIVER: MIGRAD returns IERR =            0
  ------------------------------------------------ 
  
    MNFIT_DRIVER: extract fit parameters with MNPOUT
   MNFIT_DRIVER: EXIT returns IERR =           11
       CID PScB480464  fitpar( 1):ITER           =  1.0000     +/-  0.000    (P)
       CID PScB480464  fitpar( 3):PKMJD          =   56341.433 +/- 0.1462    (P)
       CID PScB480464  fitpar( 4):STRETCH        = 0.98154     +/- 0.3000    (?)
       CID PScB480464  fitpar( 6):AV             = 0.19515E-01 +/- 0.9789E-01(P)
       CID PScB480464  fitpar( 7):AVRV           = -.42617E-02 +/- 0.1942E-01(P)
       CID PScB480464  fitpar( 8):DLMAG          =  40.005     +/- 0.8893E-01(P)
  
  ######################################################## 
    FITPAR_PREP: Begin FIT-ITERATION  2 for CID PScB480464              
  ######################################################## 
  
    CID PScB480464 : FIT OBSERVER FILTERS grizJH
  
  ######################################################## 
    FITINI_COV: init fit arrays for CID=PScB480464 ITER=2       
  ######################################################## 
  
        52  Filter-epochs ACCEPTED for fit.
       141  Filter-epochs REJECTED for fit.
    PScB480464(ITER=2): Use full   52 x   52 Covariance matrix.                     
    PScB480464(ITER=2): Add covariance from Galactic extinction
    PScB480464(ITER=2): Inverted COVMAT with   2704 non-zero elements       

 ############################################################

    CALL MNFIT_DRIVER for ISN=    4   CID=PScB480464   NFITPAR=  9   iter=2

 ############################################################

  MINUIT RELEASE 96.03  INITIALIZED.   DIMENSIONS 100/110  EPSMAC=  0.89E-15
   Set MINUIT STRATEGY =            2
  
  ------------------------------------------------ 
    MNFIT_DRIVER: begin fit with MINIMIZE 
   MNFIT_DRIVER: MIGRAD returns IERR =            4
  ------------------------------------------------ 
  
    MNFIT_DRIVER: extract fit parameters with MNPOUT
   MNFIT_DRIVER: EXIT returns IERR =           11
       CID PScB480464  fitpar( 1):ITER           =  2.0000     +/-  0.000    (P)
       CID PScB480464  fitpar( 3):PKMJD          =   56341.460 +/- 0.3982E-03(P)
       CID PScB480464  fitpar( 4):STRETCH        = 0.97248     +/- 0.1382E-01(P)
       CID PScB480464  fitpar( 6):AV             = -.40121E-04 +/- 0.7123E-01(P)
       CID PScB480464  fitpar( 7):AVRV           = -.14779E-01 +/- 0.1429E-01(P)
       CID PScB480464  fitpar( 8):DLMAG          =  40.017     +/- 0.6272E-01(P)
  
  ######################################################## 
    FITPAR_PREP: Begin FIT-ITERATION  3 for CID PScB480464              
  ######################################################## 
  
    CID PScB480464 : FIT OBSERVER FILTERS grizJH
  
  ######################################################## 
    FITINI_COV: init fit arrays for CID=PScB480464 ITER=3       
  ######################################################## 
  
        52  Filter-epochs ACCEPTED for fit.
       141  Filter-epochs REJECTED for fit.
    PScB480464(ITER=3): Use full   52 x   52 Covariance matrix.                     
    PScB480464(ITER=3): Add covariance from Galactic extinction
    PScB480464(ITER=3): Inverted COVMAT with   2704 non-zero elements       
  
    CID=PScB480464 : g-band KCOR = K_Bg ; AVwarp from B-g   (OPT= 2)
    CID=PScB480464 : r-band KCOR = K_gr ; AVwarp from g-V   (OPT= 2)
    CID=PScB480464 : i-band KCOR = K_ri ; AVwarp from r-V   (OPT= 2)
    CID=PScB480464 : z-band KCOR = K_iz ; AVwarp from i-r   (OPT= 2)
    CID=PScB480464 : J-band KCOR = K_YJ ; AVwarp from Y-J   (OPT= 2)
    CID=PScB480464 : H-band KCOR = K_JH ; AVwarp from J-H   (OPT= 2)

 ############################################################

    CALL MNFIT_DRIVER for ISN=    4   CID=PScB480464   NFITPAR=  9   iter=3

 ############################################################

  MINUIT RELEASE 96.03  INITIALIZED.   DIMENSIONS 100/110  EPSMAC=  0.89E-15
   Set MINUIT STRATEGY =            2
  
  ------------------------------------------------ 
    MNFIT_DRIVER: begin fit with MINIMIZE 
   MNFIT_DRIVER: MIGRAD returns IERR =            4
  ------------------------------------------------ 
  
    MNFIT_DRIVER: extract fit parameters with MNPOUT
   MNFIT_DRIVER: EXIT returns IERR =           11
       CID PScB480464  fitpar( 1):ITER           =  3.0000     +/-  0.000    (P)
       CID PScB480464  fitpar( 3):PKMJD          =   56341.460 +/- 0.1108E-03(P)
       CID PScB480464  fitpar( 4):STRETCH        = 0.97247     +/- 0.1386E-01(P)
       CID PScB480464  fitpar( 6):AV             = -.21332E-04 +/- 0.7059E-01(P)
       CID PScB480464  fitpar( 7):AVRV           = -.14371E-01 +/- 0.1430E-01(P)
       CID PScB480464  fitpar( 8):DLMAG          =  40.016     +/- 0.6204E-01(P)
    Bad COV matrix (MNSTAT_COV= 1) -> repeat fit for CID=PScB480464  
  
  ######################################################## 
    FITPAR_PREP: Begin FIT-ITERATION  3 for CID PScB480464   (again)    
  ######################################################## 
  
    CID PScB480464 : FIT OBSERVER FILTERS grizJH
  
  ######################################################## 
    FITINI_COV: init fit arrays for CID=PScB480464 ITER=3       
  ######################################################## 
  
        52  Filter-epochs ACCEPTED for fit.
       141  Filter-epochs REJECTED for fit.
    PScB480464(ITER=3): Use full   52 x   52 Covariance matrix.                     
    PScB480464(ITER=3): Add covariance from Galactic extinction
    PScB480464(ITER=3): Inverted COVMAT with   2704 non-zero elements       
  
    CID=PScB480464 : g-band KCOR = K_Bg ; AVwarp from B-g   (OPT= 2)
    CID=PScB480464 : r-band KCOR = K_gr ; AVwarp from g-V   (OPT= 2)
    CID=PScB480464 : i-band KCOR = K_ri ; AVwarp from r-V   (OPT= 2)
    CID=PScB480464 : z-band KCOR = K_iz ; AVwarp from i-r   (OPT= 2)
    CID=PScB480464 : J-band KCOR = K_YJ ; AVwarp from Y-J   (OPT= 2)
    CID=PScB480464 : H-band KCOR = K_JH ; AVwarp from J-H   (OPT= 2)

 ############################################################

    CALL MNFIT_DRIVER for ISN=    4   CID=PScB480464   NFITPAR=  9   iter=3

 ############################################################

  MINUIT RELEASE 96.03  INITIALIZED.   DIMENSIONS 100/110  EPSMAC=  0.89E-15
   Set MINUIT STRATEGY =            2
  
  ------------------------------------------------ 
    MNFIT_DRIVER: begin fit with MINIMIZE 
 MINUIT WARNING IN MIGRAD  
 ============== Negative diagonal element  3 in Error Matrix
 MINUIT WARNING IN MIGRAD  
 ==============     0.10E+01 added to diagonal of error matrix
   MNFIT_DRIVER: MIGRAD returns IERR =            4
  ------------------------------------------------ 
  
    MNFIT_DRIVER: extract fit parameters with MNPOUT
   MNFIT_DRIVER: EXIT returns IERR =           11
       CID PScB480464  fitpar( 1):ITER           =  3.0000     +/-  0.000    (P)
       CID PScB480464  fitpar( 3):PKMJD          =   56341.460 +/- 0.3982E-03(?)
       CID PScB480464  fitpar( 4):STRETCH        = 0.97249     +/- 0.1386E-01(P)
       CID PScB480464  fitpar( 6):AV             = -.29924E-04 +/- 0.7087E-01(P)
       CID PScB480464  fitpar( 7):AVRV           = -.14379E-01 +/- 0.1431E-01(P)
       CID PScB480464  fitpar( 8):DLMAG          =  40.016     +/- 0.6226E-01(P)
  
  ######################################################## 
    FITANA_CUTS: APPLY FIT-CUTS TO SN PScB480464                
  ######################################################## 
  
                     PEAKMJD =  56341.461 PASSES CUT.                    
                    TobsMin =  -16.9     PASSES CUT.
                    TobsMax =   53.8     PASSES CUT.
                   Trestmin =  -13.8     PASSES CUT.
                   Trestmax =   44.1     PASSES CUT.
                    TGAPmax =   10.4     PASSES CUT.
                   T0GAPmax =   10.4     PASSES CUT.
           FITWIN_TREST(min) =  -13.8     PASSES CUT.                    
           FITWIN_TREST(max) =   44.1     PASSES CUT.                    
           FITWIN_TRESTRANGE =   58.0     PASSES CUT.                    
                      FITCOV              PASSES CUT.                    
                     FITPROB =  0.945E-14 PASSES CUT.                    
                 CHI2(SIGMA) =   0.00     PASSES CUT.                    
                NFILT_SNRMAX =    6       PASSES CUT.                    
               NFILT_SNRMAX2 =    6       PASSES CUT.                    
              NFILT_TRESTMIN =    6       PASSES CUT.                    
              NFILT_TRESTMAX =    6       PASSES CUT.                    
            MINOS ERROR EVALUATIONS   PASSES CUT.                        
    CID PScB480464  PASSES FIT-CUTS 

  
  ######################################################## 
    LC FIT SUMMARY for CID=PScB480464                           
  ######################################################## 
  
 Quantity          g          r          i          z          J          H
 --------------------------------------------------------------------------------
   NEPOCH         42         41         53         51          3          3
  NREJECT         31         30         41         39          0          0
     NDOF         11         11         12         12          3          3
     CHI2      10.55      23.65      30.06      18.38      46.64      33.96
     PROB       0.48       0.01       0.00       0.10       0.00       0.00
  PeakMag      20.50      20.52      20.68      21.22      22.11      22.29
  PeakErr       0.02       0.01       0.01       0.01       0.02       0.03
     XTMW       0.07       0.05       0.04       0.03       0.02       0.01
  XTMWerr       0.01       0.01       0.01       0.00       0.00       0.00
 --------------------------------------------------------------------------------
   Trest FIT RANGE(PScB480464):  -13.82 to   44.13   (relative to FIT-PEAKMJD)
   MJD   FIT RANGE(PScB480464): 56324.6 to 56395.3
   REST-PEAKMAGS(BVgriJYH) :   0.30  0.37  0.27  0.49  1.16  1.14  1.36  1.28  
   REST-PEAKERRS(BVgriJYH) :   0.06  0.06  0.06  0.06  0.05  0.03  0.04  0.02  
  
   MINUIT MINIMUM (PScB480464) returns TOTAL   CHI2/dof=  163.    / 47   PROB=0.00000
   MINUIT MINIMUM (PScB480464) returns DATA    CHI2/dof=  163.    / 47   PROB=0.00000
   MINUIT MINIMUM (PScB480464) returns PRIOR   CHI2/dof= 0.653E-02/  0   PROB=1.00000
  
	 MAKEDIR_ROOT : Created MONSN/SNPScB480464
         SNLCPAK: pack CID = PScB480464 for plotting.
	 CDTOPDIR_ROOT : return to top dir.
     Finished fitting CID = PScB480464
  
  *-*-*-*-*-*-*-*-*-*-*-*-*-*-*-*-*-*-*-*-*-*-*-*-*-*-*-*-*-*-*-*-*-*-*-*-*-*-
   Assign integer CID=     5 for PScB480794
     Done Reading CID PScB480794        NMJD(found,stored)= 181  181
       Analyze ISN=       5  for PScB480794      NMJD(stored,cuts)= 181-> 181
  
  ######################################################## 
    FITPAR_PREP: Begin FIT-ITERATION  1 for CID PScB480794              
  ######################################################## 
  
    CID PScB480794 : FIT OBSERVER FILTERS grizJH
  
  ######################################################## 
    FITINI_COV: init fit arrays for CID=PScB480794 ITER=1       
  ######################################################## 
  
       181  Filter-epochs ACCEPTED for fit.
         0  Filter-epochs REJECTED for fit.
    PScB480794(ITER=1): Use DIAGONAL Covariance elements only.
  
  ######################################################## 
    FITINI_ADJUST for CID=       5   (PScB480794)               
  ######################################################## 
  
   FCNSNLC(BEFORE FITINI_ADJUST)    returns   CHI2=    189.47/181
     Adjust PKMJD/AV=56349.102/ 0.010 ==> 56347.102/-0.050  (CHI2=    174.93)
   grizJH Data/Model flux-ratio :  0.995  0.981  1.053  1.016  1.036  0.987  
       DLMAG =   41.2     ==>   41.2    
   FCNSNLC(AFTER  FITINI_ADJUST)    returns   CHI2=    173.67/181

 ############################################################

    CALL MNFIT_DRIVER for ISN=    5   CID=PScB480794   NFITPAR=  9   iter=1

 ############################################################

  MINUIT RELEASE 96.03  INITIALIZED.   DIMENSIONS 100/110  EPSMAC=  0.89E-15
   Set MINUIT STRATEGY =            2
  
  ------------------------------------------------ 
    MNFIT_DRIVER: begin fit with MINIMIZE 
   MNFIT_DRIVER: MIGRAD returns IERR =            0
  ------------------------------------------------ 
  
    MNFIT_DRIVER: extract fit parameters with MNPOUT
   MNFIT_DRIVER: EXIT returns IERR =           11
       CID PScB480794  fitpar( 1):ITER           =  1.0000     +/-  0.000    (P)
       CID PScB480794  fitpar( 3):PKMJD          =   56347.193 +/- 0.4535    (P)
       CID PScB480794  fitpar( 4):STRETCH        =  1.3175     +/- 0.3718E-01(P)
       CID PScB480794  fitpar( 6):AV             = -.25788     +/- 0.1286    (P)
       CID PScB480794  fitpar( 7):AVRV           = -.52864E-01 +/- 0.4264E-01(P)
       CID PScB480794  fitpar( 8):DLMAG          =  41.435     +/- 0.1153    (P)
  
  ######################################################## 
    FITPAR_PREP: Begin FIT-ITERATION  2 for CID PScB480794              
  ######################################################## 
  
    CID PScB480794 : FIT OBSERVER FILTERS grizJH
  
  ######################################################## 
    FITINI_COV: init fit arrays for CID=PScB480794 ITER=2       
  ######################################################## 
  
        51  Filter-epochs ACCEPTED for fit.
       130  Filter-epochs REJECTED for fit.
    PScB480794(ITER=2): Use full   51 x   51 Covariance matrix.                     
    PScB480794(ITER=2): Add covariance from Galactic extinction
    PScB480794(ITER=2): Inverted COVMAT with   2601 non-zero elements       

 ############################################################

    CALL MNFIT_DRIVER for ISN=    5   CID=PScB480794   NFITPAR=  9   iter=2

 ############################################################

  MINUIT RELEASE 96.03  INITIALIZED.   DIMENSIONS 100/110  EPSMAC=  0.89E-15
   Set MINUIT STRATEGY =            2
  
  ------------------------------------------------ 
    MNFIT_DRIVER: begin fit with MINIMIZE 
   MNFIT_DRIVER: MIGRAD returns IERR =            0
  ------------------------------------------------ 
  
    MNFIT_DRIVER: extract fit parameters with MNPOUT
   MNFIT_DRIVER: EXIT returns IERR =           11
       CID PScB480794  fitpar( 1):ITER           =  2.0000     +/-  0.000    (P)
       CID PScB480794  fitpar( 3):PKMJD          =   56347.215 +/- 0.3740    (P)
       CID PScB480794  fitpar( 4):STRETCH        =  1.3037     +/- 0.3271E-01(P)
       CID PScB480794  fitpar( 6):AV             = -.24218     +/- 0.1219    (P)
       CID PScB480794  fitpar( 7):AVRV           = -.44244E-01 +/- 0.3847E-01(P)
       CID PScB480794  fitpar( 8):DLMAG          =  41.424     +/- 0.1090    (P)
  
  ######################################################## 
    FITPAR_PREP: Begin FIT-ITERATION  3 for CID PScB480794              
  ######################################################## 
  
    CID PScB480794 : FIT OBSERVER FILTERS grizJH
  
  ######################################################## 
    FITINI_COV: init fit arrays for CID=PScB480794 ITER=3       
  ######################################################## 
  
        51  Filter-epochs ACCEPTED for fit.
       130  Filter-epochs REJECTED for fit.
    PScB480794(ITER=3): Use full   51 x   51 Covariance matrix.                     
    PScB480794(ITER=3): Add covariance from Galactic extinction
    PScB480794(ITER=3): Inverted COVMAT with   2601 non-zero elements       
  
    CID=PScB480794 : g-band KCOR = K_Bg ; AVwarp from B-g   (OPT= 2)
    CID=PScB480794 : r-band KCOR = K_gr ; AVwarp from g-B   (OPT= 2)
    CID=PScB480794 : i-band KCOR = K_ri ; AVwarp from r-V   (OPT= 2)
    CID=PScB480794 : z-band KCOR = K_rz ; AVwarp from r-i   (OPT= 2)
    CID=PScB480794 : J-band KCOR = K_YJ ; AVwarp from Y-i   (OPT= 2)
    CID=PScB480794 : H-band KCOR = K_JH ; AVwarp from J-Y   (OPT= 2)

 ############################################################

    CALL MNFIT_DRIVER for ISN=    5   CID=PScB480794   NFITPAR=  9   iter=3

 ############################################################

  MINUIT RELEASE 96.03  INITIALIZED.   DIMENSIONS 100/110  EPSMAC=  0.89E-15
   Set MINUIT STRATEGY =            2
  
  ------------------------------------------------ 
    MNFIT_DRIVER: begin fit with MINIMIZE 
   MNFIT_DRIVER: MIGRAD returns IERR =            0
  ------------------------------------------------ 
  
    MNFIT_DRIVER: extract fit parameters with MNPOUT
   MNFIT_DRIVER: EXIT returns IERR =           11
       CID PScB480794  fitpar( 1):ITER           =  3.0000     +/-  0.000    (P)
       CID PScB480794  fitpar( 3):PKMJD          =   56347.221 +/- 0.3732    (P)
       CID PScB480794  fitpar( 4):STRETCH        =  1.3029     +/- 0.3266E-01(P)
       CID PScB480794  fitpar( 6):AV             = -.24189     +/- 0.1219    (P)
       CID PScB480794  fitpar( 7):AVRV           = -.43420E-01 +/- 0.3843E-01(P)
       CID PScB480794  fitpar( 8):DLMAG          =  41.424     +/- 0.1090    (P)
  
  ######################################################## 
    FITANA_CUTS: APPLY FIT-CUTS TO SN PScB480794                
  ######################################################## 
  
                     PEAKMJD =  56347.223 PASSES CUT.                    
                    TobsMin =  -18.7     PASSES CUT.
                    TobsMax =   53.1     PASSES CUT.
                   Trestmin =  -14.0     PASSES CUT.
                   Trestmax =   39.8     PASSES CUT.
                    TGAPmax =   8.32     PASSES CUT.
                   T0GAPmax =   8.32     PASSES CUT.
           FITWIN_TREST(min) =  -14.0     PASSES CUT.                    
           FITWIN_TREST(max) =   39.8     PASSES CUT.                    
           FITWIN_TRESTRANGE =   53.8     PASSES CUT.                    
                      FITCOV              PASSES CUT.                    
                     FITPROB =  0.811     PASSES CUT.                    
                 CHI2(SIGMA) =   0.00     PASSES CUT.                    
                NFILT_SNRMAX =    6       PASSES CUT.                    
               NFILT_SNRMAX2 =    6       PASSES CUT.                    
              NFILT_TRESTMIN =    6       PASSES CUT.                    
              NFILT_TRESTMAX =    6       PASSES CUT.                    
            MINOS ERROR EVALUATIONS   PASSES CUT.                        
    CID PScB480794  PASSES FIT-CUTS 

  
  ######################################################## 
    LC FIT SUMMARY for CID=PScB480794                           
  ######################################################## 
  
 Quantity          g          r          i          z          J          H
 --------------------------------------------------------------------------------
   NEPOCH         42         38         49         46          3          3
  NREJECT         33         28         37         32          0          0
     NDOF          9         10         12         14          3          3
     CHI2       3.79       9.86       9.21      10.37       2.09       2.14
     PROB       0.92       0.45       0.68       0.73       0.55       0.54
  PeakMag      21.95      21.52      21.62      21.85      22.74      23.17
  PeakErr       0.04       0.02       0.03       0.03       0.03       0.04
     XTMW       0.06       0.04       0.03       0.03       0.01       0.01
  XTMWerr       0.01       0.01       0.01       0.00       0.00       0.00
 --------------------------------------------------------------------------------
   Trest FIT RANGE(PScB480794):  -14.03 to   39.78   (relative to FIT-PEAKMJD)
   MJD   FIT RANGE(PScB480794): 56328.5 to 56400.3
   REST-PEAKMAGS(BVgriJYH) :   0.11  0.07  0.01  0.26  0.85  0.79  1.01  0.99  
   REST-PEAKERRS(BVgriJYH) :   0.09  0.10  0.10  0.10  0.10  0.07  0.07  0.05  
  
   MINUIT MINIMUM (PScB480794) returns TOTAL   CHI2/dof=  37.5    / 46   PROB=0.81096
   MINUIT MINIMUM (PScB480794) returns DATA    CHI2/dof=  37.5    / 46   PROB=0.81124
   MINUIT MINIMUM (PScB480794) returns PRIOR   CHI2/dof= 0.873E-02/  0   PROB=1.00000
  
	 MAKEDIR_ROOT : Created MONSN/SNPScB480794
         SNLCPAK: pack CID = PScB480794 for plotting.
	 CDTOPDIR_ROOT : return to top dir.
     Finished fitting CID = PScB480794
  
  *-*-*-*-*-*-*-*-*-*-*-*-*-*-*-*-*-*-*-*-*-*-*-*-*-*-*-*-*-*-*-*-*-*-*-*-*-*-
   Assign integer CID=     6 for PScC490037
     Done Reading CID PScC490037        NMJD(found,stored)= 177  177
       Analyze ISN=       6  for PScC490037      NMJD(stored,cuts)= 177-> 177
  
  ######################################################## 
    FITPAR_PREP: Begin FIT-ITERATION  1 for CID PScC490037              
  ######################################################## 
  
    CID PScC490037 : FIT OBSERVER FILTERS grizJH
  
  ######################################################## 
    FITINI_COV: init fit arrays for CID=PScC490037 ITER=1       
  ######################################################## 
  
       177  Filter-epochs ACCEPTED for fit.
         0  Filter-epochs REJECTED for fit.
    PScC490037(ITER=1): Use DIAGONAL Covariance elements only.
  
  ######################################################## 
    FITINI_ADJUST for CID=       6   (PScC490037)               
  ######################################################## 
  
   FCNSNLC(BEFORE FITINI_ADJUST)    returns   CHI2=    179.98/177
     Adjust PKMJD/AV=56369.801/ 0.010 ==> 56369.801/-0.100  (CHI2=    165.78)
   grizJH Data/Model flux-ratio :  1.163  0.954  0.992  0.981  1.097  0.889  
       DLMAG =   41.8     ==>   41.8    
   FCNSNLC(AFTER  FITINI_ADJUST)    returns   CHI2=    165.86/177

 ############################################################

    CALL MNFIT_DRIVER for ISN=    6   CID=PScC490037   NFITPAR=  9   iter=1

 ############################################################

  MINUIT RELEASE 96.03  INITIALIZED.   DIMENSIONS 100/110  EPSMAC=  0.89E-15
   Set MINUIT STRATEGY =            2
  
  ------------------------------------------------ 
    MNFIT_DRIVER: begin fit with MINIMIZE 
   MNFIT_DRIVER: MIGRAD returns IERR =            0
  ------------------------------------------------ 
  
    MNFIT_DRIVER: extract fit parameters with MNPOUT
   MNFIT_DRIVER: EXIT returns IERR =           11
       CID PScC490037  fitpar( 1):ITER           =  1.0000     +/-  0.000    (P)
       CID PScC490037  fitpar( 3):PKMJD          =   56369.675 +/- 0.1005    (P)
       CID PScC490037  fitpar( 4):STRETCH        = 0.97232     +/- 0.1611E-02(P)
       CID PScC490037  fitpar( 6):AV             = -.17427     +/- 0.2098    (P)
       CID PScC490037  fitpar( 7):AVRV           = 0.24563E-01 +/- 0.4985E-01(P)
       CID PScC490037  fitpar( 8):DLMAG          =  41.746     +/- 0.1818    (P)
  
  ######################################################## 
    FITPAR_PREP: Begin FIT-ITERATION  2 for CID PScC490037              
  ######################################################## 
  
    CID PScC490037 : FIT OBSERVER FILTERS grizJH
  
  ######################################################## 
    FITINI_COV: init fit arrays for CID=PScC490037 ITER=2       
  ######################################################## 
  
        48  Filter-epochs ACCEPTED for fit.
       129  Filter-epochs REJECTED for fit.
    PScC490037(ITER=2): Use full   48 x   48 Covariance matrix.                     
    PScC490037(ITER=2): Add covariance from Galactic extinction
    PScC490037(ITER=2): Inverted COVMAT with   2304 non-zero elements       

 ############################################################

    CALL MNFIT_DRIVER for ISN=    6   CID=PScC490037   NFITPAR=  9   iter=2

 ############################################################

  MINUIT RELEASE 96.03  INITIALIZED.   DIMENSIONS 100/110  EPSMAC=  0.89E-15
   Set MINUIT STRATEGY =            2
  
  ------------------------------------------------ 
    MNFIT_DRIVER: begin fit with MINIMIZE 
   MNFIT_DRIVER: MIGRAD returns IERR =            0
  ------------------------------------------------ 
  
    MNFIT_DRIVER: extract fit parameters with MNPOUT
   MNFIT_DRIVER: EXIT returns IERR =           11
       CID PScC490037  fitpar( 1):ITER           =  2.0000     +/-  0.000    (P)
       CID PScC490037  fitpar( 3):PKMJD          =   56369.665 +/- 0.4042    (P)
       CID PScC490037  fitpar( 4):STRETCH        = 0.97562     +/- 0.4885E-01(P)
       CID PScC490037  fitpar( 6):AV             = -.16993     +/- 0.1982    (P)
       CID PScC490037  fitpar( 7):AVRV           = 0.27421E-01 +/- 0.4934E-01(P)
       CID PScC490037  fitpar( 8):DLMAG          =  41.747     +/- 0.1759    (P)
  
  ######################################################## 
    FITPAR_PREP: Begin FIT-ITERATION  3 for CID PScC490037              
  ######################################################## 
  
    CID PScC490037 : FIT OBSERVER FILTERS grizJH
  
  ######################################################## 
    FITINI_COV: init fit arrays for CID=PScC490037 ITER=3       
  ######################################################## 
  
        48  Filter-epochs ACCEPTED for fit.
       129  Filter-epochs REJECTED for fit.
    PScC490037(ITER=3): Use full   48 x   48 Covariance matrix.                     
    PScC490037(ITER=3): Add covariance from Galactic extinction
    PScC490037(ITER=3): Inverted COVMAT with   2304 non-zero elements       
  
    CID=PScC490037 : g-band KCOR = K_Bg ; AVwarp from B-g   (OPT= 2)
    CID=PScC490037 : r-band KCOR = K_Br ; AVwarp from B-g   (OPT= 2)
    CID=PScC490037 : i-band KCOR = K_gi ; AVwarp from g-V   (OPT= 2)
    CID=PScC490037 : z-band KCOR = K_rz ; AVwarp from r-V   (OPT= 2)
    CID=PScC490037 : J-band KCOR = K_iJ ; AVwarp from i-Y   (OPT= 2)
    CID=PScC490037 : H-band KCOR = K_YH ; AVwarp from Y-J   (OPT= 2)

 ############################################################

    CALL MNFIT_DRIVER for ISN=    6   CID=PScC490037   NFITPAR=  9   iter=3

 ############################################################

  MINUIT RELEASE 96.03  INITIALIZED.   DIMENSIONS 100/110  EPSMAC=  0.89E-15
   Set MINUIT STRATEGY =            2
  
  ------------------------------------------------ 
    MNFIT_DRIVER: begin fit with MINIMIZE 
   MNFIT_DRIVER: MIGRAD returns IERR =            0
  ------------------------------------------------ 
  
    MNFIT_DRIVER: extract fit parameters with MNPOUT
   MNFIT_DRIVER: EXIT returns IERR =           11
       CID PScC490037  fitpar( 1):ITER           =  3.0000     +/-  0.000    (P)
       CID PScC490037  fitpar( 3):PKMJD          =   56369.668 +/- 0.4051    (P)
       CID PScC490037  fitpar( 4):STRETCH        = 0.97550     +/- 0.4888E-01(P)
       CID PScC490037  fitpar( 6):AV             = -.17031     +/- 0.1982    (P)
       CID PScC490037  fitpar( 7):AVRV           = 0.27334E-01 +/- 0.4933E-01(P)
       CID PScC490037  fitpar( 8):DLMAG          =  41.747     +/- 0.1759    (P)
  
  ######################################################## 
    FITANA_CUTS: APPLY FIT-CUTS TO SN PScC490037                
  ######################################################## 
  
                     PEAKMJD =  56369.668 PASSES CUT.                    
                    TobsMin =  -17.2     PASSES CUT.
                    TobsMax =   53.6     PASSES CUT.
                   Trestmin =  -12.1     PASSES CUT.
                   Trestmax =   37.7     PASSES CUT.
                    TGAPmax =   7.03     PASSES CUT.
                   T0GAPmax =   7.03     PASSES CUT.
           FITWIN_TREST(min) =  -12.1     PASSES CUT.                    
           FITWIN_TREST(max) =   37.7     PASSES CUT.                    
           FITWIN_TRESTRANGE =   49.8     PASSES CUT.                    
                      FITCOV              PASSES CUT.                    
                     FITPROB =  0.653     PASSES CUT.                    
                 CHI2(SIGMA) =   0.00     PASSES CUT.                    
                NFILT_SNRMAX =    6       PASSES CUT.                    
               NFILT_SNRMAX2 =    6       PASSES CUT.                    
              NFILT_TRESTMIN =    6       PASSES CUT.                    
              NFILT_TRESTMAX =    6       PASSES CUT.                    
            MINOS ERROR EVALUATIONS   PASSES CUT.                        
    CID PScC490037  PASSES FIT-CUTS 

  
  ######################################################## 
    LC FIT SUMMARY for CID=PScC490037                           
  ######################################################## 
  
 Quantity          g          r          i          z          J          H
 --------------------------------------------------------------------------------
   NEPOCH         41         39         44         47          3          3
  NREJECT         35         31         29         34          0          0
     NDOF          6          8         15         13          3          3
     CHI2       7.67       3.77       9.71      13.38       2.20       2.09
     PROB       0.26       0.88       0.84       0.42       0.53       0.55
  PeakMag      22.56      21.77      21.96      22.06      23.05      23.66
  PeakErr       0.09       0.06       0.04       0.05       0.05       0.06
     XTMW       0.07       0.05       0.04       0.03       0.02       0.01
  XTMWerr       0.01       0.01       0.01       0.00       0.00       0.00
 --------------------------------------------------------------------------------
   Trest FIT RANGE(PScC490037):  -12.07 to   37.72   (relative to FIT-PEAKMJD)
   MJD   FIT RANGE(PScC490037): 56352.5 to 56423.3
   REST-PEAKMAGS(BVgriJYH) :   0.16  0.20  0.12  0.32  1.00  1.05  1.24  1.22  
   REST-PEAKERRS(BVgriJYH) :   0.15  0.16  0.15  0.16  0.15  0.09  0.11  0.06  
  
   MINUIT MINIMUM (PScC490037) returns TOTAL   CHI2/dof=  38.8    / 43   PROB=0.65293
   MINUIT MINIMUM (PScC490037) returns DATA    CHI2/dof=  38.8    / 43   PROB=0.65327
   MINUIT MINIMUM (PScC490037) returns PRIOR   CHI2/dof= 0.796E-02/  0   PROB=1.00000
  
	 MAKEDIR_ROOT : Created MONSN/SNPScC490037
         SNLCPAK: pack CID = PScC490037 for plotting.
	 CDTOPDIR_ROOT : return to top dir.
     Finished fitting CID = PScC490037
  
  *-*-*-*-*-*-*-*-*-*-*-*-*-*-*-*-*-*-*-*-*-*-*-*-*-*-*-*-*-*-*-*-*-*-*-*-*-*-
   Assign integer CID=     7 for PScC490521
     Done Reading CID PScC490521        NMJD(found,stored)= 194  194

    *** DUPLICATE MJD WARNING *** CID=PScC490521   MJD=55179.600   BAND=r   FIELD=VOID  

       Analyze ISN=       7  for PScC490521      NMJD(stored,cuts)= 194-> 194
  
  ######################################################## 
    FITPAR_PREP: Begin FIT-ITERATION  1 for CID PScC490521              
  ######################################################## 
  
    CID PScC490521 : FIT OBSERVER FILTERS grizJH
  
  ######################################################## 
    FITINI_COV: init fit arrays for CID=PScC490521 ITER=1       
  ######################################################## 
  
       194  Filter-epochs ACCEPTED for fit.
         0  Filter-epochs REJECTED for fit.
    PScC490521(ITER=1): Use DIAGONAL Covariance elements only.
  
  ######################################################## 
    FITINI_ADJUST for CID=       7   (PScC490521)               
  ######################################################## 
  
   FCNSNLC(BEFORE FITINI_ADJUST)    returns   CHI2=    989.49/194
     Adjust PKMJD/AV=56368.801/ 0.010 ==> 56370.801/ 0.550  (CHI2=    421.66)
   grizJH Data/Model flux-ratio :  0.512  0.657  0.975  1.213  1.748  1.450  
       DLMAG =   41.3     ==>   41.2    
   FCNSNLC(AFTER  FITINI_ADJUST)    returns   CHI2=    407.15/194

 ############################################################

    CALL MNFIT_DRIVER for ISN=    7   CID=PScC490521   NFITPAR=  9   iter=1

 ############################################################

  MINUIT RELEASE 96.03  INITIALIZED.   DIMENSIONS 100/110  EPSMAC=  0.89E-15
   Set MINUIT STRATEGY =            2
  
  ------------------------------------------------ 
    MNFIT_DRIVER: begin fit with MINIMIZE 
 MINUIT WARNING IN HESSE   
 ============== Negative diagonal element  1 in Error Matrix
 MINUIT WARNING IN HESSE   
 ============== Negative diagonal element  2 in Error Matrix
 MINUIT WARNING IN HESSE   
 ==============     0.57E+08 added to diagonal of error matrix
 EIGENVALUES OF SECOND-DERIVATIVE MATRIX:
        -0.1369E+03  0.9790E+00  0.9987E+00  0.1025E+01  0.1389E+03
 MINUIT WARNING IN HESSE   
 ============== MATRIX FORCED POS-DEF BY ADDING   137.01     TO DIAGONAL.
 MINUIT WARNING IN HESSE   
 ============== Negative diagonal element  1 in Error Matrix
 MINUIT WARNING IN HESSE   
 ==============     0.19E+07 added to diagonal of error matrix
 EIGENVALUES OF SECOND-DERIVATIVE MATRIX:
        -0.5586E+03  0.5596E+00  0.9656E+00  0.1313E+01  0.5608E+03
 MINUIT WARNING IN HESSE   
 ============== MATRIX FORCED POS-DEF BY ADDING   559.18     TO DIAGONAL.
 MINUIT WARNING IN MIGRAD  
 ============== Negative diagonal element  1 in Error Matrix
 MINUIT WARNING IN MIGRAD  
 ============== Negative diagonal element  2 in Error Matrix
 MINUIT WARNING IN MIGRAD  
 ============== Negative diagonal element  3 in Error Matrix
 MINUIT WARNING IN MIGRAD  
 ==============     0.10E+01 added to diagonal of error matrix
   MNFIT_DRIVER: MIGRAD returns IERR =            4
  ------------------------------------------------ 
  
    MNFIT_DRIVER: extract fit parameters with MNPOUT
   MNFIT_DRIVER: EXIT returns IERR =           11
       CID PScC490521  fitpar( 1):ITER           =  1.0000     +/-  0.000    (P)
       CID PScC490521  fitpar( 3):PKMJD          =   56369.368 +/- 0.2103    (P)
       CID PScC490521  fitpar( 4):STRETCH        =  1.1708     +/- 0.1725E-02(P)
       CID PScC490521  fitpar( 6):AV             =  1.3178     +/- 0.1811    (P)
       CID PScC490521  fitpar( 7):AVRV           = 0.50713     +/- 0.8121E-01(P)
       CID PScC490521  fitpar( 8):DLMAG          =  40.522     +/- 0.1568    (P)
  
  ######################################################## 
    FITPAR_PREP: Begin FIT-ITERATION  2 for CID PScC490521              
  ######################################################## 
  
    CID PScC490521 : FIT OBSERVER FILTERS grizJH
  
  ######################################################## 
    FITINI_COV: init fit arrays for CID=PScC490521 ITER=2       
  ######################################################## 
  
        50  Filter-epochs ACCEPTED for fit.
       144  Filter-epochs REJECTED for fit.
    PScC490521(ITER=2): Use full   50 x   50 Covariance matrix.                     
    PScC490521(ITER=2): Add covariance from Galactic extinction
    PScC490521(ITER=2): Inverted COVMAT with   2500 non-zero elements       

 ############################################################

    CALL MNFIT_DRIVER for ISN=    7   CID=PScC490521   NFITPAR=  9   iter=2

 ############################################################

  MINUIT RELEASE 96.03  INITIALIZED.   DIMENSIONS 100/110  EPSMAC=  0.89E-15
   Set MINUIT STRATEGY =            2
  
  ------------------------------------------------ 
    MNFIT_DRIVER: begin fit with MINIMIZE 
   MNFIT_DRIVER: MIGRAD returns IERR =            4
  ------------------------------------------------ 
  
    MNFIT_DRIVER: extract fit parameters with MNPOUT
   MNFIT_DRIVER: EXIT returns IERR =           11
       CID PScC490521  fitpar( 1):ITER           =  2.0000     +/-  0.000    (P)
       CID PScC490521  fitpar( 3):PKMJD          =   56368.501 +/- 0.5298    (P)
       CID PScC490521  fitpar( 4):STRETCH        =  1.1708     +/- 0.2226E-02(P)
       CID PScC490521  fitpar( 6):AV             =  1.1859     +/- 0.1780    (P)
       CID PScC490521  fitpar( 7):AVRV           = 0.54713     +/- 0.8298E-01(P)
       CID PScC490521  fitpar( 8):DLMAG          =  40.638     +/- 0.1536    (P)
  
  ######################################################## 
    FITPAR_PREP: Begin FIT-ITERATION  3 for CID PScC490521              
  ######################################################## 
  
    CID PScC490521 : FIT OBSERVER FILTERS grizJH
  
  ######################################################## 
    FITINI_COV: init fit arrays for CID=PScC490521 ITER=3       
  ######################################################## 
  
        50  Filter-epochs ACCEPTED for fit.
       144  Filter-epochs REJECTED for fit.
    PScC490521(ITER=3): Use full   50 x   50 Covariance matrix.                     
    PScC490521(ITER=3): Add covariance from Galactic extinction
    PScC490521(ITER=3): Inverted COVMAT with   2500 non-zero elements       
  
    CID=PScC490521 : g-band KCOR = K_Bg ; AVwarp from B-g   (OPT= 2)
    CID=PScC490521 : r-band KCOR = K_gr ; AVwarp from g-B   (OPT= 2)
    CID=PScC490521 : i-band KCOR = K_Vi ; AVwarp from V-r   (OPT= 2)
    CID=PScC490521 : z-band KCOR = K_rz ; AVwarp from r-i   (OPT= 2)
    CID=PScC490521 : J-band KCOR = K_YJ ; AVwarp from Y-i   (OPT= 2)
    CID=PScC490521 : H-band KCOR = K_JH ; AVwarp from J-Y   (OPT= 2)

 ############################################################

    CALL MNFIT_DRIVER for ISN=    7   CID=PScC490521   NFITPAR=  9   iter=3

 ############################################################

  MINUIT RELEASE 96.03  INITIALIZED.   DIMENSIONS 100/110  EPSMAC=  0.89E-15
   Set MINUIT STRATEGY =            2
  
  ------------------------------------------------ 
    MNFIT_DRIVER: begin fit with MINIMIZE 
   MNFIT_DRIVER: MIGRAD returns IERR =            0
  ------------------------------------------------ 
  
    MNFIT_DRIVER: extract fit parameters with MNPOUT
   MNFIT_DRIVER: EXIT returns IERR =           11
       CID PScC490521  fitpar( 1):ITER           =  3.0000     +/-  0.000    (P)
       CID PScC490521  fitpar( 3):PKMJD          =   56369.238 +/- 0.7127    (P)
       CID PScC490521  fitpar( 4):STRETCH        =  1.1754     +/- 0.1185E-03(P)
       CID PScC490521  fitpar( 6):AV             =  1.3373     +/- 0.1691    (P)
       CID PScC490521  fitpar( 7):AVRV           = 0.48944     +/- 0.8138E-01(P)
       CID PScC490521  fitpar( 8):DLMAG          =  40.529     +/- 0.1467    (P)
  
  ######################################################## 
    FITANA_CUTS: APPLY FIT-CUTS TO SN PScC490521                
  ######################################################## 
  
                     PEAKMJD =  56369.238 PASSES CUT.                    
                    TobsMin =  -17.8     PASSES CUT.
                    TobsMax =   54.1     PASSES CUT.
                   Trestmin =  -13.3     PASSES CUT.
                   Trestmax =   40.3     PASSES CUT.
                    TGAPmax =   8.28     PASSES CUT.
                   T0GAPmax =   8.28     PASSES CUT.
           FITWIN_TREST(min) =  -13.3     PASSES CUT.                    
           FITWIN_TREST(max) =   40.3     PASSES CUT.                    
           FITWIN_TRESTRANGE =   53.7     PASSES CUT.                    
                      FITCOV              PASSES CUT.                    
                     FITPROB =  0.121     PASSES CUT.                    
                 CHI2(SIGMA) =   0.00     PASSES CUT.                    
                NFILT_SNRMAX =    6       PASSES CUT.                    
               NFILT_SNRMAX2 =    6       PASSES CUT.                    
              NFILT_TRESTMIN =    6       PASSES CUT.                    
              NFILT_TRESTMAX =    6       PASSES CUT.                    
            MINOS ERROR EVALUATIONS   PASSES CUT.                        
    CID PScC490521  PASSES FIT-CUTS 

  
  ######################################################## 
    LC FIT SUMMARY for CID=PScC490521                           
  ######################################################## 
  
 Quantity          g          r          i          z          J          H
 --------------------------------------------------------------------------------
   NEPOCH         39         49         50         50          3          3
  NREJECT         32         41         35         36          0          0
     NDOF          7          8         15         14          3          3
     CHI2       3.35       6.84      14.14       6.97      10.16      10.18
     PROB       0.85       0.55       0.52       0.94       0.02       0.02
  PeakMag      23.29      22.56      22.21      22.23      22.63      22.89
  PeakErr       0.11       0.06       0.03       0.04       0.03       0.05
     XTMW       0.07       0.05       0.04       0.03       0.02       0.01
  XTMWerr       0.01       0.01       0.01       0.01       0.00       0.00
 --------------------------------------------------------------------------------
   Trest FIT RANGE(PScC490521):  -13.31 to   40.34   (relative to FIT-PEAKMJD)
   MJD   FIT RANGE(PScC490521): 56351.4 to 56423.3
   REST-PEAKMAGS(BVgriJYH) :   2.11  1.67  1.90  1.58  1.94  1.38  1.67  1.38  
   REST-PEAKERRS(BVgriJYH) :   0.11  0.14  0.12  0.15  0.14  0.09  0.11  0.06  
  
   MINUIT MINIMUM (PScC490521) returns TOTAL   CHI2/dof=  57.4    / 46   PROB=0.12112
   MINUIT MINIMUM (PScC490521) returns DATA    CHI2/dof=  57.3    / 45   PROB=0.10249
   MINUIT MINIMUM (PScC490521) returns PRIOR   CHI2/dof= 0.372E-01/  1   PROB=0.84705
  
	 MAKEDIR_ROOT : Created MONSN/SNPScC490521
         SNLCPAK: pack CID = PScC490521 for plotting.
	 CDTOPDIR_ROOT : return to top dir.
     Finished fitting CID = PScC490521
  
  *-*-*-*-*-*-*-*-*-*-*-*-*-*-*-*-*-*-*-*-*-*-*-*-*-*-*-*-*-*-*-*-*-*-*-*-*-*-
   Assign integer CID=     8 for PScD500100
     Done Reading CID PScD500100        NMJD(found,stored)= 216  216
       Analyze ISN=       8  for PScD500100      NMJD(stored,cuts)= 216-> 216
  
  ######################################################## 
    FITPAR_PREP: Begin FIT-ITERATION  1 for CID PScD500100              
  ######################################################## 
  
    CID PScD500100 : FIT OBSERVER FILTERS grizJH
  
  ######################################################## 
    FITINI_COV: init fit arrays for CID=PScD500100 ITER=1       
  ######################################################## 
  
       216  Filter-epochs ACCEPTED for fit.
         0  Filter-epochs REJECTED for fit.
    PScD500100(ITER=1): Use DIAGONAL Covariance elements only.
  
  ######################################################## 
    FITINI_ADJUST for CID=       8   (PScD500100)               
  ######################################################## 
  
   FCNSNLC(BEFORE FITINI_ADJUST)    returns   CHI2=    501.30/216
     Adjust PKMJD/AV=56391.801/ 0.010 ==> 56389.801/ 0.200  (CHI2=    278.00)
   grizJH Data/Model flux-ratio :  1.042  0.949  0.920  0.975  1.300  0.920  
       DLMAG =   41.0     ==>   41.0    
   FCNSNLC(AFTER  FITINI_ADJUST)    returns   CHI2=    278.01/216

 ############################################################

    CALL MNFIT_DRIVER for ISN=    8   CID=PScD500100   NFITPAR=  9   iter=1

 ############################################################

  MINUIT RELEASE 96.03  INITIALIZED.   DIMENSIONS 100/110  EPSMAC=  0.89E-15
   Set MINUIT STRATEGY =            2
  
  ------------------------------------------------ 
    MNFIT_DRIVER: begin fit with MINIMIZE 
 MINUIT WARNING IN HESSE   
 ============== Negative diagonal element  1 in Error Matrix
 MINUIT WARNING IN HESSE   
 ============== Negative diagonal element  2 in Error Matrix
 MINUIT WARNING IN HESSE   
 ==============     0.29E+07 added to diagonal of error matrix
 EIGENVALUES OF SECOND-DERIVATIVE MATRIX:
        -0.7349E+03  0.9090E+00  0.9841E+00  0.1227E+01  0.7368E+03
 MINUIT WARNING IN HESSE   
 ============== MATRIX FORCED POS-DEF BY ADDING   735.64     TO DIAGONAL.
 EIGENVALUES OF SECOND-DERIVATIVE MATRIX:
        -0.2700E-02  0.7332E-01  0.6416E+00  0.1711E+01  0.2577E+01
 MINUIT WARNING IN HESSE   
 ============== MATRIX FORCED POS-DEF BY ADDING  0.52768E-02 TO DIAGONAL.
 MINUIT WARNING IN MIGRAD  
 ============== Negative diagonal element  2 in Error Matrix
 MINUIT WARNING IN MIGRAD  
 ==============     0.10E+01 added to diagonal of error matrix
 MINUIT WARNING IN MIGRAD  
 ============== Negative diagonal element  2 in Error Matrix
 MINUIT WARNING IN MIGRAD  
 ==============     0.10E+01 added to diagonal of error matrix
   MNFIT_DRIVER: MIGRAD returns IERR =            4
  ------------------------------------------------ 
  
    MNFIT_DRIVER: extract fit parameters with MNPOUT
   MNFIT_DRIVER: EXIT returns IERR =           11
       CID PScD500100  fitpar( 1):ITER           =  1.0000     +/-  0.000    (P)
       CID PScD500100  fitpar( 3):PKMJD          =   56391.842 +/-  84.09    (P)
       CID PScD500100  fitpar( 4):STRETCH        = 0.87175     +/- 0.3917    (P)
       CID PScD500100  fitpar( 6):AV             = 0.74070     +/-  3.182    (P)
       CID PScD500100  fitpar( 7):AVRV           = 0.10984E-03 +/- 0.1000    (?)
       CID PScD500100  fitpar( 8):DLMAG          =  40.344     +/-  3.560    (P)
  
  ######################################################## 
    FITPAR_PREP: Begin FIT-ITERATION  2 for CID PScD500100              
  ######################################################## 
  
    CID PScD500100 : FIT OBSERVER FILTERS grizJH
  
  ######################################################## 
    FITINI_COV: init fit arrays for CID=PScD500100 ITER=2       
  ######################################################## 
  
        33  Filter-epochs ACCEPTED for fit.
       183  Filter-epochs REJECTED for fit.
    PScD500100(ITER=2): Use full   33 x   33 Covariance matrix.                     
    PScD500100(ITER=2): Add covariance from Galactic extinction
    PScD500100(ITER=2): Inverted COVMAT with   1089 non-zero elements       

 ############################################################

    CALL MNFIT_DRIVER for ISN=    8   CID=PScD500100   NFITPAR=  9   iter=2

 ############################################################

  MINUIT RELEASE 96.03  INITIALIZED.   DIMENSIONS 100/110  EPSMAC=  0.89E-15
 MINUIT WARNING IN PARAMETR
 ============== VARIABLE   6 BROUGHT BACK INSIDE LIMITS.  
   Set MINUIT STRATEGY =            2
  
  ------------------------------------------------ 
    MNFIT_DRIVER: begin fit with MINIMIZE 
 MINUIT WARNING IN HESSE   
 ============== Negative diagonal element  4 in Error Matrix
 MINUIT WARNING IN HESSE   
 ==============     0.32E+08 added to diagonal of error matrix
 EIGENVALUES OF SECOND-DERIVATIVE MATRIX:
        -0.1108E+03  0.9864E+00  0.9995E+00  0.1007E+01  0.1128E+03
 MINUIT WARNING IN HESSE   
 ============== MATRIX FORCED POS-DEF BY ADDING   110.87     TO DIAGONAL.
   MNFIT_DRIVER: MIGRAD returns IERR =            4
  ------------------------------------------------ 
  
    MNFIT_DRIVER: extract fit parameters with MNPOUT
   MNFIT_DRIVER: EXIT returns IERR =           11
       CID PScD500100  fitpar( 1):ITER           =  2.0000     +/-  0.000    (P)
       CID PScD500100  fitpar( 3):PKMJD          =   56391.746 +/- 0.2355E-02(P)
       CID PScD500100  fitpar( 4):STRETCH        = 0.87077     +/- 0.3917    (?)
       CID PScD500100  fitpar( 6):AV             = 0.75422     +/-  3.182    (?)
       CID PScD500100  fitpar( 7):AVRV           = 0.11395E-04 +/- 0.1000    (?)
       CID PScD500100  fitpar( 8):DLMAG          =  40.334     +/- 0.6288E-03(P)
  
  ######################################################## 
    FITPAR_PREP: Begin FIT-ITERATION  3 for CID PScD500100              
  ######################################################## 
  
    CID PScD500100 : FIT OBSERVER FILTERS grizJH
  
  ######################################################## 
    FITINI_COV: init fit arrays for CID=PScD500100 ITER=3       
  ######################################################## 
  
        33  Filter-epochs ACCEPTED for fit.
       183  Filter-epochs REJECTED for fit.
    PScD500100(ITER=3): Use full   33 x   33 Covariance matrix.                     
    PScD500100(ITER=3): Add covariance from Galactic extinction
    PScD500100(ITER=3): Inverted COVMAT with   1089 non-zero elements       
  
    CID=PScD500100 : g-band KCOR = K_Bg ; AVwarp from B-g   (OPT= 2)
    CID=PScD500100 : r-band KCOR = K_gr ; AVwarp from g-B   (OPT= 2)
    CID=PScD500100 : i-band KCOR = K_ri ; AVwarp from r-V   (OPT= 2)
    CID=PScD500100 : z-band KCOR = K_rz ; AVwarp from r-i   (OPT= 2)
    CID=PScD500100 : J-band KCOR = K_YJ ; AVwarp from Y-i   (OPT= 2)
    CID=PScD500100 : H-band KCOR = K_JH ; AVwarp from J-Y   (OPT= 2)

 ############################################################

    CALL MNFIT_DRIVER for ISN=    8   CID=PScD500100   NFITPAR=  9   iter=3

 ############################################################

  MINUIT RELEASE 96.03  INITIALIZED.   DIMENSIONS 100/110  EPSMAC=  0.89E-15
 MINUIT WARNING IN PARAMETR
 ============== VARIABLE   6 BROUGHT BACK INSIDE LIMITS.  
   Set MINUIT STRATEGY =            2
  
  ------------------------------------------------ 
    MNFIT_DRIVER: begin fit with MINIMIZE 
 MINUIT WARNING IN HESSE   
 ============== Negative diagonal element  4 in Error Matrix
 MINUIT WARNING IN HESSE   
 ==============     0.24E+09 added to diagonal of error matrix
 EIGENVALUES OF SECOND-DERIVATIVE MATRIX:
        -0.1006E+03  0.9888E+00  0.9994E+00  0.1001E+01  0.1026E+03
 MINUIT WARNING IN HESSE   
 ============== MATRIX FORCED POS-DEF BY ADDING   100.73     TO DIAGONAL.
   MNFIT_DRIVER: MIGRAD returns IERR =            4
  ------------------------------------------------ 
  
    MNFIT_DRIVER: extract fit parameters with MNPOUT
   MNFIT_DRIVER: EXIT returns IERR =           11
       CID PScD500100  fitpar( 1):ITER           =  3.0000     +/-  0.000    (P)
       CID PScD500100  fitpar( 3):PKMJD          =   56391.746 +/- 0.3402    (P)
       CID PScD500100  fitpar( 4):STRETCH        = 0.87077     +/- 0.3111E-02(P)
       CID PScD500100  fitpar( 6):AV             = 0.75478     +/- 0.7639E-01(P)
       CID PScD500100  fitpar( 7):AVRV           = 0.10085E-04 +/- 0.1000    (?)
       CID PScD500100  fitpar( 8):DLMAG          =  40.334     +/- 0.6866E-01(P)
    Bad COV matrix (MNSTAT_COV= 1) -> repeat fit for CID=PScD500100  
  
  ######################################################## 
    FITPAR_PREP: Begin FIT-ITERATION  3 for CID PScD500100   (again)    
  ######################################################## 
  
    CID PScD500100 : FIT OBSERVER FILTERS grizJH
  
  ######################################################## 
    FITINI_COV: init fit arrays for CID=PScD500100 ITER=3       
  ######################################################## 
  
        33  Filter-epochs ACCEPTED for fit.
       183  Filter-epochs REJECTED for fit.
    PScD500100(ITER=3): Use full   33 x   33 Covariance matrix.                     
    PScD500100(ITER=3): Add covariance from Galactic extinction
    PScD500100(ITER=3): Inverted COVMAT with   1089 non-zero elements       
  
    CID=PScD500100 : g-band KCOR = K_Bg ; AVwarp from B-g   (OPT= 2)
    CID=PScD500100 : r-band KCOR = K_gr ; AVwarp from g-B   (OPT= 2)
    CID=PScD500100 : i-band KCOR = K_ri ; AVwarp from r-V   (OPT= 2)
    CID=PScD500100 : z-band KCOR = K_rz ; AVwarp from r-i   (OPT= 2)
    CID=PScD500100 : J-band KCOR = K_YJ ; AVwarp from Y-i   (OPT= 2)
    CID=PScD500100 : H-band KCOR = K_JH ; AVwarp from J-Y   (OPT= 2)

 ############################################################

    CALL MNFIT_DRIVER for ISN=    8   CID=PScD500100   NFITPAR=  9   iter=3

 ############################################################

  MINUIT RELEASE 96.03  INITIALIZED.   DIMENSIONS 100/110  EPSMAC=  0.89E-15
 MINUIT WARNING IN PARAMETR
 ============== VARIABLE   6 BROUGHT BACK INSIDE LIMITS.  
   Set MINUIT STRATEGY =            2
  
  ------------------------------------------------ 
    MNFIT_DRIVER: begin fit with MINIMIZE 
   MNFIT_DRIVER: MIGRAD returns IERR =            4
  ------------------------------------------------ 
  
    MNFIT_DRIVER: extract fit parameters with MNPOUT
   MNFIT_DRIVER: EXIT returns IERR =           11
       CID PScD500100  fitpar( 1):ITER           =  3.0000     +/-  0.000    (P)
       CID PScD500100  fitpar( 3):PKMJD          =   56391.746 +/- 0.3393    (P)
       CID PScD500100  fitpar( 4):STRETCH        = 0.87077     +/- 0.2170E-03(P)
       CID PScD500100  fitpar( 6):AV             = 0.75488     +/- 0.7534E-01(P)
       CID PScD500100  fitpar( 7):AVRV           = 0.10023E-04 +/- 0.5161E-03(P)
       CID PScD500100  fitpar( 8):DLMAG          =  40.334     +/- 0.6818E-01(P)
  
  ######################################################## 
    FITANA_CUTS: APPLY FIT-CUTS TO SN PScD500100                
  ######################################################## 
  
                     PEAKMJD =  56391.746 PASSES CUT.                    
                    TobsMin =  -8.35     PASSES CUT.
                    TobsMax =   32.6     PASSES CUT.
                   Trestmin =  -6.37     PASSES CUT.
                   Trestmax =   24.9     PASSES CUT.
                    TGAPmax =   5.16     PASSES CUT.
                   T0GAPmax =   5.16     PASSES CUT.
           FITWIN_TREST(min) =  -6.37     PASSES CUT.                    
           FITWIN_TREST(max) =   24.9     PASSES CUT.                    
           FITWIN_TRESTRANGE =   31.2     PASSES CUT.                    
                      FITCOV              PASSES CUT.                    
                     FITPROB =  0.132E-02 PASSES CUT.                    
                 CHI2(SIGMA) =   0.00     PASSES CUT.                    
                NFILT_SNRMAX =    6       PASSES CUT.                    
               NFILT_SNRMAX2 =    6       PASSES CUT.                    
              NFILT_TRESTMIN =    6       PASSES CUT.                    
              NFILT_TRESTMAX =    6       PASSES CUT.                    
            MINOS ERROR EVALUATIONS   PASSES CUT.                        
    CID PScD500100  PASSES FIT-CUTS 

  
  ######################################################## 
    LC FIT SUMMARY for CID=PScD500100                           
  ######################################################## 
  
 Quantity          g          r          i          z          J          H
 --------------------------------------------------------------------------------
   NEPOCH         43         42         50         75          3          3
  NREJECT         37         36         43         67          0          0
     NDOF          6          6          7          8          3          3
     CHI2      15.71       1.43       6.90       6.09      11.08      14.79
     PROB       0.02       0.96       0.44       0.64       0.01       0.00
  PeakMag      21.82      21.62      21.71      21.83      22.58      22.86
  PeakErr       0.02       0.02       0.02       0.01       0.02       0.03
     XTMW       0.09       0.06       0.05       0.04       0.02       0.02
  XTMWerr       0.01       0.01       0.01       0.01       0.00       0.00
 --------------------------------------------------------------------------------
   Trest FIT RANGE(PScD500100):   -6.37 to   24.88   (relative to FIT-PEAKMJD)
   MJD   FIT RANGE(PScD500100): 56383.4 to 56424.3
   REST-PEAKMAGS(BVgriJYH) :   1.20  1.24  1.16  1.29  1.84  1.54  1.82  1.55  
   REST-PEAKERRS(BVgriJYH) :   0.07  0.07  0.07  0.07  0.06  0.03  0.04  0.02  
  
   MINUIT MINIMUM (PScD500100) returns TOTAL   CHI2/dof=  55.9    / 28   PROB=0.00132
   MINUIT MINIMUM (PScD500100) returns DATA    CHI2/dof=  55.9    / 28   PROB=0.00133
   MINUIT MINIMUM (PScD500100) returns PRIOR   CHI2/dof= 0.718E-02/  0   PROB=1.00000
  
	 MAKEDIR_ROOT : Created MONSN/SNPScD500100
         SNLCPAK: pack CID = PScD500100 for plotting.
	 CDTOPDIR_ROOT : return to top dir.
     Finished fitting CID = PScD500100
  
  *-*-*-*-*-*-*-*-*-*-*-*-*-*-*-*-*-*-*-*-*-*-*-*-*-*-*-*-*-*-*-*-*-*-*-*-*-*-
   Assign integer CID=     9 for PScD500301
     Done Reading CID PScD500301        NMJD(found,stored)= 211  211
       Analyze ISN=       9  for PScD500301      NMJD(stored,cuts)= 211-> 211
  
  ######################################################## 
    FITPAR_PREP: Begin FIT-ITERATION  1 for CID PScD500301              
  ######################################################## 
  
    CID PScD500301 : FIT OBSERVER FILTERS grizJH
  
  ######################################################## 
    FITINI_COV: init fit arrays for CID=PScD500301 ITER=1       
  ######################################################## 
  
       211  Filter-epochs ACCEPTED for fit.
         0  Filter-epochs REJECTED for fit.
    PScD500301(ITER=1): Use DIAGONAL Covariance elements only.
  
  ######################################################## 
    FITINI_ADJUST for CID=       9   (PScD500301)               
  ######################################################## 
  
   FCNSNLC(BEFORE FITINI_ADJUST)    returns   CHI2=   1056.83/211
     Adjust PKMJD/AV=56405.602/ 0.010 ==> 56405.602/ 0.550  (CHI2=    296.39)
   grizJH Data/Model flux-ratio :  0.751  0.825  1.080  1.135  1.780  1.841  
       DLMAG =   41.2     ==>   40.9    
   FCNSNLC(AFTER  FITINI_ADJUST)    returns   CHI2=    373.01/211

 ############################################################

    CALL MNFIT_DRIVER for ISN=    9   CID=PScD500301   NFITPAR=  9   iter=1

 ############################################################

  MINUIT RELEASE 96.03  INITIALIZED.   DIMENSIONS 100/110  EPSMAC=  0.89E-15
   Set MINUIT STRATEGY =            2
  
  ------------------------------------------------ 
    MNFIT_DRIVER: begin fit with MINIMIZE 
 MINUIT WARNING IN HESSE   
 ============== Negative diagonal element  2 in Error Matrix
 MINUIT WARNING IN HESSE   
 ==============     0.55E+07 added to diagonal of error matrix
 EIGENVALUES OF SECOND-DERIVATIVE MATRIX:
        -0.5059E+03  0.9701E+00  0.9967E+00  0.1018E+01  0.5079E+03
 MINUIT WARNING IN HESSE   
 ============== MATRIX FORCED POS-DEF BY ADDING   506.43     TO DIAGONAL.
 EIGENVALUES OF SECOND-DERIVATIVE MATRIX:
        -0.6784E-02  0.3817E-02  0.6571E+00  0.1163E+01  0.3183E+01
 MINUIT WARNING IN HESSE   
 ============== MATRIX FORCED POS-DEF BY ADDING  0.99672E-02 TO DIAGONAL.
 MINUIT WARNING IN MIGRAD  
 ============== Negative diagonal element  1 in Error Matrix
 MINUIT WARNING IN MIGRAD  
 ============== Negative diagonal element  4 in Error Matrix
 MINUIT WARNING IN MIGRAD  
 ==============     0.10E+01 added to diagonal of error matrix
   MNFIT_DRIVER: MIGRAD returns IERR =            4
  ------------------------------------------------ 
  
    MNFIT_DRIVER: extract fit parameters with MNPOUT
   MNFIT_DRIVER: EXIT returns IERR =           11
       CID PScD500301  fitpar( 1):ITER           =  1.0000     +/-  0.000    (P)
       CID PScD500301  fitpar( 3):PKMJD          =   56403.236 +/- 0.2485    (P)
       CID PScD500301  fitpar( 4):STRETCH        =  1.4479     +/- 0.1541E-01(P)
       CID PScD500301  fitpar( 6):AV             = 0.91892     +/- 0.1000    (?)
       CID PScD500301  fitpar( 7):AVRV           = -.91909E-01 +/- 0.1000    (?)
       CID PScD500301  fitpar( 8):DLMAG          =  40.732     +/- 0.2161E-01(P)
  
  ######################################################## 
    FITPAR_PREP: Begin FIT-ITERATION  2 for CID PScD500301              
  ######################################################## 
  
    CID PScD500301 : FIT OBSERVER FILTERS grizJH
  
  ######################################################## 
    FITINI_COV: init fit arrays for CID=PScD500301 ITER=2       
  ######################################################## 
  
        61  Filter-epochs ACCEPTED for fit.
       150  Filter-epochs REJECTED for fit.
    PScD500301(ITER=2): Use full   61 x   61 Covariance matrix.                     
    PScD500301(ITER=2): Add covariance from Galactic extinction
    PScD500301(ITER=2): Inverted COVMAT with   3601 non-zero elements       

 ############################################################

    CALL MNFIT_DRIVER for ISN=    9   CID=PScD500301   NFITPAR=  9   iter=2

 ############################################################

  MINUIT RELEASE 96.03  INITIALIZED.   DIMENSIONS 100/110  EPSMAC=  0.89E-15
   Set MINUIT STRATEGY =            2
  
  ------------------------------------------------ 
    MNFIT_DRIVER: begin fit with MINIMIZE 
 EIGENVALUES OF SECOND-DERIVATIVE MATRIX:
        -0.2439E+01  0.2901E+00  0.1012E+01  0.1386E+01  0.4752E+01
 MINUIT WARNING IN HESSE   
 ============== MATRIX FORCED POS-DEF BY ADDING   2.4438     TO DIAGONAL.
 MINUIT WARNING IN MIGRAD  
 ============== Negative diagonal element  4 in Error Matrix
 MINUIT WARNING IN MIGRAD  
 ==============     0.10E+01 added to diagonal of error matrix
   MNFIT_DRIVER: MIGRAD returns IERR =            4
  ------------------------------------------------ 
  
    MNFIT_DRIVER: extract fit parameters with MNPOUT
   MNFIT_DRIVER: EXIT returns IERR =           11
       CID PScD500301  fitpar( 1):ITER           =  2.0000     +/-  0.000    (P)
       CID PScD500301  fitpar( 3):PKMJD          =   56404.553 +/- 0.5736    (P)
       CID PScD500301  fitpar( 4):STRETCH        =  1.2044     +/- 0.3812E-01(P)
       CID PScD500301  fitpar( 6):AV             =  1.7775     +/- 0.1468    (P)
       CID PScD500301  fitpar( 7):AVRV           = 0.18780     +/- 0.5552E-01(P)
       CID PScD500301  fitpar( 8):DLMAG          =  39.989     +/- 0.1360    (P)
  
  ######################################################## 
    FITPAR_PREP: Begin FIT-ITERATION  3 for CID PScD500301              
  ######################################################## 
  
    CID PScD500301 : FIT OBSERVER FILTERS grizJH
  
  ######################################################## 
    FITINI_COV: init fit arrays for CID=PScD500301 ITER=3       
  ######################################################## 
  
        61  Filter-epochs ACCEPTED for fit.
       150  Filter-epochs REJECTED for fit.
    PScD500301(ITER=3): Use full   61 x   61 Covariance matrix.                     
    PScD500301(ITER=3): Add covariance from Galactic extinction
    PScD500301(ITER=3): Inverted COVMAT with   3483 non-zero elements       
  
    CID=PScD500301 : g-band KCOR = K_Bg ; AVwarp from B-g   (OPT= 2)
    CID=PScD500301 : r-band KCOR = K_gr ; AVwarp from g-B   (OPT= 2)
    CID=PScD500301 : i-band KCOR = K_ri ; AVwarp from r-V   (OPT= 2)
    CID=PScD500301 : z-band KCOR = K_rz ; AVwarp from r-i   (OPT= 2)
    CID=PScD500301 : J-band KCOR = K_YJ ; AVwarp from Y-i   (OPT= 2)
    CID=PScD500301 : H-band KCOR = K_JH ; AVwarp from J-Y   (OPT= 2)

 ############################################################

    CALL MNFIT_DRIVER for ISN=    9   CID=PScD500301   NFITPAR=  9   iter=3

 ############################################################

  MINUIT RELEASE 96.03  INITIALIZED.   DIMENSIONS 100/110  EPSMAC=  0.89E-15
   Set MINUIT STRATEGY =            2
  
  ------------------------------------------------ 
    MNFIT_DRIVER: begin fit with MINIMIZE 
 EIGENVALUES OF SECOND-DERIVATIVE MATRIX:
        -0.2911E+01  0.1985E-01  0.1024E+01  0.1670E+01  0.5196E+01
 MINUIT WARNING IN HESSE   
 ============== MATRIX FORCED POS-DEF BY ADDING   2.9159     TO DIAGONAL.
   MNFIT_DRIVER: MIGRAD returns IERR =            0
  ------------------------------------------------ 
  
    MNFIT_DRIVER: extract fit parameters with MNPOUT
   MNFIT_DRIVER: EXIT returns IERR =           11
       CID PScD500301  fitpar( 1):ITER           =  3.0000     +/-  0.000    (P)
       CID PScD500301  fitpar( 3):PKMJD          =   56405.081 +/- 0.5321    (P)
       CID PScD500301  fitpar( 4):STRETCH        =  1.1754     +/- 0.6264E-03(P)
       CID PScD500301  fitpar( 6):AV             =  1.5759     +/- 0.1741    (P)
       CID PScD500301  fitpar( 7):AVRV           = 0.22628     +/- 0.4916E-01(P)
       CID PScD500301  fitpar( 8):DLMAG          =  40.122     +/- 0.1596    (P)
  
  ######################################################## 
    FITANA_CUTS: APPLY FIT-CUTS TO SN PScD500301                
  ######################################################## 
  
                     PEAKMJD =  56405.082 PASSES CUT.                    
                    TobsMin =  -21.5     PASSES CUT.
                    TobsMax =   57.2     PASSES CUT.
                   Trestmin =  -16.2     PASSES CUT.
                   Trestmax =   43.2     PASSES CUT.
                    TGAPmax =   7.62     PASSES CUT.
                   T0GAPmax =   7.62     PASSES CUT.
           FITWIN_TREST(min) =  -16.2     PASSES CUT.                    
           FITWIN_TREST(max) =   43.2     PASSES CUT.                    
           FITWIN_TRESTRANGE =   59.4     PASSES CUT.                    
                      FITCOV              PASSES CUT.                    
                     FITPROB =  0.447     PASSES CUT.                    
                 CHI2(SIGMA) =   0.00     PASSES CUT.                    
                NFILT_SNRMAX =    6       PASSES CUT.                    
               NFILT_SNRMAX2 =    6       PASSES CUT.                    
              NFILT_TRESTMIN =    6       PASSES CUT.                    
              NFILT_TRESTMAX =    6       PASSES CUT.                    
            MINOS ERROR EVALUATIONS   PASSES CUT.                        
    CID PScD500301  PASSES FIT-CUTS 

  
  ######################################################## 
    LC FIT SUMMARY for CID=PScD500301                           
  ######################################################## 
  
 Quantity          g          r          i          z          J          H
 --------------------------------------------------------------------------------
   NEPOCH         44         37         62         62          3          3
  NREJECT         34         29         44         43          0          0
     NDOF         10          8         18         19          3          3
     CHI2       9.22       2.36      18.43      21.45       3.18       3.28
     PROB       0.51       0.97       0.43       0.31       0.36       0.35
  PeakMag      22.62      22.16      22.06      22.09      22.51      22.70
  PeakErr       0.07       0.04       0.02       0.03       0.04       0.06
     XTMW       0.03       0.02       0.02       0.01       0.01       0.00
  XTMWerr       0.00       0.00       0.00       0.00       0.00       0.00
 --------------------------------------------------------------------------------
   Trest FIT RANGE(PScD500301):  -16.21 to   43.18   (relative to FIT-PEAKMJD)
   MJD   FIT RANGE(PScD500301): 56383.6 to 56462.3
   REST-PEAKMAGS(BVgriJYH) :   2.09  1.88  1.96  1.87  2.24  1.57  1.93  1.51  
   REST-PEAKERRS(BVgriJYH) :   0.14  0.15  0.14  0.15  0.13  0.08  0.10  0.05  
  
   MINUIT MINIMUM (PScD500301) returns TOTAL   CHI2/dof=  57.8    / 57   PROB=0.44726
   MINUIT MINIMUM (PScD500301) returns DATA    CHI2/dof=  57.7    / 56   PROB=0.41144
   MINUIT MINIMUM (PScD500301) returns PRIOR   CHI2/dof= 0.320E-01/  1   PROB=0.85811
  
	 MAKEDIR_ROOT : Created MONSN/SNPScD500301
         SNLCPAK: pack CID = PScD500301 for plotting.
	 CDTOPDIR_ROOT : return to top dir.
     Finished fitting CID = PScD500301
  
  *-*-*-*-*-*-*-*-*-*-*-*-*-*-*-*-*-*-*-*-*-*-*-*-*-*-*-*-*-*-*-*-*-*-*-*-*-*-
   Assign integer CID=    10 for PScF510457
     Done Reading CID PScF510457        NMJD(found,stored)= 225  225
       Analyze ISN=      10  for PScF510457      NMJD(stored,cuts)= 225-> 225
  
  ######################################################## 
    FITPAR_PREP: Begin FIT-ITERATION  1 for CID PScF510457              
  ######################################################## 
  
    CID PScF510457 : FIT OBSERVER FILTERS grizH
  
  ######################################################## 
    FITINI_COV: init fit arrays for CID=PScF510457 ITER=1       
  ######################################################## 
  
       225  Filter-epochs ACCEPTED for fit.
         0  Filter-epochs REJECTED for fit.
    PScF510457(ITER=1): Use DIAGONAL Covariance elements only.
  
  ######################################################## 
    FITINI_ADJUST for CID=      10   (PScF510457)               
  ######################################################## 
  
   FCNSNLC(BEFORE FITINI_ADJUST)    returns   CHI2=    269.93/225
     Adjust PKMJD/AV=56430.199/ 0.010 ==> 56428.199/ 0.300  (CHI2=    214.92)
   grizH Data/Model flux-ratio :  0.962  0.938  1.056  1.343  0.808  
       DLMAG =   42.3     ==>   42.2    
   FCNSNLC(AFTER  FITINI_ADJUST)    returns   CHI2=    216.49/225

 ############################################################

    CALL MNFIT_DRIVER for ISN=   10   CID=PScF510457   NFITPAR=  9   iter=1

 ############################################################

  MINUIT RELEASE 96.03  INITIALIZED.   DIMENSIONS 100/110  EPSMAC=  0.89E-15
   Set MINUIT STRATEGY =            2
  
  ------------------------------------------------ 
    MNFIT_DRIVER: begin fit with MINIMIZE 
   MNFIT_DRIVER: MIGRAD returns IERR =            0
  ------------------------------------------------ 
  
    MNFIT_DRIVER: extract fit parameters with MNPOUT
   MNFIT_DRIVER: EXIT returns IERR =           11
       CID PScF510457  fitpar( 1):ITER           =  1.0000     +/-  0.000    (P)
       CID PScF510457  fitpar( 3):PKMJD          =   56428.814 +/-  1.931    (P)
       CID PScF510457  fitpar( 4):STRETCH        =  1.1246     +/- 0.5072E-03(P)
       CID PScF510457  fitpar( 6):AV             = -.90067     +/- 0.2990    (P)
       CID PScF510457  fitpar( 7):AVRV           = 0.23422     +/- 0.9782E-01(P)
       CID PScF510457  fitpar( 8):DLMAG          =  43.274     +/- 0.2434    (P)
  
  ######################################################## 
    FITPAR_PREP: Begin FIT-ITERATION  2 for CID PScF510457              
  ######################################################## 
  
    CID PScF510457 : FIT OBSERVER FILTERS grizH
  
  ######################################################## 
    FITINI_COV: init fit arrays for CID=PScF510457 ITER=2       
  ######################################################## 
  
        44  Filter-epochs ACCEPTED for fit.
       181  Filter-epochs REJECTED for fit.
    PScF510457(ITER=2): Use full   44 x   44 Covariance matrix.                     
    PScF510457(ITER=2): Add covariance from Galactic extinction
    PScF510457(ITER=2): Inverted COVMAT with   1936 non-zero elements       

 ############################################################

    CALL MNFIT_DRIVER for ISN=   10   CID=PScF510457   NFITPAR=  9   iter=2

 ############################################################

  MINUIT RELEASE 96.03  INITIALIZED.   DIMENSIONS 100/110  EPSMAC=  0.89E-15
   Set MINUIT STRATEGY =            2
  
  ------------------------------------------------ 
    MNFIT_DRIVER: begin fit with MINIMIZE 
   MNFIT_DRIVER: MIGRAD returns IERR =            0
  ------------------------------------------------ 
  
    MNFIT_DRIVER: extract fit parameters with MNPOUT
   MNFIT_DRIVER: EXIT returns IERR =           11
       CID PScF510457  fitpar( 1):ITER           =  2.0000     +/-  0.000    (P)
       CID PScF510457  fitpar( 3):PKMJD          =   56428.783 +/- 0.8499    (P)
       CID PScF510457  fitpar( 4):STRETCH        =  1.1246     +/- 0.3968E-03(P)
       CID PScF510457  fitpar( 6):AV             = -.93055     +/- 0.2952    (P)
       CID PScF510457  fitpar( 7):AVRV           = 0.23658     +/- 0.9308E-01(P)
       CID PScF510457  fitpar( 8):DLMAG          =  43.305     +/- 0.2398    (P)
  
  ######################################################## 
    FITPAR_PREP: Begin FIT-ITERATION  3 for CID PScF510457              
  ######################################################## 
  
    CID PScF510457 : FIT OBSERVER FILTERS grizH
  
  ######################################################## 
    FITINI_COV: init fit arrays for CID=PScF510457 ITER=3       
  ######################################################## 
  
        44  Filter-epochs ACCEPTED for fit.
       181  Filter-epochs REJECTED for fit.
    PScF510457(ITER=3): Use full   44 x   44 Covariance matrix.                     
    PScF510457(ITER=3): Add covariance from Galactic extinction
    PScF510457(ITER=3): Inverted COVMAT with   1936 non-zero elements       
  
    CID=PScF510457 : g-band KCOR = K_Bg ; AVwarp from B-g   (OPT= 2)
    CID=PScF510457 : r-band KCOR = K_Br ; AVwarp from B-g   (OPT= 2)
    CID=PScF510457 : i-band KCOR = K_gi ; AVwarp from g-V   (OPT= 2)
    CID=PScF510457 : z-band KCOR = K_rz ; AVwarp from r-V   (OPT= 2)
    CID=PScF510457 : H-band KCOR = K_YH ; AVwarp from Y-J   (OPT= 2)

 ############################################################

    CALL MNFIT_DRIVER for ISN=   10   CID=PScF510457   NFITPAR=  9   iter=3

 ############################################################

  MINUIT RELEASE 96.03  INITIALIZED.   DIMENSIONS 100/110  EPSMAC=  0.89E-15
   Set MINUIT STRATEGY =            2
  
  ------------------------------------------------ 
    MNFIT_DRIVER: begin fit with MINIMIZE 
   MNFIT_DRIVER: MIGRAD returns IERR =            4
  ------------------------------------------------ 
  
    MNFIT_DRIVER: extract fit parameters with MNPOUT
   MNFIT_DRIVER: EXIT returns IERR =           11
       CID PScF510457  fitpar( 1):ITER           =  3.0000     +/-  0.000    (P)
       CID PScF510457  fitpar( 3):PKMJD          =   56428.783 +/- 0.8499    (?)
       CID PScF510457  fitpar( 4):STRETCH        =  1.1246     +/- 0.3968E-03(?)
       CID PScF510457  fitpar( 6):AV             = -.93055     +/- 0.2952    (?)
       CID PScF510457  fitpar( 7):AVRV           = 0.23658     +/- 0.9308E-01(?)
       CID PScF510457  fitpar( 8):DLMAG          =  43.305     +/- 0.2398    (?)
    Bad COV matrix (MNSTAT_COV= 1) -> repeat fit for CID=PScF510457  
  
  ######################################################## 
    FITPAR_PREP: Begin FIT-ITERATION  3 for CID PScF510457   (again)    
  ######################################################## 
  
    CID PScF510457 : FIT OBSERVER FILTERS grizH
  
  ######################################################## 
    FITINI_COV: init fit arrays for CID=PScF510457 ITER=3       
  ######################################################## 
  
        44  Filter-epochs ACCEPTED for fit.
       181  Filter-epochs REJECTED for fit.
    PScF510457(ITER=3): Use full   44 x   44 Covariance matrix.                     
    PScF510457(ITER=3): Add covariance from Galactic extinction
    PScF510457(ITER=3): Inverted COVMAT with   1936 non-zero elements       
  
    CID=PScF510457 : g-band KCOR = K_Bg ; AVwarp from B-g   (OPT= 2)
    CID=PScF510457 : r-band KCOR = K_Br ; AVwarp from B-g   (OPT= 2)
    CID=PScF510457 : i-band KCOR = K_gi ; AVwarp from g-V   (OPT= 2)
    CID=PScF510457 : z-band KCOR = K_rz ; AVwarp from r-V   (OPT= 2)
    CID=PScF510457 : H-band KCOR = K_YH ; AVwarp from Y-J   (OPT= 2)

 ############################################################

    CALL MNFIT_DRIVER for ISN=   10   CID=PScF510457   NFITPAR=  9   iter=3

 ############################################################

  MINUIT RELEASE 96.03  INITIALIZED.   DIMENSIONS 100/110  EPSMAC=  0.89E-15
   Set MINUIT STRATEGY =            2
  
  ------------------------------------------------ 
    MNFIT_DRIVER: begin fit with MINIMIZE 
   MNFIT_DRIVER: MIGRAD returns IERR =            4
  ------------------------------------------------ 
  
    MNFIT_DRIVER: extract fit parameters with MNPOUT
   MNFIT_DRIVER: EXIT returns IERR =           11
       CID PScF510457  fitpar( 1):ITER           =  3.0000     +/-  0.000    (P)
       CID PScF510457  fitpar( 3):PKMJD          =   56428.783 +/- 0.8499    (?)
       CID PScF510457  fitpar( 4):STRETCH        =  1.1246     +/- 0.3968E-03(?)
       CID PScF510457  fitpar( 6):AV             = -.93055     +/- 0.2952    (?)
       CID PScF510457  fitpar( 7):AVRV           = 0.23658     +/- 0.9308E-01(?)
       CID PScF510457  fitpar( 8):DLMAG          =  43.305     +/- 0.2398    (?)
  
  ######################################################## 
    FITANA_CUTS: APPLY FIT-CUTS TO SN PScF510457                
  ######################################################## 
  
                     PEAKMJD =  56428.785 PASSES CUT.                    
                    TobsMin =  -17.4     PASSES CUT.
                    TobsMax =   51.5     PASSES CUT.
                   Trestmin =  -11.6     PASSES CUT.
                   Trestmax =   34.3     PASSES CUT.
                    TGAPmax =   9.99     PASSES CUT.
                   T0GAPmax =   9.99     PASSES CUT.
           FITWIN_TREST(min) =  -11.6     PASSES CUT.                    
           FITWIN_TREST(max) =   34.3     PASSES CUT.                    
           FITWIN_TRESTRANGE =   45.9     PASSES CUT.                    
                      FITCOV              PASSES CUT.                    
                     FITPROB =  0.114     PASSES CUT.                    
                 CHI2(SIGMA) =   0.00     PASSES CUT.                    
                NFILT_SNRMAX =    6       PASSES CUT.                    
               NFILT_SNRMAX2 =    6       PASSES CUT.                    
              NFILT_TRESTMIN =    5       PASSES CUT.                    
              NFILT_TRESTMAX =    5       PASSES CUT.                    
            MINOS ERROR EVALUATIONS   PASSES CUT.                        
    CID PScF510457  PASSES FIT-CUTS 

  
  ######################################################## 
    LC FIT SUMMARY for CID=PScF510457                           
  ######################################################## 
  
 Quantity          g          r          i          z          H
 --------------------------------------------------------------------------------
   NEPOCH         52         48         56         66          3
  NREJECT         44         41         42         54          0
     NDOF          8          7         14         12          3
     CHI2       7.29      11.90      12.25       7.69      11.88
     PROB       0.51       0.10       0.59       0.81       0.01
  PeakMag      23.90      22.75      22.70      22.63      24.43
  PeakErr       0.13       0.07       0.04       0.06       0.05
     XTMW       0.04       0.03       0.02       0.02       0.01
  XTMWerr       0.01       0.00       0.00       0.00       0.00
 --------------------------------------------------------------------------------
   Trest FIT RANGE(PScF510457):  -11.57 to   34.30   (relative to FIT-PEAKMJD)
   MJD   FIT RANGE(PScF510457): 56411.4 to 56480.3
   REST-PEAKMAGS(BVgriJYH) :  -0.45 -0.63 -0.57 -0.51  0.23  0.57  0.61  0.87  
   REST-PEAKERRS(BVgriJYH) :   0.18  0.22  0.20  0.23  0.22  0.13  0.17  0.09  
  
   MINUIT MINIMUM (PScF510457) returns TOTAL   CHI2/dof=  51.0    / 40   PROB=0.11355
   MINUIT MINIMUM (PScF510457) returns DATA    CHI2/dof=  51.0    / 39   PROB=0.09437
   MINUIT MINIMUM (PScF510457) returns PRIOR   CHI2/dof= 0.214E-01/  1   PROB=0.88372
  
	 MAKEDIR_ROOT : Created MONSN/SNPScF510457
         SNLCPAK: pack CID = PScF510457 for plotting.
	 CDTOPDIR_ROOT : return to top dir.
     Finished fitting CID = PScF510457
  
  *-*-*-*-*-*-*-*-*-*-*-*-*-*-*-*-*-*-*-*-*-*-*-*-*-*-*-*-*-*-*-*-*-*-*-*-*-*-
   Assign integer CID=    11 for PScF520062
     Done Reading CID PScF520062        NMJD(found,stored)= 235  235
       Analyze ISN=      11  for PScF520062      NMJD(stored,cuts)= 235-> 235
  
  ######################################################## 
    FITPAR_PREP: Begin FIT-ITERATION  1 for CID PScF520062              
  ######################################################## 
  
    CID PScF520062 : FIT OBSERVER FILTERS grizJH
  
  ######################################################## 
    FITINI_COV: init fit arrays for CID=PScF520062 ITER=1       
  ######################################################## 
  
       235  Filter-epochs ACCEPTED for fit.
         0  Filter-epochs REJECTED for fit.
    PScF520062(ITER=1): Use DIAGONAL Covariance elements only.
  
  ######################################################## 
    FITINI_ADJUST for CID=      11   (PScF520062)               
  ######################################################## 
  
   FCNSNLC(BEFORE FITINI_ADJUST)    returns   CHI2=    795.52/235
     Adjust PKMJD/AV=56456.102/ 0.010 ==> 56456.102/ 0.350  (CHI2=    283.26)
   grizJH Data/Model flux-ratio :  1.038  0.904  1.021  0.985  1.352  0.490  
       DLMAG =   41.0     ==>   41.1    
   FCNSNLC(AFTER  FITINI_ADJUST)    returns   CHI2=    288.38/235

 ############################################################

    CALL MNFIT_DRIVER for ISN=   11   CID=PScF520062   NFITPAR=  9   iter=1

 ############################################################

  MINUIT RELEASE 96.03  INITIALIZED.   DIMENSIONS 100/110  EPSMAC=  0.89E-15
   Set MINUIT STRATEGY =            2
  
  ------------------------------------------------ 
    MNFIT_DRIVER: begin fit with MINIMIZE 
 MINUIT WARNING IN HESSE   
 ============== Negative diagonal element  2 in Error Matrix
 MINUIT WARNING IN HESSE   
 ==============     0.79E+07 added to diagonal of error matrix
 EIGENVALUES OF SECOND-DERIVATIVE MATRIX:
        -0.4938E+03  0.9776E+00  0.9960E+00  0.1019E+01  0.4959E+03
 MINUIT WARNING IN HESSE   
 ============== MATRIX FORCED POS-DEF BY ADDING   494.34     TO DIAGONAL.
   MNFIT_DRIVER: MIGRAD returns IERR =            4
  ------------------------------------------------ 
  
    MNFIT_DRIVER: extract fit parameters with MNPOUT
   MNFIT_DRIVER: EXIT returns IERR =           11
       CID PScF520062  fitpar( 1):ITER           =  1.0000     +/-  0.000    (P)
       CID PScF520062  fitpar( 3):PKMJD          =   56456.455 +/- 0.3162    (P)
       CID PScF520062  fitpar( 4):STRETCH        = 0.88000     +/- 0.7639E-02(P)
       CID PScF520062  fitpar( 6):AV             = 0.16246     +/- 0.1418    (P)
       CID PScF520062  fitpar( 7):AVRV           = 0.40816E-01 +/- 0.3178E-01(P)
       CID PScF520062  fitpar( 8):DLMAG          =  40.940     +/- 0.1313    (P)
  
  ######################################################## 
    FITPAR_PREP: Begin FIT-ITERATION  2 for CID PScF520062              
  ######################################################## 
  
    CID PScF520062 : FIT OBSERVER FILTERS grizJH
  
  ######################################################## 
    FITINI_COV: init fit arrays for CID=PScF520062 ITER=2       
  ######################################################## 
  
        69  Filter-epochs ACCEPTED for fit.
       166  Filter-epochs REJECTED for fit.
    PScF520062(ITER=2): Use full   69 x   69 Covariance matrix.                     
    PScF520062(ITER=2): Add covariance from Galactic extinction
    PScF520062(ITER=2): Inverted COVMAT with   4625 non-zero elements       

 ############################################################

    CALL MNFIT_DRIVER for ISN=   11   CID=PScF520062   NFITPAR=  9   iter=2

 ############################################################

  MINUIT RELEASE 96.03  INITIALIZED.   DIMENSIONS 100/110  EPSMAC=  0.89E-15
   Set MINUIT STRATEGY =            2
  
  ------------------------------------------------ 
    MNFIT_DRIVER: begin fit with MINIMIZE 
 EIGENVALUES OF SECOND-DERIVATIVE MATRIX:
        -0.1172E+00  0.1002E+00  0.9194E+00  0.1575E+01  0.2523E+01
 MINUIT WARNING IN HESSE   
 ============== MATRIX FORCED POS-DEF BY ADDING  0.11975     TO DIAGONAL.
   MNFIT_DRIVER: MIGRAD returns IERR =            0
  ------------------------------------------------ 
  
    MNFIT_DRIVER: extract fit parameters with MNPOUT
   MNFIT_DRIVER: EXIT returns IERR =           11
       CID PScF520062  fitpar( 1):ITER           =  2.0000     +/-  0.000    (P)
       CID PScF520062  fitpar( 3):PKMJD          =   56456.555 +/- 0.4551    (P)
       CID PScF520062  fitpar( 4):STRETCH        = 0.88703     +/- 0.4160E-01(P)
       CID PScF520062  fitpar( 6):AV             = 0.85886E-01 +/- 0.1404    (P)
       CID PScF520062  fitpar( 7):AVRV           = 0.42929E-01 +/- 0.7471E-01(P)
       CID PScF520062  fitpar( 8):DLMAG          =  41.026     +/- 0.7561E-01(P)
  
  ######################################################## 
    FITPAR_PREP: Begin FIT-ITERATION  3 for CID PScF520062              
  ######################################################## 
  
    CID PScF520062 : FIT OBSERVER FILTERS grizJH
  
  ######################################################## 
    FITINI_COV: init fit arrays for CID=PScF520062 ITER=3       
  ######################################################## 
  
        69  Filter-epochs ACCEPTED for fit.
       166  Filter-epochs REJECTED for fit.
    PScF520062(ITER=3): Use full   69 x   69 Covariance matrix.                     
    PScF520062(ITER=3): Add covariance from Galactic extinction
    PScF520062(ITER=3): Inverted COVMAT with   4625 non-zero elements       
  
    CID=PScF520062 : g-band KCOR = K_Bg ; AVwarp from B-g   (OPT= 2)
    CID=PScF520062 : r-band KCOR = K_gr ; AVwarp from g-B   (OPT= 2)
    CID=PScF520062 : i-band KCOR = K_ri ; AVwarp from r-V   (OPT= 2)
    CID=PScF520062 : z-band KCOR = K_rz ; AVwarp from r-i   (OPT= 2)
    CID=PScF520062 : J-band KCOR = K_YJ ; AVwarp from Y-i   (OPT= 2)
    CID=PScF520062 : H-band KCOR = K_JH ; AVwarp from J-Y   (OPT= 2)

 ############################################################

    CALL MNFIT_DRIVER for ISN=   11   CID=PScF520062   NFITPAR=  9   iter=3

 ############################################################

  MINUIT RELEASE 96.03  INITIALIZED.   DIMENSIONS 100/110  EPSMAC=  0.89E-15
   Set MINUIT STRATEGY =            2
  
  ------------------------------------------------ 
    MNFIT_DRIVER: begin fit with MINIMIZE 
   MNFIT_DRIVER: MIGRAD returns IERR =            0
  ------------------------------------------------ 
  
    MNFIT_DRIVER: extract fit parameters with MNPOUT
   MNFIT_DRIVER: EXIT returns IERR =           11
       CID PScF520062  fitpar( 1):ITER           =  3.0000     +/-  0.000    (P)
       CID PScF520062  fitpar( 3):PKMJD          =   56456.562 +/- 0.3614    (P)
       CID PScF520062  fitpar( 4):STRETCH        = 0.88601     +/- 0.2492E-01(P)
       CID PScF520062  fitpar( 6):AV             = 0.73824E-01 +/- 0.1136    (P)
       CID PScF520062  fitpar( 7):AVRV           = 0.41517E-01 +/- 0.3436E-01(P)
       CID PScF520062  fitpar( 8):DLMAG          =  41.037     +/- 0.1072    (P)
  
  ######################################################## 
    FITANA_CUTS: APPLY FIT-CUTS TO SN PScF520062                
  ######################################################## 
  
                     PEAKMJD =  56456.562 PASSES CUT.                    
                    TobsMin =  -19.1     PASSES CUT.
                    TobsMax =   56.7     PASSES CUT.
                   Trestmin =  -14.6     PASSES CUT.
                   Trestmax =   43.4     PASSES CUT.
                    TGAPmax =   4.59     PASSES CUT.
                   T0GAPmax =   4.59     PASSES CUT.
           FITWIN_TREST(min) =  -14.6     PASSES CUT.                    
           FITWIN_TREST(max) =   43.4     PASSES CUT.                    
           FITWIN_TRESTRANGE =   58.0     PASSES CUT.                    
                      FITCOV              PASSES CUT.                    
                     FITPROB =  0.266E-07 PASSES CUT.                    
                 CHI2(SIGMA) =   0.00     PASSES CUT.                    
                NFILT_SNRMAX =    6       PASSES CUT.                    
               NFILT_SNRMAX2 =    6       PASSES CUT.                    
              NFILT_TRESTMIN =    6       PASSES CUT.                    
              NFILT_TRESTMAX =    6       PASSES CUT.                    
            MINOS ERROR EVALUATIONS   PASSES CUT.                        
    CID PScF520062  PASSES FIT-CUTS 

  
  ######################################################## 
    LC FIT SUMMARY for CID=PScF520062                           
  ######################################################## 
  
 Quantity          g          r          i          z          J          H
 --------------------------------------------------------------------------------
   NEPOCH         50         54         64         61          3          3
  NREJECT         38         41         46         41          0          0
     NDOF         12         13         18         20          3          3
     CHI2      24.53       6.22      12.95      15.18      46.28      40.77
     PROB       0.02       0.94       0.79       0.77       0.00       0.00
  PeakMag      21.83      21.60      21.70      21.87      22.84      23.23
  PeakErr       0.04       0.02       0.02       0.02       0.03       0.05
     XTMW       0.03       0.02       0.02       0.01       0.01       0.01
  XTMWerr       0.01       0.00       0.00       0.00       0.00       0.00
 --------------------------------------------------------------------------------
   Trest FIT RANGE(PScF520062):  -14.57 to   43.38   (relative to FIT-PEAKMJD)
   MJD   FIT RANGE(PScF520062): 56437.5 to 56513.3
   REST-PEAKMAGS(BVgriJYH) :   0.53  0.54  0.48  0.62  1.26  1.23  1.42  1.35  
   REST-PEAKERRS(BVgriJYH) :   0.09  0.10  0.10  0.10  0.09  0.06  0.07  0.04  
  
   MINUIT MINIMUM (PScF520062) returns TOTAL   CHI2/dof=  146.    / 64   PROB=0.00000
   MINUIT MINIMUM (PScF520062) returns DATA    CHI2/dof=  146.    / 64   PROB=0.00000
   MINUIT MINIMUM (PScF520062) returns PRIOR   CHI2/dof= 0.609E-02/  0   PROB=1.00000
  
	 MAKEDIR_ROOT : Created MONSN/SNPScF520062
         SNLCPAK: pack CID = PScF520062 for plotting.
	 CDTOPDIR_ROOT : return to top dir.
     Finished fitting CID = PScF520062
  
  *-*-*-*-*-*-*-*-*-*-*-*-*-*-*-*-*-*-*-*-*-*-*-*-*-*-*-*-*-*-*-*-*-*-*-*-*-*-
   Assign integer CID=    12 for PScF520188
     Done Reading CID PScF520188        NMJD(found,stored)= 185  185
       Analyze ISN=      12  for PScF520188      NMJD(stored,cuts)= 185-> 185
  
  ######################################################## 
    FITPAR_PREP: Begin FIT-ITERATION  1 for CID PScF520188              
  ######################################################## 
  
    CID PScF520188 : FIT OBSERVER FILTERS grizJH
  
  ######################################################## 
    FITINI_COV: init fit arrays for CID=PScF520188 ITER=1       
  ######################################################## 
  
       185  Filter-epochs ACCEPTED for fit.
         0  Filter-epochs REJECTED for fit.
    PScF520188(ITER=1): Use DIAGONAL Covariance elements only.
  
  ######################################################## 
    FITINI_ADJUST for CID=      12   (PScF520188)               
  ######################################################## 
  
   FCNSNLC(BEFORE FITINI_ADJUST)    returns   CHI2=    468.63/185
     Adjust PKMJD/AV=56482.301/ 0.010 ==> 56482.301/-0.150  (CHI2=    220.78)
   grizJH Data/Model flux-ratio :  1.070  0.980  0.982  0.973  1.186  1.060  
       DLMAG =   40.8     ==>   40.7    
   FCNSNLC(AFTER  FITINI_ADJUST)    returns   CHI2=    225.58/185

 ############################################################

    CALL MNFIT_DRIVER for ISN=   12   CID=PScF520188   NFITPAR=  9   iter=1

 ############################################################

  MINUIT RELEASE 96.03  INITIALIZED.   DIMENSIONS 100/110  EPSMAC=  0.89E-15
   Set MINUIT STRATEGY =            2
  
  ------------------------------------------------ 
    MNFIT_DRIVER: begin fit with MINIMIZE 
 MINUIT WARNING IN HESSE   
 ============== Negative diagonal element  2 in Error Matrix
 MINUIT WARNING IN HESSE   
 ==============     0.25E+06 added to diagonal of error matrix
 EIGENVALUES OF SECOND-DERIVATIVE MATRIX:
        -0.1109E+04  0.3588E+00  0.9727E+00  0.1462E+01  0.1111E+04
 MINUIT WARNING IN HESSE   
 ============== MATRIX FORCED POS-DEF BY ADDING   1110.0     TO DIAGONAL.
   MNFIT_DRIVER: MIGRAD returns IERR =            0
  ------------------------------------------------ 
  
    MNFIT_DRIVER: extract fit parameters with MNPOUT
   MNFIT_DRIVER: EXIT returns IERR =           11
       CID PScF520188  fitpar( 1):ITER           =  1.0000     +/-  0.000    (P)
       CID PScF520188  fitpar( 3):PKMJD          =   56481.361 +/- 0.3002    (P)
       CID PScF520188  fitpar( 4):STRETCH        =  1.1737     +/- 0.3345E-01(P)
       CID PScF520188  fitpar( 6):AV             = 0.40667     +/- 0.9743E-01(P)
       CID PScF520188  fitpar( 7):AVRV           = -.85915E-01 +/- 0.2558E-01(P)
       CID PScF520188  fitpar( 8):DLMAG          =  40.290     +/- 0.8774E-01(P)
  
  ######################################################## 
    FITPAR_PREP: Begin FIT-ITERATION  2 for CID PScF520188              
  ######################################################## 
  
    CID PScF520188 : FIT OBSERVER FILTERS grizJH
  
  ######################################################## 
    FITINI_COV: init fit arrays for CID=PScF520188 ITER=2       
  ######################################################## 
  
        39  Filter-epochs ACCEPTED for fit.
       146  Filter-epochs REJECTED for fit.
    PScF520188(ITER=2): Use full   39 x   39 Covariance matrix.                     
    PScF520188(ITER=2): Add covariance from Galactic extinction
    PScF520188(ITER=2): Inverted COVMAT with   1445 non-zero elements       

 ############################################################

    CALL MNFIT_DRIVER for ISN=   12   CID=PScF520188   NFITPAR=  9   iter=2

 ############################################################

  MINUIT RELEASE 96.03  INITIALIZED.   DIMENSIONS 100/110  EPSMAC=  0.89E-15
   Set MINUIT STRATEGY =            2
  
  ------------------------------------------------ 
    MNFIT_DRIVER: begin fit with MINIMIZE 
   MNFIT_DRIVER: MIGRAD returns IERR =            0
  ------------------------------------------------ 
  
    MNFIT_DRIVER: extract fit parameters with MNPOUT
   MNFIT_DRIVER: EXIT returns IERR =           11
       CID PScF520188  fitpar( 1):ITER           =  2.0000     +/-  0.000    (P)
       CID PScF520188  fitpar( 3):PKMJD          =   56481.377 +/- 0.2580    (P)
       CID PScF520188  fitpar( 4):STRETCH        =  1.1615     +/- 0.2942E-03(P)
       CID PScF520188  fitpar( 6):AV             = 0.39868     +/- 0.7980E-01(P)
       CID PScF520188  fitpar( 7):AVRV           = -.78456E-01 +/- 0.1420E-01(P)
       CID PScF520188  fitpar( 8):DLMAG          =  40.297     +/- 0.7238E-01(P)
  
  ######################################################## 
    FITPAR_PREP: Begin FIT-ITERATION  3 for CID PScF520188              
  ######################################################## 
  
    CID PScF520188 : FIT OBSERVER FILTERS grizJH
  
  ######################################################## 
    FITINI_COV: init fit arrays for CID=PScF520188 ITER=3       
  ######################################################## 
  
        39  Filter-epochs ACCEPTED for fit.
       146  Filter-epochs REJECTED for fit.
    PScF520188(ITER=3): Use full   39 x   39 Covariance matrix.                     
    PScF520188(ITER=3): Add covariance from Galactic extinction
    PScF520188(ITER=3): Inverted COVMAT with   1445 non-zero elements       
  
    CID=PScF520188 : g-band KCOR = K_Bg ; AVwarp from B-g   (OPT= 2)
    CID=PScF520188 : r-band KCOR = K_gr ; AVwarp from g-B   (OPT= 2)
    CID=PScF520188 : i-band KCOR = K_ri ; AVwarp from r-V   (OPT= 2)
    CID=PScF520188 : z-band KCOR = K_rz ; AVwarp from r-i   (OPT= 2)
    CID=PScF520188 : J-band KCOR = K_YJ ; AVwarp from Y-i   (OPT= 2)
    CID=PScF520188 : H-band KCOR = K_JH ; AVwarp from J-Y   (OPT= 2)

 ############################################################

    CALL MNFIT_DRIVER for ISN=   12   CID=PScF520188   NFITPAR=  9   iter=3

 ############################################################

  MINUIT RELEASE 96.03  INITIALIZED.   DIMENSIONS 100/110  EPSMAC=  0.89E-15
   Set MINUIT STRATEGY =            2
  
  ------------------------------------------------ 
    MNFIT_DRIVER: begin fit with MINIMIZE 
   MNFIT_DRIVER: MIGRAD returns IERR =            0
  ------------------------------------------------ 
  
    MNFIT_DRIVER: extract fit parameters with MNPOUT
   MNFIT_DRIVER: EXIT returns IERR =           11
       CID PScF520188  fitpar( 1):ITER           =  3.0000     +/-  0.000    (P)
       CID PScF520188  fitpar( 3):PKMJD          =   56481.389 +/- 0.2477    (P)
       CID PScF520188  fitpar( 4):STRETCH        =  1.1615     +/- 0.2749E-03(P)
       CID PScF520188  fitpar( 6):AV             = 0.38870     +/- 0.7905E-01(P)
       CID PScF520188  fitpar( 7):AVRV           = -.77973E-01 +/- 0.1415E-01(P)
       CID PScF520188  fitpar( 8):DLMAG          =  40.307     +/- 0.7170E-01(P)
  
  ######################################################## 
    FITANA_CUTS: APPLY FIT-CUTS TO SN PScF520188                
  ######################################################## 
  
                     PEAKMJD =  56481.391 PASSES CUT.                    
                    TobsMin =  -19.1     PASSES CUT.
                    TobsMax =   29.9     PASSES CUT.
                   Trestmin =  -14.9     PASSES CUT.
                   Trestmax =   23.4     PASSES CUT.
                    TGAPmax =   5.81     PASSES CUT.
                   T0GAPmax =   5.81     PASSES CUT.
           FITWIN_TREST(min) =  -14.9     PASSES CUT.                    
           FITWIN_TREST(max) =   23.4     PASSES CUT.                    
           FITWIN_TRESTRANGE =   38.3     PASSES CUT.                    
                      FITCOV              PASSES CUT.                    
                     FITPROB =  0.714E-04 PASSES CUT.                    
                 CHI2(SIGMA) =   0.00     PASSES CUT.                    
                NFILT_SNRMAX =    6       PASSES CUT.                    
               NFILT_SNRMAX2 =    6       PASSES CUT.                    
              NFILT_TRESTMIN =    6       PASSES CUT.                    
              NFILT_TRESTMAX =    6       PASSES CUT.                    
            MINOS ERROR EVALUATIONS   PASSES CUT.                        
    CID PScF520188  PASSES FIT-CUTS 

  
  ######################################################## 
    LC FIT SUMMARY for CID=PScF520188                           
  ######################################################## 
  
 Quantity          g          r          i          z          J          H
 --------------------------------------------------------------------------------
   NEPOCH         44         36         48         51          3          3
  NREJECT         38         31         39         38          0          0
     NDOF          6          5          9         13          3          3
     CHI2       4.66       9.31      15.91      21.20      14.42       9.23
     PROB       0.59       0.10       0.07       0.07       0.00       0.03
  PeakMag      21.08      20.98      21.15      21.45      22.26      22.52
  PeakErr       0.02       0.01       0.01       0.01       0.02       0.03
     XTMW       0.03       0.02       0.02       0.01       0.01       0.00
  XTMWerr       0.00       0.00       0.00       0.00       0.00       0.00
 --------------------------------------------------------------------------------
   Trest FIT RANGE(PScF520188):  -14.91 to   23.37   (relative to FIT-PEAKMJD)
   MJD   FIT RANGE(PScF520188): 56462.3 to 56511.3
   REST-PEAKMAGS(BVgriJYH) :   0.58  0.66  0.55  0.81  1.42  1.21  1.45  1.28  
   REST-PEAKERRS(BVgriJYH) :   0.07  0.07  0.07  0.07  0.06  0.03  0.05  0.02  
  
   MINUIT MINIMUM (PScF520188) returns TOTAL   CHI2/dof=  74.6    / 34   PROB=0.00007
   MINUIT MINIMUM (PScF520188) returns DATA    CHI2/dof=  74.6    / 34   PROB=0.00007
   MINUIT MINIMUM (PScF520188) returns PRIOR   CHI2/dof= 0.545E-02/  0   PROB=1.00000
  
	 MAKEDIR_ROOT : Created MONSN/SNPScF520188
         SNLCPAK: pack CID = PScF520188 for plotting.
	 CDTOPDIR_ROOT : return to top dir.
     Finished fitting CID = PScF520188
  
  *-*-*-*-*-*-*-*-*-*-*-*-*-*-*-*-*-*-*-*-*-*-*-*-*-*-*-*-*-*-*-*-*-*-*-*-*-*-
   Assign integer CID=    13 for PScG530251
     Done Reading CID PScG530251        NMJD(found,stored)= 213  213
       Analyze ISN=      13  for PScG530251      NMJD(stored,cuts)= 213-> 213
  
  ######################################################## 
    FITPAR_PREP: Begin FIT-ITERATION  1 for CID PScG530251              
  ######################################################## 
  
    CID PScG530251 : FIT OBSERVER FILTERS grizJH
  
  ######################################################## 
    FITINI_COV: init fit arrays for CID=PScG530251 ITER=1       
  ######################################################## 
  
       213  Filter-epochs ACCEPTED for fit.
         0  Filter-epochs REJECTED for fit.
    PScG530251(ITER=1): Use DIAGONAL Covariance elements only.
  
  ######################################################## 
    FITINI_ADJUST for CID=      13   (PScG530251)               
  ######################################################## 
  
   FCNSNLC(BEFORE FITINI_ADJUST)    returns   CHI2=    630.33/213
     Adjust PKMJD/AV=56491.602/ 0.010 ==> 56491.602/ 0.450  (CHI2=    204.76)
   grizJH Data/Model flux-ratio :  0.833  0.891  0.986  1.096  1.187  1.121  
       DLMAG =   41.8     ==>   41.7    
   FCNSNLC(AFTER  FITINI_ADJUST)    returns   CHI2=    204.17/213

 ############################################################

    CALL MNFIT_DRIVER for ISN=   13   CID=PScG530251   NFITPAR=  9   iter=1

 ############################################################

  MINUIT RELEASE 96.03  INITIALIZED.   DIMENSIONS 100/110  EPSMAC=  0.89E-15
   Set MINUIT STRATEGY =            2
  
  ------------------------------------------------ 
    MNFIT_DRIVER: begin fit with MINIMIZE 
 MINUIT WARNING IN HESSE   
 ============== Negative diagonal element  2 in Error Matrix
 MINUIT WARNING IN HESSE   
 ==============     0.10E+07 added to diagonal of error matrix
 EIGENVALUES OF SECOND-DERIVATIVE MATRIX:
        -0.4509E+03  0.9164E+00  0.9974E+00  0.1084E+01  0.4529E+03
 MINUIT WARNING IN HESSE   
 ============== MATRIX FORCED POS-DEF BY ADDING   451.36     TO DIAGONAL.
 MINUIT WARNING IN HESSE   
 ============== Negative diagonal element  2 in Error Matrix
 MINUIT WARNING IN HESSE   
 ==============     0.11E+07 added to diagonal of error matrix
 EIGENVALUES OF SECOND-DERIVATIVE MATRIX:
        -0.4481E+03  0.9181E+00  0.9976E+00  0.1088E+01  0.4501E+03
 MINUIT WARNING IN HESSE   
 ============== MATRIX FORCED POS-DEF BY ADDING   448.53     TO DIAGONAL.
 MINUIT WARNING IN HESSE   
 ============== Negative diagonal element  2 in Error Matrix
 MINUIT WARNING IN HESSE   
 ==============     0.11E+07 added to diagonal of error matrix
 EIGENVALUES OF SECOND-DERIVATIVE MATRIX:
        -0.4485E+03  0.9180E+00  0.9977E+00  0.1088E+01  0.4505E+03
 MINUIT WARNING IN HESSE   
 ============== MATRIX FORCED POS-DEF BY ADDING   448.92     TO DIAGONAL.
   MNFIT_DRIVER: MIGRAD returns IERR =            0
  ------------------------------------------------ 
  
    MNFIT_DRIVER: extract fit parameters with MNPOUT
   MNFIT_DRIVER: EXIT returns IERR =           11
       CID PScG530251  fitpar( 1):ITER           =  1.0000     +/-  0.000    (P)
       CID PScG530251  fitpar( 3):PKMJD          =   56491.023 +/- 0.5211    (P)
       CID PScG530251  fitpar( 4):STRETCH        =  1.1754     +/- 0.3966E-03(P)
       CID PScG530251  fitpar( 6):AV             = 0.61612     +/- 0.1764    (P)
       CID PScG530251  fitpar( 7):AVRV           = 0.12475     +/- 0.5742E-01(P)
       CID PScG530251  fitpar( 8):DLMAG          =  41.601     +/- 0.1546    (P)
  
  ######################################################## 
    FITPAR_PREP: Begin FIT-ITERATION  2 for CID PScG530251              
  ######################################################## 
  
    CID PScG530251 : FIT OBSERVER FILTERS grizJH
  
  ######################################################## 
    FITINI_COV: init fit arrays for CID=PScG530251 ITER=2       
  ######################################################## 
  
        58  Filter-epochs ACCEPTED for fit.
       155  Filter-epochs REJECTED for fit.
    PScG530251(ITER=2): Use full   58 x   58 Covariance matrix.                     
    PScG530251(ITER=2): Add covariance from Galactic extinction
    PScG530251(ITER=2): Inverted COVMAT with   3364 non-zero elements       

 ############################################################

    CALL MNFIT_DRIVER for ISN=   13   CID=PScG530251   NFITPAR=  9   iter=2

 ############################################################

  MINUIT RELEASE 96.03  INITIALIZED.   DIMENSIONS 100/110  EPSMAC=  0.89E-15
   Set MINUIT STRATEGY =            2
  
  ------------------------------------------------ 
    MNFIT_DRIVER: begin fit with MINIMIZE 
   MNFIT_DRIVER: MIGRAD returns IERR =            0
  ------------------------------------------------ 
  
    MNFIT_DRIVER: extract fit parameters with MNPOUT
   MNFIT_DRIVER: EXIT returns IERR =           11
       CID PScG530251  fitpar( 1):ITER           =  2.0000     +/-  0.000    (P)
       CID PScG530251  fitpar( 3):PKMJD          =   56490.914 +/- 0.3671    (P)
       CID PScG530251  fitpar( 4):STRETCH        =  1.1754     +/- 0.3763E-03(P)
       CID PScG530251  fitpar( 6):AV             = 0.62351     +/- 0.1782    (P)
       CID PScG530251  fitpar( 7):AVRV           = 0.12322     +/- 0.6074E-01(P)
       CID PScG530251  fitpar( 8):DLMAG          =  41.596     +/- 0.1554    (P)
  
  ######################################################## 
    FITPAR_PREP: Begin FIT-ITERATION  3 for CID PScG530251              
  ######################################################## 
  
    CID PScG530251 : FIT OBSERVER FILTERS grizJH
  
  ######################################################## 
    FITINI_COV: init fit arrays for CID=PScG530251 ITER=3       
  ######################################################## 
  
        58  Filter-epochs ACCEPTED for fit.
       155  Filter-epochs REJECTED for fit.
    PScG530251(ITER=3): Use full   58 x   58 Covariance matrix.                     
    PScG530251(ITER=3): Add covariance from Galactic extinction
    PScG530251(ITER=3): Inverted COVMAT with   3364 non-zero elements       
  
    CID=PScG530251 : g-band KCOR = K_Bg ; AVwarp from B-g   (OPT= 2)
    CID=PScG530251 : r-band KCOR = K_Br ; AVwarp from B-g   (OPT= 2)
    CID=PScG530251 : i-band KCOR = K_Vi ; AVwarp from V-g   (OPT= 2)
    CID=PScG530251 : z-band KCOR = K_rz ; AVwarp from r-V   (OPT= 2)
    CID=PScG530251 : J-band KCOR = K_iJ ; AVwarp from i-Y   (OPT= 2)
    CID=PScG530251 : H-band KCOR = K_YH ; AVwarp from Y-J   (OPT= 2)

 ############################################################

    CALL MNFIT_DRIVER for ISN=   13   CID=PScG530251   NFITPAR=  9   iter=3

 ############################################################

  MINUIT RELEASE 96.03  INITIALIZED.   DIMENSIONS 100/110  EPSMAC=  0.89E-15
   Set MINUIT STRATEGY =            2
  
  ------------------------------------------------ 
    MNFIT_DRIVER: begin fit with MINIMIZE 
   MNFIT_DRIVER: MIGRAD returns IERR =            4
  ------------------------------------------------ 
  
    MNFIT_DRIVER: extract fit parameters with MNPOUT
   MNFIT_DRIVER: EXIT returns IERR =           11
       CID PScG530251  fitpar( 1):ITER           =  3.0000     +/-  0.000    (P)
       CID PScG530251  fitpar( 3):PKMJD          =   56490.914 +/- 0.3671    (?)
       CID PScG530251  fitpar( 4):STRETCH        =  1.1754     +/- 0.3763E-03(?)
       CID PScG530251  fitpar( 6):AV             = 0.62351     +/- 0.1782    (?)
       CID PScG530251  fitpar( 7):AVRV           = 0.12322     +/- 0.6074E-01(?)
       CID PScG530251  fitpar( 8):DLMAG          =  41.596     +/- 0.1554    (?)
    Bad COV matrix (MNSTAT_COV= 1) -> repeat fit for CID=PScG530251  
  
  ######################################################## 
    FITPAR_PREP: Begin FIT-ITERATION  3 for CID PScG530251   (again)    
  ######################################################## 
  
    CID PScG530251 : FIT OBSERVER FILTERS grizJH
  
  ######################################################## 
    FITINI_COV: init fit arrays for CID=PScG530251 ITER=3       
  ######################################################## 
  
        58  Filter-epochs ACCEPTED for fit.
       155  Filter-epochs REJECTED for fit.
    PScG530251(ITER=3): Use full   58 x   58 Covariance matrix.                     
    PScG530251(ITER=3): Add covariance from Galactic extinction
    PScG530251(ITER=3): Inverted COVMAT with   3364 non-zero elements       
  
    CID=PScG530251 : g-band KCOR = K_Bg ; AVwarp from B-g   (OPT= 2)
    CID=PScG530251 : r-band KCOR = K_Br ; AVwarp from B-g   (OPT= 2)
    CID=PScG530251 : i-band KCOR = K_Vi ; AVwarp from V-g   (OPT= 2)
    CID=PScG530251 : z-band KCOR = K_rz ; AVwarp from r-V   (OPT= 2)
    CID=PScG530251 : J-band KCOR = K_iJ ; AVwarp from i-Y   (OPT= 2)
    CID=PScG530251 : H-band KCOR = K_YH ; AVwarp from Y-J   (OPT= 2)

 ############################################################

    CALL MNFIT_DRIVER for ISN=   13   CID=PScG530251   NFITPAR=  9   iter=3

 ############################################################

  MINUIT RELEASE 96.03  INITIALIZED.   DIMENSIONS 100/110  EPSMAC=  0.89E-15
   Set MINUIT STRATEGY =            2
  
  ------------------------------------------------ 
    MNFIT_DRIVER: begin fit with MINIMIZE 
   MNFIT_DRIVER: MIGRAD returns IERR =            4
  ------------------------------------------------ 
  
    MNFIT_DRIVER: extract fit parameters with MNPOUT
   MNFIT_DRIVER: EXIT returns IERR =           11
       CID PScG530251  fitpar( 1):ITER           =  3.0000     +/-  0.000    (P)
       CID PScG530251  fitpar( 3):PKMJD          =   56490.914 +/- 0.3671    (?)
       CID PScG530251  fitpar( 4):STRETCH        =  1.1754     +/- 0.3763E-03(?)
       CID PScG530251  fitpar( 6):AV             = 0.62351     +/- 0.1782    (?)
       CID PScG530251  fitpar( 7):AVRV           = 0.12322     +/- 0.6074E-01(?)
       CID PScG530251  fitpar( 8):DLMAG          =  41.596     +/- 0.1554    (?)
  
  ######################################################## 
    FITANA_CUTS: APPLY FIT-CUTS TO SN PScG530251                
  ######################################################## 
  
                     PEAKMJD =  56490.914 PASSES CUT.                    
                    TobsMin =  -16.3     PASSES CUT.
                    TobsMax =   59.6     PASSES CUT.
                   Trestmin =  -11.5     PASSES CUT.
                   Trestmax =   42.2     PASSES CUT.
                    TGAPmax =   6.30     PASSES CUT.
                   T0GAPmax =   6.30     PASSES CUT.
           FITWIN_TREST(min) =  -11.5     PASSES CUT.                    
           FITWIN_TREST(max) =   42.2     PASSES CUT.                    
           FITWIN_TRESTRANGE =   53.7     PASSES CUT.                    
                      FITCOV              PASSES CUT.                    
                     FITPROB =  0.913     PASSES CUT.                    
                 CHI2(SIGMA) =   0.00     PASSES CUT.                    
                NFILT_SNRMAX =    6       PASSES CUT.                    
               NFILT_SNRMAX2 =    6       PASSES CUT.                    
              NFILT_TRESTMIN =    6       PASSES CUT.                    
              NFILT_TRESTMAX =    6       PASSES CUT.                    
            MINOS ERROR EVALUATIONS   PASSES CUT.                        
    CID PScG530251  PASSES FIT-CUTS 

  
  ######################################################## 
    LC FIT SUMMARY for CID=PScG530251                           
  ######################################################## 
  
 Quantity          g          r          i          z          J          H
 --------------------------------------------------------------------------------
   NEPOCH         49         46         53         59          3          3
  NREJECT         40         35         40         40          0          0
     NDOF          9         11         13         19          3          3
     CHI2       9.77       5.72      10.42       8.95       1.14       3.65
     PROB       0.37       0.89       0.66       0.97       0.77       0.30
  PeakMag      23.54      22.63      22.62      22.67      23.32      23.76
  PeakErr       0.09       0.05       0.03       0.04       0.03       0.05
     XTMW       0.24       0.17       0.14       0.10       0.06       0.04
  XTMWerr       0.04       0.03       0.02       0.02       0.01       0.01
 --------------------------------------------------------------------------------
   Trest FIT RANGE(PScG530251):  -11.55 to   42.17   (relative to FIT-PEAKMJD)
   MJD   FIT RANGE(PScG530251): 56474.6 to 56550.5
   REST-PEAKMAGS(BVgriJYH) :   1.02  0.92  0.93  0.99  1.52  1.23  1.46  1.28  
   REST-PEAKERRS(BVgriJYH) :   0.12  0.14  0.13  0.15  0.14  0.08  0.10  0.05  
  
   MINUIT MINIMUM (PScG530251) returns TOTAL   CHI2/dof=  39.7    / 53   PROB=0.91267
   MINUIT MINIMUM (PScG530251) returns DATA    CHI2/dof=  39.7    / 53   PROB=0.91279
   MINUIT MINIMUM (PScG530251) returns PRIOR   CHI2/dof= 0.625E-02/  0   PROB=1.00000
  
	 MAKEDIR_ROOT : Created MONSN/SNPScG530251
         SNLCPAK: pack CID = PScG530251 for plotting.
	 CDTOPDIR_ROOT : return to top dir.
     Finished fitting CID = PScG530251
  
  *-*-*-*-*-*-*-*-*-*-*-*-*-*-*-*-*-*-*-*-*-*-*-*-*-*-*-*-*-*-*-*-*-*-*-*-*-*-
   Assign integer CID=    14 for PScH540087
     Done Reading CID PScH540087        NMJD(found,stored)= 209  209
       Analyze ISN=      14  for PScH540087      NMJD(stored,cuts)= 209-> 209
  
  ######################################################## 
    FITPAR_PREP: Begin FIT-ITERATION  1 for CID PScH540087              
  ######################################################## 
  
    CID PScH540087 : FIT OBSERVER FILTERS grizJH
  
  ######################################################## 
    FITINI_COV: init fit arrays for CID=PScH540087 ITER=1       
  ######################################################## 
  
       209  Filter-epochs ACCEPTED for fit.
         0  Filter-epochs REJECTED for fit.
    PScH540087(ITER=1): Use DIAGONAL Covariance elements only.
  
  ######################################################## 
    FITINI_ADJUST for CID=      14   (PScH540087)               
  ######################################################## 
  
   FCNSNLC(BEFORE FITINI_ADJUST)    returns   CHI2=    305.05/209
     Adjust PKMJD/AV=56520.102/ 0.010 ==> 56520.102/ 0.200  (CHI2=    185.67)
   grizJH Data/Model flux-ratio :  0.966  0.980  1.087  0.994  1.134  0.794  
       DLMAG =   40.7     ==>   40.7    
   FCNSNLC(AFTER  FITINI_ADJUST)    returns   CHI2=    186.88/209

 ############################################################

    CALL MNFIT_DRIVER for ISN=   14   CID=PScH540087   NFITPAR=  9   iter=1

 ############################################################

  MINUIT RELEASE 96.03  INITIALIZED.   DIMENSIONS 100/110  EPSMAC=  0.89E-15
   Set MINUIT STRATEGY =            2
  
  ------------------------------------------------ 
    MNFIT_DRIVER: begin fit with MINIMIZE 
   MNFIT_DRIVER: MIGRAD returns IERR =            0
  ------------------------------------------------ 
  
    MNFIT_DRIVER: extract fit parameters with MNPOUT
   MNFIT_DRIVER: EXIT returns IERR =           11
       CID PScH540087  fitpar( 1):ITER           =  1.0000     +/-  0.000    (P)
       CID PScH540087  fitpar( 3):PKMJD          =   56520.208 +/- 0.2273    (P)
       CID PScH540087  fitpar( 4):STRETCH        =  1.0124     +/- 0.4298E-01(P)
       CID PScH540087  fitpar( 6):AV             = -.17206     +/- 0.1259    (P)
       CID PScH540087  fitpar( 7):AVRV           = 0.14114     +/- 0.3064E-01(P)
       CID PScH540087  fitpar( 8):DLMAG          =  40.976     +/- 0.1086    (P)
  
  ######################################################## 
    FITPAR_PREP: Begin FIT-ITERATION  2 for CID PScH540087              
  ######################################################## 
  
    CID PScH540087 : FIT OBSERVER FILTERS grizJH
  
  ######################################################## 
    FITINI_COV: init fit arrays for CID=PScH540087 ITER=2       
  ######################################################## 
  
        56  Filter-epochs ACCEPTED for fit.
       153  Filter-epochs REJECTED for fit.
    PScH540087(ITER=2): Use full   56 x   56 Covariance matrix.                     
    PScH540087(ITER=2): Add covariance from Galactic extinction
    PScH540087(ITER=2): Inverted COVMAT with   3026 non-zero elements       

 ############################################################

    CALL MNFIT_DRIVER for ISN=   14   CID=PScH540087   NFITPAR=  9   iter=2

 ############################################################

  MINUIT RELEASE 96.03  INITIALIZED.   DIMENSIONS 100/110  EPSMAC=  0.89E-15
   Set MINUIT STRATEGY =            2
  
  ------------------------------------------------ 
    MNFIT_DRIVER: begin fit with MINIMIZE 
   MNFIT_DRIVER: MIGRAD returns IERR =            0
  ------------------------------------------------ 
  
    MNFIT_DRIVER: extract fit parameters with MNPOUT
   MNFIT_DRIVER: EXIT returns IERR =           11
       CID PScH540087  fitpar( 1):ITER           =  2.0000     +/-  0.000    (P)
       CID PScH540087  fitpar( 3):PKMJD          =   56519.975 +/- 0.1826E-01(P)
       CID PScH540087  fitpar( 4):STRETCH        =  1.0138     +/- 0.3061E-03(P)
       CID PScH540087  fitpar( 6):AV             = -.14201     +/- 0.1166    (P)
       CID PScH540087  fitpar( 7):AVRV           = 0.14364     +/- 0.2993E-01(P)
       CID PScH540087  fitpar( 8):DLMAG          =  40.953     +/- 0.1039    (P)
  
  ######################################################## 
    FITPAR_PREP: Begin FIT-ITERATION  3 for CID PScH540087              
  ######################################################## 
  
    CID PScH540087 : FIT OBSERVER FILTERS grizJH
  
  ######################################################## 
    FITINI_COV: init fit arrays for CID=PScH540087 ITER=3       
  ######################################################## 
  
        56  Filter-epochs ACCEPTED for fit.
       153  Filter-epochs REJECTED for fit.
    PScH540087(ITER=3): Use full   56 x   56 Covariance matrix.                     
    PScH540087(ITER=3): Add covariance from Galactic extinction
    PScH540087(ITER=3): Inverted COVMAT with   3026 non-zero elements       
  
    CID=PScH540087 : g-band KCOR = K_Bg ; AVwarp from B-g   (OPT= 2)
    CID=PScH540087 : r-band KCOR = K_gr ; AVwarp from g-B   (OPT= 2)
    CID=PScH540087 : i-band KCOR = K_ri ; AVwarp from r-V   (OPT= 2)
    CID=PScH540087 : z-band KCOR = K_rz ; AVwarp from r-i   (OPT= 2)
    CID=PScH540087 : J-band KCOR = K_YJ ; AVwarp from Y-i   (OPT= 2)
    CID=PScH540087 : H-band KCOR = K_JH ; AVwarp from J-Y   (OPT= 2)

 ############################################################

    CALL MNFIT_DRIVER for ISN=   14   CID=PScH540087   NFITPAR=  9   iter=3

 ############################################################

  MINUIT RELEASE 96.03  INITIALIZED.   DIMENSIONS 100/110  EPSMAC=  0.89E-15
   Set MINUIT STRATEGY =            2
  
  ------------------------------------------------ 
    MNFIT_DRIVER: begin fit with MINIMIZE 
   MNFIT_DRIVER: MIGRAD returns IERR =            0
  ------------------------------------------------ 
  
    MNFIT_DRIVER: extract fit parameters with MNPOUT
   MNFIT_DRIVER: EXIT returns IERR =           11
       CID PScH540087  fitpar( 1):ITER           =  3.0000     +/-  0.000    (P)
       CID PScH540087  fitpar( 3):PKMJD          =   56519.717 +/- 0.2511    (P)
       CID PScH540087  fitpar( 4):STRETCH        =  1.0231     +/- 0.1325E-03(P)
       CID PScH540087  fitpar( 6):AV             = -.11995     +/- 0.1210    (P)
       CID PScH540087  fitpar( 7):AVRV           = 0.14032     +/- 0.2954E-01(P)
       CID PScH540087  fitpar( 8):DLMAG          =  40.938     +/- 0.1080    (P)
  
  ######################################################## 
    FITANA_CUTS: APPLY FIT-CUTS TO SN PScH540087                
  ######################################################## 
  
                     PEAKMJD =  56519.719 PASSES CUT.                    
                    TobsMin =  -18.3     PASSES CUT.
                    TobsMax =   55.6     PASSES CUT.
                   Trestmin =  -14.4     PASSES CUT.
                   Trestmax =   43.6     PASSES CUT.
                    TGAPmax =   5.49     PASSES CUT.
                   T0GAPmax =   5.49     PASSES CUT.
           FITWIN_TREST(min) =  -14.4     PASSES CUT.                    
           FITWIN_TREST(max) =   43.6     PASSES CUT.                    
           FITWIN_TRESTRANGE =   58.0     PASSES CUT.                    
                      FITCOV              PASSES CUT.                    
                     FITPROB =  0.706E-01 PASSES CUT.                    
                 CHI2(SIGMA) =   0.00     PASSES CUT.                    
                NFILT_SNRMAX =    6       PASSES CUT.                    
               NFILT_SNRMAX2 =    6       PASSES CUT.                    
              NFILT_TRESTMIN =    6       PASSES CUT.                    
              NFILT_TRESTMAX =    6       PASSES CUT.                    
            MINOS ERROR EVALUATIONS   PASSES CUT.                        
    CID PScH540087  PASSES FIT-CUTS 

  
  ######################################################## 
    LC FIT SUMMARY for CID=PScH540087                           
  ######################################################## 
  
 Quantity          g          r          i          z          J          H
 --------------------------------------------------------------------------------
   NEPOCH         46         48         48         61          3          3
  NREJECT         34         38         34         47          0          0
     NDOF         12         10         14         14          3          3
     CHI2      13.72      13.85      16.77       7.82       7.83       7.12
     PROB       0.32       0.18       0.27       0.90       0.05       0.07
  PeakMag      21.67      21.41      21.41      21.71      22.65      22.96
  PeakErr       0.04       0.03       0.02       0.02       0.03       0.05
     XTMW       0.21       0.16       0.12       0.09       0.05       0.04
  XTMWerr       0.03       0.03       0.02       0.01       0.01       0.01
 --------------------------------------------------------------------------------
   Trest FIT RANGE(PScH540087):  -14.37 to   43.59   (relative to FIT-PEAKMJD)
   MJD   FIT RANGE(PScH540087): 56501.4 to 56575.3
   REST-PEAKMAGS(BVgriJYH) :   0.29  0.22  0.21  0.31  0.97  0.99  1.18  1.17  
   REST-PEAKERRS(BVgriJYH) :   0.09  0.10  0.08  0.11  0.09  0.05  0.07  0.03  
  
   MINUIT MINIMUM (PScH540087) returns TOTAL   CHI2/dof=  67.7    / 52   PROB=0.07057
   MINUIT MINIMUM (PScH540087) returns DATA    CHI2/dof=  67.7    / 51   PROB=0.05876
   MINUIT MINIMUM (PScH540087) returns PRIOR   CHI2/dof= 0.101E-01/  1   PROB=0.91982
  
	 MAKEDIR_ROOT : Created MONSN/SNPScH540087
         SNLCPAK: pack CID = PScH540087 for plotting.
	 CDTOPDIR_ROOT : return to top dir.
     Finished fitting CID = PScH540087
  
  *-*-*-*-*-*-*-*-*-*-*-*-*-*-*-*-*-*-*-*-*-*-*-*-*-*-*-*-*-*-*-*-*-*-*-*-*-*-
   Assign integer CID=    15 for PScH540118
     Done Reading CID PScH540118        NMJD(found,stored)= 193  193
       Analyze ISN=      15  for PScH540118      NMJD(stored,cuts)= 193-> 193
  
  ######################################################## 
    FITPAR_PREP: Begin FIT-ITERATION  1 for CID PScH540118              
  ######################################################## 
  
    CID PScH540118 : FIT OBSERVER FILTERS grizH
  
  ######################################################## 
    FITINI_COV: init fit arrays for CID=PScH540118 ITER=1       
  ######################################################## 
  
       193  Filter-epochs ACCEPTED for fit.
         0  Filter-epochs REJECTED for fit.
    PScH540118(ITER=1): Use DIAGONAL Covariance elements only.
  
  ######################################################## 
    FITINI_ADJUST for CID=      15   (PScH540118)               
  ######################################################## 
  
   FCNSNLC(BEFORE FITINI_ADJUST)    returns   CHI2=    182.72/193
     Adjust PKMJD/AV=56518.500/ 0.010 ==> 56518.500/ 0.150  (CHI2=    149.68)
   grizH Data/Model flux-ratio :  1.174  1.022  0.944  1.041  1.030  
       DLMAG =   42.1     ==>   42.1    
   FCNSNLC(AFTER  FITINI_ADJUST)    returns   CHI2=    153.02/193

 ############################################################

    CALL MNFIT_DRIVER for ISN=   15   CID=PScH540118   NFITPAR=  9   iter=1

 ############################################################

  MINUIT RELEASE 96.03  INITIALIZED.   DIMENSIONS 100/110  EPSMAC=  0.89E-15
   Set MINUIT STRATEGY =            2
  
  ------------------------------------------------ 
    MNFIT_DRIVER: begin fit with MINIMIZE 
 MINUIT WARNING IN HESSE   
 ============== Negative diagonal element  2 in Error Matrix
 MINUIT WARNING IN HESSE   
 ==============     0.37E+06 added to diagonal of error matrix
 EIGENVALUES OF SECOND-DERIVATIVE MATRIX:
        -0.3836E+03  0.8334E+00  0.8472E+00  0.1233E+01  0.3857E+03
 MINUIT WARNING IN HESSE   
 ============== MATRIX FORCED POS-DEF BY ADDING   384.02     TO DIAGONAL.
 MINUIT WARNING IN MIGRAD  
 ============== Negative diagonal element  2 in Error Matrix
 MINUIT WARNING IN MIGRAD  
 ============== Negative diagonal element  3 in Error Matrix
 MINUIT WARNING IN MIGRAD  
 ============== Negative diagonal element  4 in Error Matrix
 MINUIT WARNING IN MIGRAD  
 ==============     0.10E+01 added to diagonal of error matrix
 MINUIT WARNING IN MIGRAD  
 ============== Negative diagonal element  2 in Error Matrix
 MINUIT WARNING IN MIGRAD  
 ==============     0.10E+01 added to diagonal of error matrix
 EIGENVALUES OF SECOND-DERIVATIVE MATRIX:
        -0.9738E-01  0.1201E-01  0.9916E+00  0.1297E+01  0.2797E+01
 MINUIT WARNING IN MIGRAD  
 ============== MATRIX FORCED POS-DEF BY ADDING  0.10018     TO DIAGONAL.
 MINUIT WARNING IN MIGRAD  
 ============== Negative diagonal element  2 in Error Matrix
 MINUIT WARNING IN MIGRAD  
 ==============     0.10E+01 added to diagonal of error matrix
 MINUIT WARNING IN MIGRAD  
 ============== Negative diagonal element  2 in Error Matrix
 MINUIT WARNING IN MIGRAD  
 ==============     0.10E+01 added to diagonal of error matrix
   MNFIT_DRIVER: MIGRAD returns IERR =            4
  ------------------------------------------------ 
  
    MNFIT_DRIVER: extract fit parameters with MNPOUT
   MNFIT_DRIVER: EXIT returns IERR =           11
       CID PScH540118  fitpar( 1):ITER           =  1.0000     +/-  0.000    (P)
       CID PScH540118  fitpar( 3):PKMJD          =   56518.304 +/-  82.59    (P)
       CID PScH540118  fitpar( 4):STRETCH        =  1.0140     +/- 0.2866    (P)
       CID PScH540118  fitpar( 6):AV             = 0.47436     +/-  3.091    (P)
       CID PScH540118  fitpar( 7):AVRV           = -.47534E-01 +/- 0.1000    (?)
       CID PScH540118  fitpar( 8):DLMAG          =  41.819     +/-  5.658    (P)
  
  ######################################################## 
    FITPAR_PREP: Begin FIT-ITERATION  2 for CID PScH540118              
  ######################################################## 
  
    CID PScH540118 : FIT OBSERVER FILTERS grizH
  
  ######################################################## 
    FITINI_COV: init fit arrays for CID=PScH540118 ITER=2       
  ######################################################## 
  
        45  Filter-epochs ACCEPTED for fit.
       148  Filter-epochs REJECTED for fit.
    PScH540118(ITER=2): Use full   45 x   45 Covariance matrix.                     
    PScH540118(ITER=2): Add covariance from Galactic extinction
    PScH540118(ITER=2): Inverted COVMAT with   2025 non-zero elements       

 ############################################################

    CALL MNFIT_DRIVER for ISN=   15   CID=PScH540118   NFITPAR=  9   iter=2

 ############################################################

  MINUIT RELEASE 96.03  INITIALIZED.   DIMENSIONS 100/110  EPSMAC=  0.89E-15
 MINUIT WARNING IN PARAMETR
 ============== VARIABLE   6 BROUGHT BACK INSIDE LIMITS.  
   Set MINUIT STRATEGY =            2
  
  ------------------------------------------------ 
    MNFIT_DRIVER: begin fit with MINIMIZE 
 MINUIT WARNING IN HESSE   
 ============== Negative diagonal element  2 in Error Matrix
 MINUIT WARNING IN HESSE   
 ==============     0.10E+08 added to diagonal of error matrix
 EIGENVALUES OF SECOND-DERIVATIVE MATRIX:
        -0.3200E+04  0.6073E+00  0.1000E+01  0.1993E+01  0.3201E+04
 MINUIT WARNING IN HESSE   
 ============== MATRIX FORCED POS-DEF BY ADDING   3202.9     TO DIAGONAL.
 EIGENVALUES OF SECOND-DERIVATIVE MATRIX:
        -0.1691E+01  0.9614E-01  0.9945E+00  0.1000E+01  0.4600E+01
 MINUIT WARNING IN HESSE   
 ============== MATRIX FORCED POS-DEF BY ADDING   1.6957     TO DIAGONAL.
 EIGENVALUES OF SECOND-DERIVATIVE MATRIX:
        -0.1703E-14  0.9522E-01  0.9856E+00  0.9964E+00  0.2923E+01
 MINUIT WARNING IN MIGRAD  
 ============== MATRIX FORCED POS-DEF BY ADDING  0.29228E-02 TO DIAGONAL.
 EIGENVALUES OF SECOND-DERIVATIVE MATRIX:
        -0.8074E-15  0.2735E+00  0.9974E+00  0.1002E+01  0.2727E+01
 MINUIT WARNING IN MIGRAD  
 ============== MATRIX FORCED POS-DEF BY ADDING  0.27269E-02 TO DIAGONAL.
 MINUIT WARNING IN MIGRAD  
 ============== Negative diagonal element  3 in Error Matrix
 MINUIT WARNING IN MIGRAD  
 ============== Negative diagonal element  4 in Error Matrix
 MINUIT WARNING IN MIGRAD  
 ==============     0.10E+01 added to diagonal of error matrix
 EIGENVALUES OF SECOND-DERIVATIVE MATRIX:
        -0.2447E+01  0.9712E+00  0.1001E+01  0.2000E+01  0.3475E+01
 MINUIT WARNING IN HESSE   
 ============== MATRIX FORCED POS-DEF BY ADDING   2.4503     TO DIAGONAL.
   MNFIT_DRIVER: MIGRAD returns IERR =            4
  ------------------------------------------------ 
  
    MNFIT_DRIVER: extract fit parameters with MNPOUT
   MNFIT_DRIVER: EXIT returns IERR =           11
       CID PScH540118  fitpar( 1):ITER           =  2.0000     +/-  0.000    (P)
       CID PScH540118  fitpar( 3):PKMJD          =   56518.339 +/- 0.5134    (P)
       CID PScH540118  fitpar( 4):STRETCH        =  1.0185     +/- 0.8580E-03(P)
       CID PScH540118  fitpar( 6):AV             = 0.46218     +/- 0.2213    (P)
       CID PScH540118  fitpar( 7):AVRV           = -.46220E-01 +/- 0.6459E-01(P)
       CID PScH540118  fitpar( 8):DLMAG          =  41.830     +/- 0.1826    (P)
  
  ######################################################## 
    FITPAR_PREP: Begin FIT-ITERATION  3 for CID PScH540118              
  ######################################################## 
  
    CID PScH540118 : FIT OBSERVER FILTERS grizH
  
  ######################################################## 
    FITINI_COV: init fit arrays for CID=PScH540118 ITER=3       
  ######################################################## 
  
        45  Filter-epochs ACCEPTED for fit.
       148  Filter-epochs REJECTED for fit.
    PScH540118(ITER=3): Use full   45 x   45 Covariance matrix.                     
    PScH540118(ITER=3): Add covariance from Galactic extinction
    PScH540118(ITER=3): Inverted COVMAT with   2025 non-zero elements       
  
    CID=PScH540118 : g-band KCOR = K_Bg ; AVwarp from B-g   (OPT= 2)
    CID=PScH540118 : r-band KCOR = K_Br ; AVwarp from B-g   (OPT= 2)
    CID=PScH540118 : i-band KCOR = K_gi ; AVwarp from g-V   (OPT= 2)
    CID=PScH540118 : z-band KCOR = K_rz ; AVwarp from r-V   (OPT= 2)
    CID=PScH540118 : H-band KCOR = K_YH ; AVwarp from Y-J   (OPT= 2)

 ############################################################

    CALL MNFIT_DRIVER for ISN=   15   CID=PScH540118   NFITPAR=  9   iter=3

 ############################################################

  MINUIT RELEASE 96.03  INITIALIZED.   DIMENSIONS 100/110  EPSMAC=  0.89E-15
   Set MINUIT STRATEGY =            2
  
  ------------------------------------------------ 
    MNFIT_DRIVER: begin fit with MINIMIZE 
 MINUIT WARNING IN MIGRAD  
 ============== Negative diagonal element  3 in Error Matrix
 MINUIT WARNING IN MIGRAD  
 ==============     0.10E+01 added to diagonal of error matrix
 EIGENVALUES OF SECOND-DERIVATIVE MATRIX:
        -0.1111E+01  0.8418E+00  0.9832E+00  0.1137E+01  0.3150E+01
 MINUIT WARNING IN HESSE   
 ============== MATRIX FORCED POS-DEF BY ADDING   1.1145     TO DIAGONAL.
 EIGENVALUES OF SECOND-DERIVATIVE MATRIX:
        -0.2447E+01  0.9707E+00  0.1001E+01  0.2000E+01  0.3475E+01
 MINUIT WARNING IN HESSE   
 ============== MATRIX FORCED POS-DEF BY ADDING   2.4503     TO DIAGONAL.
 MINUIT WARNING IN MIGRAD  
 ============== Negative diagonal element  3 in Error Matrix
 MINUIT WARNING IN MIGRAD  
 ==============     0.10E+01 added to diagonal of error matrix
 EIGENVALUES OF SECOND-DERIVATIVE MATRIX:
        -0.1107E+01  0.8480E+00  0.9981E+00  0.1132E+01  0.3128E+01
 MINUIT WARNING IN HESSE   
 ============== MATRIX FORCED POS-DEF BY ADDING   1.1098     TO DIAGONAL.
 EIGENVALUES OF SECOND-DERIVATIVE MATRIX:
        -0.1163E+01  0.7973E+00  0.9990E+00  0.1188E+01  0.3179E+01
 MINUIT WARNING IN HESSE   
 ============== MATRIX FORCED POS-DEF BY ADDING   1.1661     TO DIAGONAL.
 MINUIT WARNING IN MIGRAD  
 ============== Negative diagonal element  4 in Error Matrix
 MINUIT WARNING IN MIGRAD  
 ==============     0.10E+01 added to diagonal of error matrix
 EIGENVALUES OF SECOND-DERIVATIVE MATRIX:
        -0.2446E+01  0.9723E+00  0.1001E+01  0.2000E+01  0.3473E+01
 MINUIT WARNING IN HESSE   
 ============== MATRIX FORCED POS-DEF BY ADDING   2.4497     TO DIAGONAL.
   MNFIT_DRIVER: MIGRAD returns IERR =            4
  ------------------------------------------------ 
  
    MNFIT_DRIVER: extract fit parameters with MNPOUT
   MNFIT_DRIVER: EXIT returns IERR =           11
       CID PScH540118  fitpar( 1):ITER           =  3.0000     +/-  0.000    (P)
       CID PScH540118  fitpar( 3):PKMJD          =   56518.339 +/- 0.7097    (P)
       CID PScH540118  fitpar( 4):STRETCH        =  1.0185     +/- 0.3049E-03(P)
       CID PScH540118  fitpar( 6):AV             = 0.46217     +/- 0.2213    (?)
       CID PScH540118  fitpar( 7):AVRV           = -.46217E-01 +/- 0.6459E-01(?)
       CID PScH540118  fitpar( 8):DLMAG          =  41.830     +/- 0.2825    (P)
    Bad COV matrix (MNSTAT_COV= 2) -> repeat fit for CID=PScH540118  
  
  ######################################################## 
    FITPAR_PREP: Begin FIT-ITERATION  3 for CID PScH540118   (again)    
  ######################################################## 
  
    CID PScH540118 : FIT OBSERVER FILTERS grizH
  
  ######################################################## 
    FITINI_COV: init fit arrays for CID=PScH540118 ITER=3       
  ######################################################## 
  
        45  Filter-epochs ACCEPTED for fit.
       148  Filter-epochs REJECTED for fit.
    PScH540118(ITER=3): Use full   45 x   45 Covariance matrix.                     
    PScH540118(ITER=3): Add covariance from Galactic extinction
    PScH540118(ITER=3): Inverted COVMAT with   2025 non-zero elements       
  
    CID=PScH540118 : g-band KCOR = K_Bg ; AVwarp from B-g   (OPT= 2)
    CID=PScH540118 : r-band KCOR = K_Br ; AVwarp from B-g   (OPT= 2)
    CID=PScH540118 : i-band KCOR = K_gi ; AVwarp from g-V   (OPT= 2)
    CID=PScH540118 : z-band KCOR = K_rz ; AVwarp from r-V   (OPT= 2)
    CID=PScH540118 : H-band KCOR = K_YH ; AVwarp from Y-J   (OPT= 2)

 ############################################################

    CALL MNFIT_DRIVER for ISN=   15   CID=PScH540118   NFITPAR=  9   iter=3

 ############################################################

  MINUIT RELEASE 96.03  INITIALIZED.   DIMENSIONS 100/110  EPSMAC=  0.89E-15
   Set MINUIT STRATEGY =            2
  
  ------------------------------------------------ 
    MNFIT_DRIVER: begin fit with MINIMIZE 
 MINUIT WARNING IN MIGRAD  
 ============== Negative diagonal element  3 in Error Matrix
 MINUIT WARNING IN MIGRAD  
 ==============     0.10E+01 added to diagonal of error matrix
 EIGENVALUES OF SECOND-DERIVATIVE MATRIX:
        -0.1120E+01  0.8324E+00  0.9831E+00  0.1147E+01  0.3158E+01
 MINUIT WARNING IN HESSE   
 ============== MATRIX FORCED POS-DEF BY ADDING   1.1236     TO DIAGONAL.
 EIGENVALUES OF SECOND-DERIVATIVE MATRIX:
        -0.2447E+01  0.9707E+00  0.1001E+01  0.2000E+01  0.3475E+01
 MINUIT WARNING IN HESSE   
 ============== MATRIX FORCED POS-DEF BY ADDING   2.4503     TO DIAGONAL.
 MINUIT WARNING IN MIGRAD  
 ============== Negative diagonal element  3 in Error Matrix
 MINUIT WARNING IN MIGRAD  
 ==============     0.10E+01 added to diagonal of error matrix
 EIGENVALUES OF SECOND-DERIVATIVE MATRIX:
        -0.1128E+01  0.8265E+00  0.9981E+00  0.1155E+01  0.3148E+01
 MINUIT WARNING IN HESSE   
 ============== MATRIX FORCED POS-DEF BY ADDING   1.1308     TO DIAGONAL.
 EIGENVALUES OF SECOND-DERIVATIVE MATRIX:
        -0.7537E+13  0.9108E+00  0.1001E+01  0.1088E+01  0.7537E+13
 MINUIT WARNING IN HESSE   
 ============== MATRIX FORCED POS-DEF BY ADDING  0.75447E+13 TO DIAGONAL.
   MNFIT_DRIVER: MIGRAD returns IERR =            0
  ------------------------------------------------ 
  
    MNFIT_DRIVER: extract fit parameters with MNPOUT
   MNFIT_DRIVER: EXIT returns IERR =           11
       CID PScH540118  fitpar( 1):ITER           =  3.0000     +/-  0.000    (P)
       CID PScH540118  fitpar( 3):PKMJD          =   56518.339 +/- 0.5134    (?)
       CID PScH540118  fitpar( 4):STRETCH        =  1.0185     +/- 0.8580E-03(?)
       CID PScH540118  fitpar( 6):AV             = 0.46217     +/- 0.2213    (?)
       CID PScH540118  fitpar( 7):AVRV           = -.46217E-01 +/- 0.6459E-01(?)
       CID PScH540118  fitpar( 8):DLMAG          =  41.830     +/- 0.9495E-08(P)
  
  ######################################################## 
    FITANA_CUTS: APPLY FIT-CUTS TO SN PScH540118                
  ######################################################## 
  
                     PEAKMJD =  56518.340 PASSES CUT.                    
                    TobsMin =  -12.8     PASSES CUT.
                    TobsMax =   57.0     PASSES CUT.
                   Trestmin =  -8.70     PASSES CUT.
                   Trestmax =   38.6     PASSES CUT.
                    TGAPmax =   4.74     PASSES CUT.
                   T0GAPmax =   4.74     PASSES CUT.
           FITWIN_TREST(min) =  -8.70     PASSES CUT.                    
           FITWIN_TREST(max) =   38.6     PASSES CUT.                    
           FITWIN_TRESTRANGE =   47.3     PASSES CUT.                    
                      FITCOV              PASSES CUT.                    
                     FITPROB =  0.715     PASSES CUT.                    
                 CHI2(SIGMA) =   0.00     PASSES CUT.                    
                NFILT_SNRMAX =    6       PASSES CUT.                    
               NFILT_SNRMAX2 =    6       PASSES CUT.                    
              NFILT_TRESTMIN =    5       PASSES CUT.                    
              NFILT_TRESTMAX =    5       PASSES CUT.                    
            MINOS ERROR EVALUATIONS   PASSES CUT.                        
    CID PScH540118  PASSES FIT-CUTS 

  
  ######################################################## 
    LC FIT SUMMARY for CID=PScH540118                           
  ######################################################## 
  
 Quantity          g          r          i          z          H
 --------------------------------------------------------------------------------
   NEPOCH         45         50         48         47          3
  NREJECT         37         41         35         35          0
     NDOF          8          9         13         12          3
     CHI2       3.46       7.82      13.39       9.29       0.55
     PROB       0.90       0.55       0.42       0.68       0.91
  PeakMag      23.22      22.39      22.64      22.65      24.02
  PeakErr       0.00       0.00       0.00       0.00       0.00
     XTMW       0.11       0.08       0.06       0.05       0.02
  XTMWerr       0.02       0.01       0.01       0.01       0.00
 --------------------------------------------------------------------------------
   Trest FIT RANGE(PScH540118):   -8.69 to   38.58   (relative to FIT-PEAKMJD)
   MJD   FIT RANGE(PScH540118): 56505.5 to 56575.3
   REST-PEAKMAGS(BVgriJYH) :   0.69  0.79  0.68  0.91  1.52  1.30  1.60  1.37  
   REST-PEAKERRS(BVgriJYH) :   0.00  0.00  0.00  0.00  0.00  0.00  0.00  0.00  
  
   MINUIT MINIMUM (PScH540118) returns TOTAL   CHI2/dof=  34.5    / 40   PROB=0.71510
   MINUIT MINIMUM (PScH540118) returns DATA    CHI2/dof=  34.5    / 40   PROB=0.71533
   MINUIT MINIMUM (PScH540118) returns PRIOR   CHI2/dof= 0.558E-02/  0   PROB=1.00000
  
	 MAKEDIR_ROOT : Created MONSN/SNPScH540118
         SNLCPAK: pack CID = PScH540118 for plotting.
	 CDTOPDIR_ROOT : return to top dir.
     Finished fitting CID = PScH540118
  
  *-*-*-*-*-*-*-*-*-*-*-*-*-*-*-*-*-*-*-*-*-*-*-*-*-*-*-*-*-*-*-*-*-*-*-*-*-*-
   Assign integer CID=    16 for PScJ440005
     Done Reading CID PScJ440005        NMJD(found,stored)= 184  184
       Analyze ISN=      16  for PScJ440005      NMJD(stored,cuts)= 184-> 184
  
  ######################################################## 
    FITPAR_PREP: Begin FIT-ITERATION  1 for CID PScJ440005              
  ######################################################## 
  
    CID PScJ440005 : FIT OBSERVER FILTERS grizJH
  
  ######################################################## 
    FITINI_COV: init fit arrays for CID=PScJ440005 ITER=1       
  ######################################################## 
  
       184  Filter-epochs ACCEPTED for fit.
         0  Filter-epochs REJECTED for fit.
    PScJ440005(ITER=1): Use DIAGONAL Covariance elements only.
  
  ######################################################## 
    FITINI_ADJUST for CID=      16   (PScJ440005)               
  ######################################################## 
  
   FCNSNLC(BEFORE FITINI_ADJUST)    returns   CHI2=    885.02/184
     Adjust PKMJD/AV=56218.898/ 0.010 ==> 56218.898/ 0.450  (CHI2=    308.51)
   grizJH Data/Model flux-ratio :  0.786  0.848  1.068  1.120  1.522  1.131  
       DLMAG =   41.0     ==>   40.9    
   FCNSNLC(AFTER  FITINI_ADJUST)    returns   CHI2=    310.58/184

 ############################################################

    CALL MNFIT_DRIVER for ISN=   16   CID=PScJ440005   NFITPAR=  9   iter=1

 ############################################################

  MINUIT RELEASE 96.03  INITIALIZED.   DIMENSIONS 100/110  EPSMAC=  0.89E-15
   Set MINUIT STRATEGY =            2
  
  ------------------------------------------------ 
    MNFIT_DRIVER: begin fit with MINIMIZE 
   MNFIT_DRIVER: MIGRAD returns IERR =            0
  ------------------------------------------------ 
  
    MNFIT_DRIVER: extract fit parameters with MNPOUT
   MNFIT_DRIVER: EXIT returns IERR =           11
       CID PScJ440005  fitpar( 1):ITER           =  1.0000     +/-  0.000    (P)
       CID PScJ440005  fitpar( 3):PKMJD          =   56217.963 +/- 0.4274    (P)
       CID PScJ440005  fitpar( 4):STRETCH        =  1.1708     +/- 0.1947E-03(P)
       CID PScJ440005  fitpar( 6):AV             = 0.93759     +/- 0.1752    (P)
       CID PScJ440005  fitpar( 7):AVRV           = 0.24118     +/- 0.6241E-01(P)
       CID PScJ440005  fitpar( 8):DLMAG          =  40.503     +/- 0.1539    (P)
  
  ######################################################## 
    FITPAR_PREP: Begin FIT-ITERATION  2 for CID PScJ440005              
  ######################################################## 
  
    CID PScJ440005 : FIT OBSERVER FILTERS grizJH
  
  ######################################################## 
    FITINI_COV: init fit arrays for CID=PScJ440005 ITER=2       
  ######################################################## 
  
        49  Filter-epochs ACCEPTED for fit.
       135  Filter-epochs REJECTED for fit.
    PScJ440005(ITER=2): Use full   49 x   49 Covariance matrix.                     
    PScJ440005(ITER=2): Add covariance from Galactic extinction
    PScJ440005(ITER=2): Inverted COVMAT with   2401 non-zero elements       

 ############################################################

    CALL MNFIT_DRIVER for ISN=   16   CID=PScJ440005   NFITPAR=  9   iter=2

 ############################################################

  MINUIT RELEASE 96.03  INITIALIZED.   DIMENSIONS 100/110  EPSMAC=  0.89E-15
   Set MINUIT STRATEGY =            2
  
  ------------------------------------------------ 
    MNFIT_DRIVER: begin fit with MINIMIZE 
   MNFIT_DRIVER: MIGRAD returns IERR =            0
  ------------------------------------------------ 
  
    MNFIT_DRIVER: extract fit parameters with MNPOUT
   MNFIT_DRIVER: EXIT returns IERR =           11
       CID PScJ440005  fitpar( 1):ITER           =  2.0000     +/-  0.000    (P)
       CID PScJ440005  fitpar( 3):PKMJD          =   56217.884 +/- 0.4696    (P)
       CID PScJ440005  fitpar( 4):STRETCH        =  1.1708     +/- 0.1235E-03(P)
       CID PScJ440005  fitpar( 6):AV             = 0.90714     +/- 0.1350    (P)
       CID PScJ440005  fitpar( 7):AVRV           = 0.24769     +/- 0.4243E-01(P)
       CID PScJ440005  fitpar( 8):DLMAG          =  40.531     +/- 0.1191    (P)
  
  ######################################################## 
    FITPAR_PREP: Begin FIT-ITERATION  3 for CID PScJ440005              
  ######################################################## 
  
    CID PScJ440005 : FIT OBSERVER FILTERS grizJH
  
  ######################################################## 
    FITINI_COV: init fit arrays for CID=PScJ440005 ITER=3       
  ######################################################## 
  
        49  Filter-epochs ACCEPTED for fit.
       135  Filter-epochs REJECTED for fit.
    PScJ440005(ITER=3): Use full   49 x   49 Covariance matrix.                     
    PScJ440005(ITER=3): Add covariance from Galactic extinction
    PScJ440005(ITER=3): Inverted COVMAT with   2401 non-zero elements       
  
    CID=PScJ440005 : g-band KCOR = K_Bg ; AVwarp from B-g   (OPT= 2)
    CID=PScJ440005 : r-band KCOR = K_gr ; AVwarp from g-B   (OPT= 2)
    CID=PScJ440005 : i-band KCOR = K_ri ; AVwarp from r-V   (OPT= 2)
    CID=PScJ440005 : z-band KCOR = K_rz ; AVwarp from r-i   (OPT= 2)
    CID=PScJ440005 : J-band KCOR = K_YJ ; AVwarp from Y-i   (OPT= 2)
    CID=PScJ440005 : H-band KCOR = K_JH ; AVwarp from J-Y   (OPT= 2)

 ############################################################

    CALL MNFIT_DRIVER for ISN=   16   CID=PScJ440005   NFITPAR=  9   iter=3

 ############################################################

  MINUIT RELEASE 96.03  INITIALIZED.   DIMENSIONS 100/110  EPSMAC=  0.89E-15
   Set MINUIT STRATEGY =            2
  
  ------------------------------------------------ 
    MNFIT_DRIVER: begin fit with MINIMIZE 
   MNFIT_DRIVER: MIGRAD returns IERR =            0
  ------------------------------------------------ 
  
    MNFIT_DRIVER: extract fit parameters with MNPOUT
   MNFIT_DRIVER: EXIT returns IERR =           11
       CID PScJ440005  fitpar( 1):ITER           =  3.0000     +/-  0.000    (P)
       CID PScJ440005  fitpar( 3):PKMJD          =   56217.888 +/- 0.3211    (P)
       CID PScJ440005  fitpar( 4):STRETCH        =  1.1708     +/- 0.1256E-03(P)
       CID PScJ440005  fitpar( 6):AV             = 0.90684     +/- 0.1353    (P)
       CID PScJ440005  fitpar( 7):AVRV           = 0.24751     +/- 0.4216E-01(P)
       CID PScJ440005  fitpar( 8):DLMAG          =  40.531     +/- 0.1193    (P)
  
  ######################################################## 
    FITANA_CUTS: APPLY FIT-CUTS TO SN PScJ440005                
  ######################################################## 
  
                     PEAKMJD =  56217.887 PASSES CUT.                    
                    TobsMin =  -13.4     PASSES CUT.
                    TobsMax =   53.5     PASSES CUT.
                   Trestmin =  -10.3     PASSES CUT.
                   Trestmax =   41.0     PASSES CUT.
                    TGAPmax =   6.49     PASSES CUT.
                   T0GAPmax =   6.49     PASSES CUT.
           FITWIN_TREST(min) =  -10.3     PASSES CUT.                    
           FITWIN_TREST(max) =   41.0     PASSES CUT.                    
           FITWIN_TRESTRANGE =   51.2     PASSES CUT.                    
                      FITCOV              PASSES CUT.                    
                     FITPROB =  0.127     PASSES CUT.                    
                 CHI2(SIGMA) =   0.00     PASSES CUT.                    
                NFILT_SNRMAX =    6       PASSES CUT.                    
               NFILT_SNRMAX2 =    6       PASSES CUT.                    
              NFILT_TRESTMIN =    6       PASSES CUT.                    
              NFILT_TRESTMAX =    6       PASSES CUT.                    
            MINOS ERROR EVALUATIONS   PASSES CUT.                        
    CID PScJ440005  PASSES FIT-CUTS 

  
  ######################################################## 
    LC FIT SUMMARY for CID=PScJ440005                           
  ######################################################## 
  
 Quantity          g          r          i          z          J          H
 --------------------------------------------------------------------------------
   NEPOCH         34         33         48         63          3          3
  NREJECT         25         24         37         49          0          0
     NDOF          9          9         11         14          3          3
     CHI2       6.31       3.43      10.73       5.49      18.64      10.20
     PROB       0.71       0.94       0.47       0.98       0.00       0.02
  PeakMag      22.34      21.92      21.83      21.92      22.54      22.80
  PeakErr       0.05       0.03       0.02       0.02       0.03       0.05
     XTMW       0.03       0.02       0.02       0.01       0.01       0.00
  XTMWerr       0.00       0.00       0.00       0.00       0.00       0.00
 --------------------------------------------------------------------------------
   Trest FIT RANGE(PScJ440005):  -10.25 to   40.97   (relative to FIT-PEAKMJD)
   MJD   FIT RANGE(PScJ440005): 56204.5 to 56271.4
   REST-PEAKMAGS(BVgriJYH) :   1.43  1.21  1.30  1.23  1.70  1.30  1.56  1.33  
   REST-PEAKERRS(BVgriJYH) :   0.10  0.12  0.11  0.12  0.11  0.06  0.08  0.04  
  
   MINUIT MINIMUM (PScJ440005) returns TOTAL   CHI2/dof=  54.8    / 44   PROB=0.12727
   MINUIT MINIMUM (PScJ440005) returns DATA    CHI2/dof=  54.8    / 44   PROB=0.12744
   MINUIT MINIMUM (PScJ440005) returns PRIOR   CHI2/dof= 0.869E-02/  0   PROB=1.00000
  
	 MAKEDIR_ROOT : Created MONSN/SNPScJ440005
         SNLCPAK: pack CID = PScJ440005 for plotting.
	 CDTOPDIR_ROOT : return to top dir.
     Finished fitting CID = PScJ440005
  
  *-*-*-*-*-*-*-*-*-*-*-*-*-*-*-*-*-*-*-*-*-*-*-*-*-*-*-*-*-*-*-*-*-*-*-*-*-*-
   Assign integer CID=    17 for PScJ440236
     Done Reading CID PScJ440236        NMJD(found,stored)= 234  234
       Analyze ISN=      17  for PScJ440236      NMJD(stored,cuts)= 234-> 234
  
  ######################################################## 
    FITPAR_PREP: Begin FIT-ITERATION  1 for CID PScJ440236              
  ######################################################## 
  
    CID PScJ440236 : FIT OBSERVER FILTERS grizJH
  
  ######################################################## 
    FITINI_COV: init fit arrays for CID=PScJ440236 ITER=1       
  ######################################################## 
  
       234  Filter-epochs ACCEPTED for fit.
         0  Filter-epochs REJECTED for fit.
    PScJ440236(ITER=1): Use DIAGONAL Covariance elements only.
  
  ######################################################## 
    FITINI_ADJUST for CID=      17   (PScJ440236)               
  ######################################################## 
  
   FCNSNLC(BEFORE FITINI_ADJUST)    returns   CHI2=    337.82/234
     Adjust PKMJD/AV=56208.301/ 0.010 ==> 56204.301/-0.050  (CHI2=    271.42)
   grizJH Data/Model flux-ratio :  0.990  1.059  0.939  0.939  1.082  1.080  
       DLMAG =   41.9     ==>   41.9    
   FCNSNLC(AFTER  FITINI_ADJUST)    returns   CHI2=    270.10/234

 ############################################################

    CALL MNFIT_DRIVER for ISN=   17   CID=PScJ440236   NFITPAR=  9   iter=1

 ############################################################

  MINUIT RELEASE 96.03  INITIALIZED.   DIMENSIONS 100/110  EPSMAC=  0.89E-15
   Set MINUIT STRATEGY =            2
  
  ------------------------------------------------ 
    MNFIT_DRIVER: begin fit with MINIMIZE 
 EIGENVALUES OF SECOND-DERIVATIVE MATRIX:
        -0.9820E+00  0.1692E-01  0.3413E+00  0.1738E+01  0.3886E+01
 MINUIT WARNING IN HESSE   
 ============== MATRIX FORCED POS-DEF BY ADDING  0.98584     TO DIAGONAL.
 MINUIT WARNING IN MIGRAD  
 ============== Negative diagonal element  2 in Error Matrix
 MINUIT WARNING IN MIGRAD  
 ==============     0.10E+01 added to diagonal of error matrix
 MINUIT WARNING IN MIGRAD  
 ============== Negative diagonal element  2 in Error Matrix
 MINUIT WARNING IN MIGRAD  
 ============== Negative diagonal element  3 in Error Matrix
 MINUIT WARNING IN MIGRAD  
 ============== Negative diagonal element  4 in Error Matrix
 MINUIT WARNING IN MIGRAD  
 ============== Negative diagonal element  5 in Error Matrix
 MINUIT WARNING IN MIGRAD  
 ==============     0.10E+01 added to diagonal of error matrix
 MINUIT WARNING IN MIGRAD  
 ============== Negative diagonal element  2 in Error Matrix
 MINUIT WARNING IN MIGRAD  
 ==============     0.10E+01 added to diagonal of error matrix
   MNFIT_DRIVER: MIGRAD returns IERR =            0
  ------------------------------------------------ 
  
    MNFIT_DRIVER: extract fit parameters with MNPOUT
   MNFIT_DRIVER: EXIT returns IERR =           11
       CID PScJ440236  fitpar( 1):ITER           =  1.0000     +/-  0.000    (P)
       CID PScJ440236  fitpar( 3):PKMJD          =   56206.944 +/- 0.2622    (P)
       CID PScJ440236  fitpar( 4):STRETCH        =  1.1246     +/- 0.4954E-03(P)
       CID PScJ440236  fitpar( 6):AV             = 0.65256     +/- 0.1116    (P)
       CID PScJ440236  fitpar( 7):AVRV           = 0.20615E-03 +/- 0.3284E-01(P)
       CID PScJ440236  fitpar( 8):DLMAG          =  41.274     +/- 0.9472E-01(P)
  
  ######################################################## 
    FITPAR_PREP: Begin FIT-ITERATION  2 for CID PScJ440236              
  ######################################################## 
  
    CID PScJ440236 : FIT OBSERVER FILTERS grizJH
  
  ######################################################## 
    FITINI_COV: init fit arrays for CID=PScJ440236 ITER=2       
  ######################################################## 
  
        50  Filter-epochs ACCEPTED for fit.
       184  Filter-epochs REJECTED for fit.
    PScJ440236(ITER=2): Use full   50 x   50 Covariance matrix.                     
    PScJ440236(ITER=2): Add covariance from Galactic extinction
    PScJ440236(ITER=2): Inverted COVMAT with   2500 non-zero elements       

 ############################################################

    CALL MNFIT_DRIVER for ISN=   17   CID=PScJ440236   NFITPAR=  9   iter=2

 ############################################################

  MINUIT RELEASE 96.03  INITIALIZED.   DIMENSIONS 100/110  EPSMAC=  0.89E-15
   Set MINUIT STRATEGY =            2
  
  ------------------------------------------------ 
    MNFIT_DRIVER: begin fit with MINIMIZE 
 EIGENVALUES OF SECOND-DERIVATIVE MATRIX:
        -0.3657E-12  0.1561E-01  0.1557E+00  0.1820E+01  0.3009E+01
 MINUIT WARNING IN MIGRAD  
 ============== MATRIX FORCED POS-DEF BY ADDING  0.30087E-02 TO DIAGONAL.
 EIGENVALUES OF SECOND-DERIVATIVE MATRIX:
        -0.2754E+01  0.6784E-01  0.1374E+01  0.2000E+01  0.4312E+01
 MINUIT WARNING IN HESSE   
 ============== MATRIX FORCED POS-DEF BY ADDING   2.7583     TO DIAGONAL.
   MNFIT_DRIVER: MIGRAD returns IERR =            4
  ------------------------------------------------ 
  
    MNFIT_DRIVER: extract fit parameters with MNPOUT
   MNFIT_DRIVER: EXIT returns IERR =           11
       CID PScJ440236  fitpar( 1):ITER           =  2.0000     +/-  0.000    (P)
       CID PScJ440236  fitpar( 3):PKMJD          =   56204.927 +/- 0.7187    (P)
       CID PScJ440236  fitpar( 4):STRETCH        =  1.1277     +/- 0.5617E-01(P)
       CID PScJ440236  fitpar( 6):AV             = 0.46852     +/- 0.1116    (?)
       CID PScJ440236  fitpar( 7):AVRV           = -.46853E-01 +/- 0.3284E-01(?)
       CID PScJ440236  fitpar( 8):DLMAG          =  41.427     +/- 0.2360E-01(P)
  
  ######################################################## 
    FITPAR_PREP: Begin FIT-ITERATION  3 for CID PScJ440236              
  ######################################################## 
  
    CID PScJ440236 : FIT OBSERVER FILTERS grizJH
  
  ######################################################## 
    FITINI_COV: init fit arrays for CID=PScJ440236 ITER=3       
  ######################################################## 
  
        50  Filter-epochs ACCEPTED for fit.
       184  Filter-epochs REJECTED for fit.
    PScJ440236(ITER=3): Use full   50 x   50 Covariance matrix.                     
    PScJ440236(ITER=3): Add covariance from Galactic extinction
    PScJ440236(ITER=3): Inverted COVMAT with   2500 non-zero elements       
  
    CID=PScJ440236 : g-band KCOR = K_Bg ; AVwarp from B-g   (OPT= 2)
    CID=PScJ440236 : r-band KCOR = K_Br ; AVwarp from B-g   (OPT= 2)
    CID=PScJ440236 : i-band KCOR = K_gi ; AVwarp from g-V   (OPT= 2)
    CID=PScJ440236 : z-band KCOR = K_rz ; AVwarp from r-V   (OPT= 2)
    CID=PScJ440236 : J-band KCOR = K_iJ ; AVwarp from i-Y   (OPT= 2)
    CID=PScJ440236 : H-band KCOR = K_YH ; AVwarp from Y-J   (OPT= 2)

 ############################################################

    CALL MNFIT_DRIVER for ISN=   17   CID=PScJ440236   NFITPAR=  9   iter=3

 ############################################################

  MINUIT RELEASE 96.03  INITIALIZED.   DIMENSIONS 100/110  EPSMAC=  0.89E-15
   Set MINUIT STRATEGY =            2
  
  ------------------------------------------------ 
    MNFIT_DRIVER: begin fit with MINIMIZE 
 EIGENVALUES OF SECOND-DERIVATIVE MATRIX:
        -0.2478E+01  0.2328E-01  0.1629E+01  0.2000E+01  0.3825E+01
 MINUIT WARNING IN HESSE   
 ============== MATRIX FORCED POS-DEF BY ADDING   2.4817     TO DIAGONAL.
 EIGENVALUES OF SECOND-DERIVATIVE MATRIX:
        -0.1017E+01  0.9255E-01  0.3682E+00  0.2333E+01  0.3223E+01
 MINUIT WARNING IN HESSE   
 ============== MATRIX FORCED POS-DEF BY ADDING   1.0203     TO DIAGONAL.
 EIGENVALUES OF SECOND-DERIVATIVE MATRIX:
        -0.1020E+01  0.1329E+00  0.3755E+00  0.2294E+01  0.3218E+01
 MINUIT WARNING IN HESSE   
 ============== MATRIX FORCED POS-DEF BY ADDING   1.0235     TO DIAGONAL.
 EIGENVALUES OF SECOND-DERIVATIVE MATRIX:
        -0.1016E+01 -0.1772E+00  0.9739E+00  0.2213E+01  0.3007E+01
 MINUIT WARNING IN HESSE   
 ============== MATRIX FORCED POS-DEF BY ADDING   1.0195     TO DIAGONAL.
 EIGENVALUES OF SECOND-DERIVATIVE MATRIX:
        -0.1016E+01  0.1713E+00  0.9738E+00  0.1867E+01  0.3003E+01
 MINUIT WARNING IN HESSE   
 ============== MATRIX FORCED POS-DEF BY ADDING   1.0185     TO DIAGONAL.
   MNFIT_DRIVER: MIGRAD returns IERR =            4
  ------------------------------------------------ 
  
    MNFIT_DRIVER: extract fit parameters with MNPOUT
   MNFIT_DRIVER: EXIT returns IERR =           11
       CID PScJ440236  fitpar( 1):ITER           =  3.0000     +/-  0.000    (P)
       CID PScJ440236  fitpar( 3):PKMJD          =   56206.348 +/- 0.5708    (P)
       CID PScJ440236  fitpar( 4):STRETCH        =  1.1708     +/- 0.2248E-02(P)
       CID PScJ440236  fitpar( 6):AV             = 0.46851     +/- 0.1116    (?)
       CID PScJ440236  fitpar( 7):AVRV           = -.46852E-01 +/- 0.3284E-01(?)
       CID PScJ440236  fitpar( 8):DLMAG          =  41.463     +/- 0.9648E-01(P)
    Bad COV matrix (MNSTAT_COV= 2) -> repeat fit for CID=PScJ440236  
  
  ######################################################## 
    FITPAR_PREP: Begin FIT-ITERATION  3 for CID PScJ440236   (again)    
  ######################################################## 
  
    CID PScJ440236 : FIT OBSERVER FILTERS grizJH
  
  ######################################################## 
    FITINI_COV: init fit arrays for CID=PScJ440236 ITER=3       
  ######################################################## 
  
        50  Filter-epochs ACCEPTED for fit.
       184  Filter-epochs REJECTED for fit.
    PScJ440236(ITER=3): Use full   50 x   50 Covariance matrix.                     
    PScJ440236(ITER=3): Add covariance from Galactic extinction
    PScJ440236(ITER=3): Inverted COVMAT with   2500 non-zero elements       
  
    CID=PScJ440236 : g-band KCOR = K_Bg ; AVwarp from B-g   (OPT= 2)
    CID=PScJ440236 : r-band KCOR = K_Br ; AVwarp from B-g   (OPT= 2)
    CID=PScJ440236 : i-band KCOR = K_gi ; AVwarp from g-V   (OPT= 2)
    CID=PScJ440236 : z-band KCOR = K_rz ; AVwarp from r-V   (OPT= 2)
    CID=PScJ440236 : J-band KCOR = K_iJ ; AVwarp from i-Y   (OPT= 2)
    CID=PScJ440236 : H-band KCOR = K_YH ; AVwarp from Y-J   (OPT= 2)

 ############################################################

    CALL MNFIT_DRIVER for ISN=   17   CID=PScJ440236   NFITPAR=  9   iter=3

 ############################################################

  MINUIT RELEASE 96.03  INITIALIZED.   DIMENSIONS 100/110  EPSMAC=  0.89E-15
   Set MINUIT STRATEGY =            2
  
  ------------------------------------------------ 
    MNFIT_DRIVER: begin fit with MINIMIZE 
 EIGENVALUES OF SECOND-DERIVATIVE MATRIX:
        -0.2369E+01  0.9872E+00  0.1026E+01  0.2000E+01  0.3356E+01
 MINUIT WARNING IN HESSE   
 ============== MATRIX FORCED POS-DEF BY ADDING   2.3720     TO DIAGONAL.
 EIGENVALUES OF SECOND-DERIVATIVE MATRIX:
        -0.2158E-03  0.7351E+00  0.7752E+00  0.1227E+01  0.2263E+01
 MINUIT WARNING IN MIGRAD  
 ============== MATRIX FORCED POS-DEF BY ADDING  0.24788E-02 TO DIAGONAL.
 EIGENVALUES OF SECOND-DERIVATIVE MATRIX:
        -0.2372E+01  0.9926E+00  0.1024E+01  0.2000E+01  0.3355E+01
 MINUIT WARNING IN HESSE   
 ============== MATRIX FORCED POS-DEF BY ADDING   2.3753     TO DIAGONAL.
 EIGENVALUES OF SECOND-DERIVATIVE MATRIX:
        -0.1229E+01  0.8800E+00  0.1003E+01  0.1127E+01  0.3218E+01
 MINUIT WARNING IN HESSE   
 ============== MATRIX FORCED POS-DEF BY ADDING   1.2320     TO DIAGONAL.
   MNFIT_DRIVER: MIGRAD returns IERR =            4
  ------------------------------------------------ 
  
    MNFIT_DRIVER: extract fit parameters with MNPOUT
   MNFIT_DRIVER: EXIT returns IERR =           11
       CID PScJ440236  fitpar( 1):ITER           =  3.0000     +/-  0.000    (P)
       CID PScJ440236  fitpar( 3):PKMJD          =   56206.369 +/- 0.3236    (P)
       CID PScJ440236  fitpar( 4):STRETCH        =  1.1708     +/- 0.3528E-03(P)
       CID PScJ440236  fitpar( 6):AV             = 0.46852     +/- 0.1116    (?)
       CID PScJ440236  fitpar( 7):AVRV           = -.46853E-01 +/- 0.3284E-01(?)
       CID PScJ440236  fitpar( 8):DLMAG          =  41.463     +/- 0.1507E-01(P)
  
  ######################################################## 
    FITANA_CUTS: APPLY FIT-CUTS TO SN PScJ440236                
  ######################################################## 
  
                     PEAKMJD =  56206.371 PASSES CUT.                    
                    TobsMin =  -9.77     PASSES CUT.
                    TobsMax =   63.9     PASSES CUT.
                   Trestmin =  -6.83     PASSES CUT.
                   Trestmax =   44.7     PASSES CUT.
                    TGAPmax =   11.8     PASSES CUT.
                   T0GAPmax =   11.8     PASSES CUT.
           FITWIN_TREST(min) =  -6.83     PASSES CUT.                    
           FITWIN_TREST(max) =   44.7     PASSES CUT.                    
           FITWIN_TRESTRANGE =   51.5     PASSES CUT.                    
                      FITCOV              PASSES CUT.                    
                     FITPROB =  0.173E-04 PASSES CUT.                    
                 CHI2(SIGMA) =   0.00     PASSES CUT.                    
                NFILT_SNRMAX =    6       PASSES CUT.                    
               NFILT_SNRMAX2 =    6       PASSES CUT.                    
              NFILT_TRESTMIN =    6       PASSES CUT.                    
              NFILT_TRESTMAX =    6       PASSES CUT.                    
            MINOS ERROR EVALUATIONS   PASSES CUT.                        
    CID PScJ440236  PASSES FIT-CUTS 

  
  ######################################################## 
    LC FIT SUMMARY for CID=PScJ440236                           
  ######################################################## 
  
 Quantity          g          r          i          z          J          H
 --------------------------------------------------------------------------------
   NEPOCH         49         52         55         72          3          3
  NREJECT         41         42         44         57          0          0
     NDOF          8         10         11         15          3          3
     CHI2       5.67      17.66      11.45      24.18       7.90      29.93
     PROB       0.68       0.06       0.41       0.06       0.05       0.00
  PeakMag      22.85      22.02      22.22      22.32      23.09      23.58
  PeakErr       0.02       0.01       0.01       0.01       0.01       0.01
     XTMW       0.08       0.06       0.05       0.04       0.02       0.01
  XTMWerr       0.01       0.01       0.01       0.01       0.00       0.00
 --------------------------------------------------------------------------------
   Trest FIT RANGE(PScJ440236):   -6.83 to   44.71   (relative to FIT-PEAKMJD)
   MJD   FIT RANGE(PScJ440236): 56196.6 to 56270.3
   REST-PEAKMAGS(BVgriJYH) :   0.69  0.74  0.65  0.88  1.47  1.23  1.47  1.29  
   REST-PEAKERRS(BVgriJYH) :   0.00  0.00  0.00  0.00  0.00  0.00  0.00  0.00  
  
   MINUIT MINIMUM (PScJ440236) returns TOTAL   CHI2/dof=  96.9    / 46   PROB=0.00002
   MINUIT MINIMUM (PScJ440236) returns DATA    CHI2/dof=  96.8    / 45   PROB=0.00001
   MINUIT MINIMUM (PScJ440236) returns PRIOR   CHI2/dof= 0.888E-01/  1   PROB=0.76566
  
	 MAKEDIR_ROOT : Created MONSN/SNPScJ440236
         SNLCPAK: pack CID = PScJ440236 for plotting.
	 CDTOPDIR_ROOT : return to top dir.
     Finished fitting CID = PScJ440236
  
  *-*-*-*-*-*-*-*-*-*-*-*-*-*-*-*-*-*-*-*-*-*-*-*-*-*-*-*-*-*-*-*-*-*-*-*-*-*-
   Assign integer CID=    18 for PScJ550202
     Done Reading CID PScJ550202        NMJD(found,stored)= 143  143

    *** DUPLICATE MJD WARNING *** CID=PScJ550202   MJD=55479.300   BAND=r   FIELD=VOID  

       Analyze ISN=      18  for PScJ550202      NMJD(stored,cuts)= 143-> 143
  
  ######################################################## 
    FITPAR_PREP: Begin FIT-ITERATION  1 for CID PScJ550202              
  ######################################################## 
  
    CID PScJ550202 : FIT OBSERVER FILTERS grizJH
  
  ######################################################## 
    FITINI_COV: init fit arrays for CID=PScJ550202 ITER=1       
  ######################################################## 
  
       143  Filter-epochs ACCEPTED for fit.
         0  Filter-epochs REJECTED for fit.
    PScJ550202(ITER=1): Use DIAGONAL Covariance elements only.
  
  ######################################################## 
    FITINI_ADJUST for CID=      18   (PScJ550202)               
  ######################################################## 
  
   FCNSNLC(BEFORE FITINI_ADJUST)    returns   CHI2=    202.21/143
     Adjust PKMJD/AV=56571.000/ 0.010 ==> 56569.000/-0.150  (CHI2=    156.06)
   grizJH Data/Model flux-ratio :  1.000  1.029  0.900  0.571  1.005  1.131  
       DLMAG =   41.8     ==>   41.9    
   FCNSNLC(AFTER  FITINI_ADJUST)    returns   CHI2=    170.18/143

 ############################################################

    CALL MNFIT_DRIVER for ISN=   18   CID=PScJ550202   NFITPAR=  9   iter=1

 ############################################################

  MINUIT RELEASE 96.03  INITIALIZED.   DIMENSIONS 100/110  EPSMAC=  0.89E-15
   Set MINUIT STRATEGY =            2
  
  ------------------------------------------------ 
    MNFIT_DRIVER: begin fit with MINIMIZE 
 EIGENVALUES OF SECOND-DERIVATIVE MATRIX:
        -0.2490E+00  0.2846E-01  0.9800E+00  0.1431E+01  0.2809E+01
 MINUIT WARNING IN HESSE   
 ============== MATRIX FORCED POS-DEF BY ADDING  0.25178     TO DIAGONAL.
 MINUIT WARNING IN MIGRAD  
 ============== Negative diagonal element  1 in Error Matrix
 MINUIT WARNING IN MIGRAD  
 ============== Negative diagonal element  2 in Error Matrix
 MINUIT WARNING IN MIGRAD  
 ============== Negative diagonal element  3 in Error Matrix
 MINUIT WARNING IN MIGRAD  
 ============== Negative diagonal element  4 in Error Matrix
 MINUIT WARNING IN MIGRAD  
 ============== Negative diagonal element  5 in Error Matrix
 MINUIT WARNING IN MIGRAD  
 ==============     0.10E+01 added to diagonal of error matrix
 EIGENVALUES OF SECOND-DERIVATIVE MATRIX:
        -0.4097E+00  0.1638E-01  0.1169E+01  0.1627E+01  0.2598E+01
 MINUIT WARNING IN HESSE   
 ============== MATRIX FORCED POS-DEF BY ADDING  0.41232     TO DIAGONAL.
 MINUIT WARNING IN MIGRAD  
 ============== Negative diagonal element  1 in Error Matrix
 MINUIT WARNING IN MIGRAD  
 ============== Negative diagonal element  2 in Error Matrix
 MINUIT WARNING IN MIGRAD  
 ==============     0.10E+01 added to diagonal of error matrix
 MINUIT WARNING IN MIGRAD  
 ============== Negative diagonal element  2 in Error Matrix
 MINUIT WARNING IN MIGRAD  
 ============== Negative diagonal element  5 in Error Matrix
 MINUIT WARNING IN MIGRAD  
 ==============     0.10E+01 added to diagonal of error matrix
   MNFIT_DRIVER: MIGRAD returns IERR =            4
  ------------------------------------------------ 
  
    MNFIT_DRIVER: extract fit parameters with MNPOUT
   MNFIT_DRIVER: EXIT returns IERR =           11
       CID PScJ550202  fitpar( 1):ITER           =  1.0000     +/-  0.000    (P)
       CID PScJ550202  fitpar( 3):PKMJD          =   56569.580 +/- 0.3198    (P)
       CID PScJ550202  fitpar( 4):STRETCH        =  1.1200     +/- 0.2037E-01(P)
       CID PScJ550202  fitpar( 6):AV             = 0.77454     +/- 0.1989    (P)
       CID PScJ550202  fitpar( 7):AVRV           = -.17324     +/- 0.8760E-01(P)
       CID PScJ550202  fitpar( 8):DLMAG          =  41.074     +/- 0.1606    (P)
  
  ######################################################## 
    FITPAR_PREP: Begin FIT-ITERATION  2 for CID PScJ550202              
  ######################################################## 
  
    CID PScJ550202 : FIT OBSERVER FILTERS grizJH
  
  ######################################################## 
    FITINI_COV: init fit arrays for CID=PScJ550202 ITER=2       
  ######################################################## 
  
        23  Filter-epochs ACCEPTED for fit.
       120  Filter-epochs REJECTED for fit.
    PScJ550202(ITER=2): Use full   23 x   23 Covariance matrix.                     
    PScJ550202(ITER=2): Add covariance from Galactic extinction
    PScJ550202(ITER=2): Inverted COVMAT with    529 non-zero elements       

 ############################################################

    CALL MNFIT_DRIVER for ISN=   18   CID=PScJ550202   NFITPAR=  9   iter=2

 ############################################################

  MINUIT RELEASE 96.03  INITIALIZED.   DIMENSIONS 100/110  EPSMAC=  0.89E-15
   Set MINUIT STRATEGY =            2
  
  ------------------------------------------------ 
    MNFIT_DRIVER: begin fit with MINIMIZE 
   MNFIT_DRIVER: MIGRAD returns IERR =            0
  ------------------------------------------------ 
  
    MNFIT_DRIVER: extract fit parameters with MNPOUT
   MNFIT_DRIVER: EXIT returns IERR =           11
       CID PScJ550202  fitpar( 1):ITER           =  2.0000     +/-  0.000    (P)
       CID PScJ550202  fitpar( 3):PKMJD          =   56569.541 +/- 0.7291    (P)
       CID PScJ550202  fitpar( 4):STRETCH        =  1.1292     +/- 0.2034E-02(P)
       CID PScJ550202  fitpar( 6):AV             = 0.72433     +/- 0.1888    (P)
       CID PScJ550202  fitpar( 7):AVRV           = -.17374     +/- 0.8307E-01(P)
       CID PScJ550202  fitpar( 8):DLMAG          =  41.122     +/- 0.1524    (P)
  
  ######################################################## 
    FITPAR_PREP: Begin FIT-ITERATION  3 for CID PScJ550202              
  ######################################################## 
  
    CID PScJ550202 : FIT OBSERVER FILTERS grizJH
  
  ######################################################## 
    FITINI_COV: init fit arrays for CID=PScJ550202 ITER=3       
  ######################################################## 
  
        23  Filter-epochs ACCEPTED for fit.
       120  Filter-epochs REJECTED for fit.
    PScJ550202(ITER=3): Use full   23 x   23 Covariance matrix.                     
    PScJ550202(ITER=3): Add covariance from Galactic extinction
    PScJ550202(ITER=3): Inverted COVMAT with    529 non-zero elements       
  
    CID=PScJ550202 : g-band KCOR = K_Bg ; AVwarp from B-g   (OPT= 2)
    CID=PScJ550202 : r-band KCOR = K_Br ; AVwarp from B-g   (OPT= 2)
    CID=PScJ550202 : i-band KCOR = K_gi ; AVwarp from g-V   (OPT= 2)
    CID=PScJ550202 : z-band KCOR = K_rz ; AVwarp from r-V   (OPT= 2)
    CID=PScJ550202 : J-band KCOR = K_iJ ; AVwarp from i-Y   (OPT= 2)
    CID=PScJ550202 : H-band KCOR = K_YH ; AVwarp from Y-J   (OPT= 2)

 ############################################################

    CALL MNFIT_DRIVER for ISN=   18   CID=PScJ550202   NFITPAR=  9   iter=3

 ############################################################

  MINUIT RELEASE 96.03  INITIALIZED.   DIMENSIONS 100/110  EPSMAC=  0.89E-15
   Set MINUIT STRATEGY =            2
  
  ------------------------------------------------ 
    MNFIT_DRIVER: begin fit with MINIMIZE 
   MNFIT_DRIVER: MIGRAD returns IERR =            0
  ------------------------------------------------ 
  
    MNFIT_DRIVER: extract fit parameters with MNPOUT
   MNFIT_DRIVER: EXIT returns IERR =           11
       CID PScJ550202  fitpar( 1):ITER           =  3.0000     +/-  0.000    (P)
       CID PScJ550202  fitpar( 3):PKMJD          =   56569.541 +/- 0.9251    (P)
       CID PScJ550202  fitpar( 4):STRETCH        =  1.1292     +/- 0.8108E-01(P)
       CID PScJ550202  fitpar( 6):AV             = 0.73106     +/- 0.1957    (P)
       CID PScJ550202  fitpar( 7):AVRV           = -.17486     +/- 0.8829E-01(P)
       CID PScJ550202  fitpar( 8):DLMAG          =  41.115     +/- 0.1752    (P)
  
  ######################################################## 
    FITANA_CUTS: APPLY FIT-CUTS TO SN PScJ550202                
  ######################################################## 
  
                     PEAKMJD =  56569.539 PASSES CUT.                    
                    TobsMin =  -19.0     PASSES CUT.
                    TobsMax =   62.7     PASSES CUT.
                   Trestmin =  -13.4     PASSES CUT.
                   Trestmax =   44.1     PASSES CUT.
                    TGAPmax =   9.14     PASSES CUT.
                   T0GAPmax =   9.14     PASSES CUT.
           FITWIN_TREST(min) =  -13.4     PASSES CUT.                    
           FITWIN_TREST(max) =   44.1     PASSES CUT.                    
           FITWIN_TRESTRANGE =   57.5     PASSES CUT.                    
                      FITCOV              PASSES CUT.                    
                     FITPROB =  0.679E-03 PASSES CUT.                    
                 CHI2(SIGMA) =   0.00     PASSES CUT.                    
                NFILT_SNRMAX =    6       PASSES CUT.                    
               NFILT_SNRMAX2 =    6       PASSES CUT.                    
              NFILT_TRESTMIN =    5       PASSES CUT.                    
              NFILT_TRESTMAX =    5       PASSES CUT.                    
            MINOS ERROR EVALUATIONS   PASSES CUT.                        
    CID PScJ550202  PASSES FIT-CUTS 

  
  ######################################################## 
    LC FIT SUMMARY for CID=PScJ550202                           
  ######################################################## 
  
 Quantity          g          r          i          z          J          H
 --------------------------------------------------------------------------------
   NEPOCH         18         45         52         22          2          4
  NREJECT         18         38         44         20          0          0
     NDOF          0          7          8          2          2          4
     CHI2       0.00       6.81       5.38       0.91       0.69      29.67
     PROB       0.00       0.45       0.72       0.64       0.71       0.00
  PeakMag      22.50      21.84      22.15      22.29      23.04      23.48
  PeakErr       0.15       0.08       0.05       0.07       0.03       0.03
     XTMW       0.14       0.11       0.08       0.06       0.03       0.02
  XTMWerr       0.02       0.02       0.01       0.01       0.01       0.00
 --------------------------------------------------------------------------------
   Trest FIT RANGE(PScJ550202):  -13.39 to   44.06   (relative to FIT-PEAKMJD)
   MJD   FIT RANGE(PScJ550202): 56550.5 to 56632.2
   REST-PEAKMAGS(BVgriJYH) :   0.81  0.99  0.83  1.16  1.74  1.39  1.72  1.41  
   REST-PEAKERRS(BVgriJYH) :   0.12  0.16  0.14  0.17  0.17  0.11  0.15  0.08  
  
   MINUIT MINIMUM (PScJ550202) returns TOTAL   CHI2/dof=  43.5    / 18   PROB=0.00068
   MINUIT MINIMUM (PScJ550202) returns DATA    CHI2/dof=  43.5    / 18   PROB=0.00068
   MINUIT MINIMUM (PScJ550202) returns PRIOR   CHI2/dof= 0.699E-02/  0   PROB=1.00000
  
	 MAKEDIR_ROOT : Created MONSN/SNPScJ550202
         SNLCPAK: pack CID = PScJ550202 for plotting.
	 CDTOPDIR_ROOT : return to top dir.
     Finished fitting CID = PScJ550202
  
  *-*-*-*-*-*-*-*-*-*-*-*-*-*-*-*-*-*-*-*-*-*-*-*-*-*-*-*-*-*-*-*-*-*-*-*-*-*-
   Assign integer CID=    19 for PScJ560027
     Done Reading CID PScJ560027        NMJD(found,stored)= 226  226

    *** DUPLICATE MJD WARNING *** CID=PScJ560027   MJD=55206.300   BAND=g   FIELD=VOID  


    *** DUPLICATE MJD WARNING *** CID=PScJ560027   MJD=55425.600   BAND=g   FIELD=VOID  


    *** DUPLICATE MJD WARNING *** CID=PScJ560027   MJD=55179.400   BAND=r   FIELD=VOID  


    *** DUPLICATE MJD WARNING *** CID=PScJ560027   MJD=55203.300   BAND=r   FIELD=VOID  


    *** DUPLICATE MJD WARNING *** CID=PScJ560027   MJD=55455.600   BAND=r   FIELD=VOID  

       Analyze ISN=      19  for PScJ560027      NMJD(stored,cuts)= 226-> 226
  
  ######################################################## 
    FITPAR_PREP: Begin FIT-ITERATION  1 for CID PScJ560027              
  ######################################################## 
  
    CID PScJ560027 : FIT OBSERVER FILTERS grizJH
  
  ######################################################## 
    FITINI_COV: init fit arrays for CID=PScJ560027 ITER=1       
  ######################################################## 
  
       226  Filter-epochs ACCEPTED for fit.
         0  Filter-epochs REJECTED for fit.
    PScJ560027(ITER=1): Use DIAGONAL Covariance elements only.
  
  ######################################################## 
    FITINI_ADJUST for CID=      19   (PScJ560027)               
  ######################################################## 
  
   FCNSNLC(BEFORE FITINI_ADJUST)    returns   CHI2=    587.07/226
     Adjust PKMJD/AV=56567.801/ 0.010 ==> 56563.801/-0.300  (CHI2=    435.75)
   grizJH Data/Model flux-ratio :  1.490  0.968  0.896  0.816  1.034  1.115  
       DLMAG =   41.9     ==>   41.9    
   FCNSNLC(AFTER  FITINI_ADJUST)    returns   CHI2=    428.70/226

 ############################################################

    CALL MNFIT_DRIVER for ISN=   19   CID=PScJ560027   NFITPAR=  9   iter=1

 ############################################################

  MINUIT RELEASE 96.03  INITIALIZED.   DIMENSIONS 100/110  EPSMAC=  0.89E-15
   Set MINUIT STRATEGY =            2
  
  ------------------------------------------------ 
    MNFIT_DRIVER: begin fit with MINIMIZE 
 EIGENVALUES OF SECOND-DERIVATIVE MATRIX:
        -0.2422E+00  0.9962E-02  0.2576E+00  0.1610E+01  0.3364E+01
 MINUIT WARNING IN MIGRAD  
 ============== MATRIX FORCED POS-DEF BY ADDING  0.24559     TO DIAGONAL.
   MNFIT_DRIVER: MIGRAD returns IERR =            4
  ------------------------------------------------ 
  
    MNFIT_DRIVER: extract fit parameters with MNPOUT
   MNFIT_DRIVER: EXIT returns IERR =           11
       CID PScJ560027  fitpar( 1):ITER           =  1.0000     +/-  0.000    (P)
       CID PScJ560027  fitpar( 3):PKMJD          =   56567.403 +/- 0.9751E-02(P)
       CID PScJ560027  fitpar( 4):STRETCH        =  1.1338     +/- 0.1229E-03(P)
       CID PScJ560027  fitpar( 6):AV             = 0.92873     +/- 0.2530    (P)
       CID PScJ560027  fitpar( 7):AVRV           = -.14745     +/- 0.6993E-01(P)
       CID PScJ560027  fitpar( 8):DLMAG          =  40.968     +/- 0.1861    (P)
  
  ######################################################## 
    FITPAR_PREP: Begin FIT-ITERATION  2 for CID PScJ560027              
  ######################################################## 
  
    CID PScJ560027 : FIT OBSERVER FILTERS grizJH
  
  ######################################################## 
    FITINI_COV: init fit arrays for CID=PScJ560027 ITER=2       
  ######################################################## 
  
        42  Filter-epochs ACCEPTED for fit.
       184  Filter-epochs REJECTED for fit.
    PScJ560027(ITER=2): Use full   42 x   42 Covariance matrix.                     
    PScJ560027(ITER=2): Add covariance from Galactic extinction
    PScJ560027(ITER=2): Inverted COVMAT with   1764 non-zero elements       

 ############################################################

    CALL MNFIT_DRIVER for ISN=   19   CID=PScJ560027   NFITPAR=  9   iter=2

 ############################################################

  MINUIT RELEASE 96.03  INITIALIZED.   DIMENSIONS 100/110  EPSMAC=  0.89E-15
   Set MINUIT STRATEGY =            2
  
  ------------------------------------------------ 
    MNFIT_DRIVER: begin fit with MINIMIZE 
   MNFIT_DRIVER: MIGRAD returns IERR =            0
  ------------------------------------------------ 
  
    MNFIT_DRIVER: extract fit parameters with MNPOUT
   MNFIT_DRIVER: EXIT returns IERR =           11
       CID PScJ560027  fitpar( 1):ITER           =  2.0000     +/-  0.000    (P)
       CID PScJ560027  fitpar( 3):PKMJD          =   56566.781 +/-  1.158    (P)
       CID PScJ560027  fitpar( 4):STRETCH        =  1.1431     +/- 0.3548E-03(P)
       CID PScJ560027  fitpar( 6):AV             = 0.78617     +/- 0.1974    (P)
       CID PScJ560027  fitpar( 7):AVRV           = -.14317     +/- 0.6382E-01(P)
       CID PScJ560027  fitpar( 8):DLMAG          =  41.085     +/- 0.1524    (P)
  
  ######################################################## 
    FITPAR_PREP: Begin FIT-ITERATION  3 for CID PScJ560027              
  ######################################################## 
  
    CID PScJ560027 : FIT OBSERVER FILTERS grizJH
  
  ######################################################## 
    FITINI_COV: init fit arrays for CID=PScJ560027 ITER=3       
  ######################################################## 
  
        42  Filter-epochs ACCEPTED for fit.
       184  Filter-epochs REJECTED for fit.
    PScJ560027(ITER=3): Use full   42 x   42 Covariance matrix.                     
    PScJ560027(ITER=3): Add covariance from Galactic extinction
    PScJ560027(ITER=3): Inverted COVMAT with   1764 non-zero elements       
  
    CID=PScJ560027 : g-band KCOR = K_Bg ; AVwarp from B-g   (OPT= 2)
    CID=PScJ560027 : r-band KCOR = K_Br ; AVwarp from B-g   (OPT= 2)
    CID=PScJ560027 : i-band KCOR = K_gi ; AVwarp from g-V   (OPT= 2)
    CID=PScJ560027 : z-band KCOR = K_rz ; AVwarp from r-V   (OPT= 2)
    CID=PScJ560027 : J-band KCOR = K_iJ ; AVwarp from i-Y   (OPT= 2)
    CID=PScJ560027 : H-band KCOR = K_YH ; AVwarp from Y-J   (OPT= 2)

 ############################################################

    CALL MNFIT_DRIVER for ISN=   19   CID=PScJ560027   NFITPAR=  9   iter=3

 ############################################################

  MINUIT RELEASE 96.03  INITIALIZED.   DIMENSIONS 100/110  EPSMAC=  0.89E-15
   Set MINUIT STRATEGY =            2
  
  ------------------------------------------------ 
    MNFIT_DRIVER: begin fit with MINIMIZE 
   MNFIT_DRIVER: MIGRAD returns IERR =            0
  ------------------------------------------------ 
  
    MNFIT_DRIVER: extract fit parameters with MNPOUT
   MNFIT_DRIVER: EXIT returns IERR =           11
       CID PScJ560027  fitpar( 1):ITER           =  3.0000     +/-  0.000    (P)
       CID PScJ560027  fitpar( 3):PKMJD          =   56566.720 +/- 0.8276E-01(P)
       CID PScJ560027  fitpar( 4):STRETCH        =  1.1431     +/- 0.2754E-03(P)
       CID PScJ560027  fitpar( 6):AV             = 0.77870     +/- 0.1852    (P)
       CID PScJ560027  fitpar( 7):AVRV           = -.14391     +/- 0.5987E-01(P)
       CID PScJ560027  fitpar( 8):DLMAG          =  41.091     +/- 0.1415    (P)
  
  ######################################################## 
    FITANA_CUTS: APPLY FIT-CUTS TO SN PScJ560027                
  ######################################################## 
  
                     PEAKMJD =  56566.719 PASSES CUT.                    
                    TobsMin =  -16.1     PASSES CUT.
                    TobsMax =   64.6     PASSES CUT.
                   Trestmin =  -11.2     PASSES CUT.
                   Trestmax =   44.8     PASSES CUT.
                    TGAPmax =   8.87     PASSES CUT.
                   T0GAPmax =   8.87     PASSES CUT.
           FITWIN_TREST(min) =  -11.2     PASSES CUT.                    
           FITWIN_TREST(max) =   44.8     PASSES CUT.                    
           FITWIN_TRESTRANGE =   56.0     PASSES CUT.                    
                      FITCOV              PASSES CUT.                    
                     FITPROB =  0.473E-01 PASSES CUT.                    
                 CHI2(SIGMA) =   0.00     PASSES CUT.                    
                NFILT_SNRMAX =    6       PASSES CUT.                    
               NFILT_SNRMAX2 =    6       PASSES CUT.                    
              NFILT_TRESTMIN =    6       PASSES CUT.                    
              NFILT_TRESTMAX =    6       PASSES CUT.                    
            MINOS ERROR EVALUATIONS   PASSES CUT.                        
    CID PScJ560027  PASSES FIT-CUTS 

  
  ######################################################## 
    LC FIT SUMMARY for CID=PScJ560027                           
  ######################################################## 
  
 Quantity          g          r          i          z          J          H
 --------------------------------------------------------------------------------
   NEPOCH         47         53         59         61          2          4
  NREJECT         41         45         48         50          0          0
     NDOF          6          8         11         11          2          4
     CHI2       4.98      10.22      10.63       4.48       0.08      22.12
     PROB       0.55       0.25       0.47       0.95       0.96       0.00
  PeakMag      22.59      21.83      22.14      22.25      22.97      23.43
  PeakErr       0.09       0.05       0.04       0.04       0.02       0.03
     XTMW       0.08       0.06       0.05       0.04       0.02       0.01
  XTMWerr       0.01       0.01       0.01       0.01       0.00       0.00
 --------------------------------------------------------------------------------
   Trest FIT RANGE(PScJ560027):  -11.19 to   44.85   (relative to FIT-PEAKMJD)
   MJD   FIT RANGE(PScJ560027): 56550.6 to 56631.3
   REST-PEAKMAGS(BVgriJYH) :   0.90  1.04  0.90  1.19  1.76  1.40  1.71  1.40  
   REST-PEAKERRS(BVgriJYH) :   0.12  0.15  0.13  0.16  0.15  0.09  0.12  0.06  
  
   MINUIT MINIMUM (PScJ560027) returns TOTAL   CHI2/dof=  52.5    / 37   PROB=0.04730
   MINUIT MINIMUM (PScJ560027) returns DATA    CHI2/dof=  52.5    / 37   PROB=0.04737
   MINUIT MINIMUM (PScJ560027) returns PRIOR   CHI2/dof= 0.754E-02/  0   PROB=1.00000
  
	 MAKEDIR_ROOT : Created MONSN/SNPScJ560027
         SNLCPAK: pack CID = PScJ560027 for plotting.
	 CDTOPDIR_ROOT : return to top dir.
     Finished fitting CID = PScJ560027
  
  *-*-*-*-*-*-*-*-*-*-*-*-*-*-*-*-*-*-*-*-*-*-*-*-*-*-*-*-*-*-*-*-*-*-*-*-*-*-
   Assign integer CID=    20 for PScJ560054
     Done Reading CID PScJ560054        NMJD(found,stored)= 208  208

    *** DUPLICATE MJD WARNING *** CID=PScJ560054   MJD=55536.300   BAND=r   FIELD=VOID  

       Analyze ISN=      20  for PScJ560054      NMJD(stored,cuts)= 208-> 208
  
  ######################################################## 
    FITPAR_PREP: Begin FIT-ITERATION  1 for CID PScJ560054              
  ######################################################## 
  
    CID PScJ560054 : FIT OBSERVER FILTERS grizJH
  
  ######################################################## 
    FITINI_COV: init fit arrays for CID=PScJ560054 ITER=1       
  ######################################################## 
  
       208  Filter-epochs ACCEPTED for fit.
         0  Filter-epochs REJECTED for fit.
    PScJ560054(ITER=1): Use DIAGONAL Covariance elements only.
  
  ######################################################## 
    FITINI_ADJUST for CID=      20   (PScJ560054)               
  ######################################################## 
  
   FCNSNLC(BEFORE FITINI_ADJUST)    returns   CHI2=    273.75/208
     Adjust PKMJD/AV=56575.102/ 0.010 ==> 56573.102/-0.250  (CHI2=    204.44)
   grizJH Data/Model flux-ratio :  1.026  1.026  0.920  1.018  1.099  1.073  
       DLMAG =   42.2     ==>   42.1    
   FCNSNLC(AFTER  FITINI_ADJUST)    returns   CHI2=    204.80/208

 ############################################################

    CALL MNFIT_DRIVER for ISN=   20   CID=PScJ560054   NFITPAR=  9   iter=1

 ############################################################

  MINUIT RELEASE 96.03  INITIALIZED.   DIMENSIONS 100/110  EPSMAC=  0.89E-15
   Set MINUIT STRATEGY =            2
  
  ------------------------------------------------ 
    MNFIT_DRIVER: begin fit with MINIMIZE 
 MINUIT WARNING IN HESSE   
 ============== Negative diagonal element  2 in Error Matrix
 MINUIT WARNING IN HESSE   
 ==============     0.41E+06 added to diagonal of error matrix
 EIGENVALUES OF SECOND-DERIVATIVE MATRIX:
        -0.6536E+03  0.8569E+00  0.9795E+00  0.1000E+01  0.6558E+03
 MINUIT WARNING IN HESSE   
 ============== MATRIX FORCED POS-DEF BY ADDING   654.28     TO DIAGONAL.
 MINUIT WARNING IN MIGRAD  
 ============== Negative diagonal element  1 in Error Matrix
 MINUIT WARNING IN MIGRAD  
 ============== Negative diagonal element  2 in Error Matrix
 MINUIT WARNING IN MIGRAD  
 ==============     0.10E+01 added to diagonal of error matrix
   MNFIT_DRIVER: MIGRAD returns IERR =            4
  ------------------------------------------------ 
  
    MNFIT_DRIVER: extract fit parameters with MNPOUT
   MNFIT_DRIVER: EXIT returns IERR =           11
       CID PScJ560054  fitpar( 1):ITER           =  1.0000     +/-  0.000    (P)
       CID PScJ560054  fitpar( 3):PKMJD          =   56574.022 +/- 0.5910    (P)
       CID PScJ560054  fitpar( 4):STRETCH        =  1.1710     +/- 0.1077E-02(P)
       CID PScJ560054  fitpar( 6):AV             = 0.79762E-01 +/- 0.1374    (P)
       CID PScJ560054  fitpar( 7):AVRV           = 0.26902E-03 +/- 0.1565E-03(P)
       CID PScJ560054  fitpar( 8):DLMAG          =  41.908     +/- 0.1169    (P)
  
  ######################################################## 
    FITPAR_PREP: Begin FIT-ITERATION  2 for CID PScJ560054              
  ######################################################## 
  
    CID PScJ560054 : FIT OBSERVER FILTERS grizJH
  
  ######################################################## 
    FITINI_COV: init fit arrays for CID=PScJ560054 ITER=2       
  ######################################################## 
  
        39  Filter-epochs ACCEPTED for fit.
       169  Filter-epochs REJECTED for fit.
    PScJ560054(ITER=2): Use full   39 x   39 Covariance matrix.                     
    PScJ560054(ITER=2): Add covariance from Galactic extinction
    PScJ560054(ITER=2): Inverted COVMAT with   1521 non-zero elements       

 ############################################################

    CALL MNFIT_DRIVER for ISN=   20   CID=PScJ560054   NFITPAR=  9   iter=2

 ############################################################

  MINUIT RELEASE 96.03  INITIALIZED.   DIMENSIONS 100/110  EPSMAC=  0.89E-15
   Set MINUIT STRATEGY =            2
  
  ------------------------------------------------ 
    MNFIT_DRIVER: begin fit with MINIMIZE 
   MNFIT_DRIVER: MIGRAD returns IERR =            4
  ------------------------------------------------ 
  
    MNFIT_DRIVER: extract fit parameters with MNPOUT
   MNFIT_DRIVER: EXIT returns IERR =           11
       CID PScJ560054  fitpar( 1):ITER           =  2.0000     +/-  0.000    (P)
       CID PScJ560054  fitpar( 3):PKMJD          =   56573.901 +/- 0.7190    (P)
       CID PScJ560054  fitpar( 4):STRETCH        =  1.1708     +/- 0.1077E-02(?)
       CID PScJ560054  fitpar( 6):AV             = 0.72252E-01 +/- 0.1318    (P)
       CID PScJ560054  fitpar( 7):AVRV           = 0.68564E-04 +/- 0.1565E-03(?)
       CID PScJ560054  fitpar( 8):DLMAG          =  41.915     +/- 0.1142    (P)
  
  ######################################################## 
    FITPAR_PREP: Begin FIT-ITERATION  3 for CID PScJ560054              
  ######################################################## 
  
    CID PScJ560054 : FIT OBSERVER FILTERS grizJH
  
  ######################################################## 
    FITINI_COV: init fit arrays for CID=PScJ560054 ITER=3       
  ######################################################## 
  
        39  Filter-epochs ACCEPTED for fit.
       169  Filter-epochs REJECTED for fit.
    PScJ560054(ITER=3): Use full   39 x   39 Covariance matrix.                     
    PScJ560054(ITER=3): Add covariance from Galactic extinction
    PScJ560054(ITER=3): Inverted COVMAT with   1521 non-zero elements       
  
    CID=PScJ560054 : g-band KCOR = K_Bg ; AVwarp from B-g   (OPT= 2)
    CID=PScJ560054 : r-band KCOR = K_Br ; AVwarp from B-g   (OPT= 2)
    CID=PScJ560054 : i-band KCOR = K_gi ; AVwarp from g-V   (OPT= 2)
    CID=PScJ560054 : z-band KCOR = K_rz ; AVwarp from r-V   (OPT= 2)
    CID=PScJ560054 : J-band KCOR = K_iJ ; AVwarp from i-Y   (OPT= 2)
    CID=PScJ560054 : H-band KCOR = K_YH ; AVwarp from Y-J   (OPT= 2)

 ############################################################

    CALL MNFIT_DRIVER for ISN=   20   CID=PScJ560054   NFITPAR=  9   iter=3

 ############################################################

  MINUIT RELEASE 96.03  INITIALIZED.   DIMENSIONS 100/110  EPSMAC=  0.89E-15
   Set MINUIT STRATEGY =            2
  
  ------------------------------------------------ 
    MNFIT_DRIVER: begin fit with MINIMIZE 
   MNFIT_DRIVER: MIGRAD returns IERR =            4
  ------------------------------------------------ 
  
    MNFIT_DRIVER: extract fit parameters with MNPOUT
   MNFIT_DRIVER: EXIT returns IERR =           11
       CID PScJ560054  fitpar( 1):ITER           =  3.0000     +/-  0.000    (P)
       CID PScJ560054  fitpar( 3):PKMJD          =   56573.893 +/- 0.7195    (P)
       CID PScJ560054  fitpar( 4):STRETCH        =  1.1708     +/- 0.1077E-02(?)
       CID PScJ560054  fitpar( 6):AV             = 0.71729E-01 +/- 0.1318    (P)
       CID PScJ560054  fitpar( 7):AVRV           = 0.10946E-04 +/- 0.1565E-03(?)
       CID PScJ560054  fitpar( 8):DLMAG          =  41.915     +/- 0.1142    (P)
    Bad COV matrix (MNSTAT_COV= 1) -> repeat fit for CID=PScJ560054  
  
  ######################################################## 
    FITPAR_PREP: Begin FIT-ITERATION  3 for CID PScJ560054   (again)    
  ######################################################## 
  
    CID PScJ560054 : FIT OBSERVER FILTERS grizJH
  
  ######################################################## 
    FITINI_COV: init fit arrays for CID=PScJ560054 ITER=3       
  ######################################################## 
  
        39  Filter-epochs ACCEPTED for fit.
       169  Filter-epochs REJECTED for fit.
    PScJ560054(ITER=3): Use full   39 x   39 Covariance matrix.                     
    PScJ560054(ITER=3): Add covariance from Galactic extinction
    PScJ560054(ITER=3): Inverted COVMAT with   1521 non-zero elements       
  
    CID=PScJ560054 : g-band KCOR = K_Bg ; AVwarp from B-g   (OPT= 2)
    CID=PScJ560054 : r-band KCOR = K_Br ; AVwarp from B-g   (OPT= 2)
    CID=PScJ560054 : i-band KCOR = K_gi ; AVwarp from g-V   (OPT= 2)
    CID=PScJ560054 : z-band KCOR = K_rz ; AVwarp from r-V   (OPT= 2)
    CID=PScJ560054 : J-band KCOR = K_iJ ; AVwarp from i-Y   (OPT= 2)
    CID=PScJ560054 : H-band KCOR = K_YH ; AVwarp from Y-J   (OPT= 2)

 ############################################################

    CALL MNFIT_DRIVER for ISN=   20   CID=PScJ560054   NFITPAR=  9   iter=3

 ############################################################

  MINUIT RELEASE 96.03  INITIALIZED.   DIMENSIONS 100/110  EPSMAC=  0.89E-15
   Set MINUIT STRATEGY =            2
  
  ------------------------------------------------ 
    MNFIT_DRIVER: begin fit with MINIMIZE 
   MNFIT_DRIVER: MIGRAD returns IERR =            4
  ------------------------------------------------ 
  
    MNFIT_DRIVER: extract fit parameters with MNPOUT
   MNFIT_DRIVER: EXIT returns IERR =           11
       CID PScJ560054  fitpar( 1):ITER           =  3.0000     +/-  0.000    (P)
       CID PScJ560054  fitpar( 3):PKMJD          =   56573.892 +/- 0.7195    (P)
       CID PScJ560054  fitpar( 4):STRETCH        =  1.1708     +/- 0.1077E-02(?)
       CID PScJ560054  fitpar( 6):AV             = 0.71691E-01 +/- 0.1318    (P)
       CID PScJ560054  fitpar( 7):AVRV           = 0.10647E-04 +/- 0.1565E-03(?)
       CID PScJ560054  fitpar( 8):DLMAG          =  41.915     +/- 0.1142    (P)
  
  ######################################################## 
    FITANA_CUTS: APPLY FIT-CUTS TO SN PScJ560054                
  ######################################################## 
  
                     PEAKMJD =  56573.891 PASSES CUT.                    
                    TobsMin =  -16.4     PASSES CUT.
                    TobsMax =   58.3     PASSES CUT.
                   Trestmin =  -11.1     PASSES CUT.
                   Trestmax =   39.4     PASSES CUT.
                    TGAPmax =   8.77     PASSES CUT.
                   T0GAPmax =   8.77     PASSES CUT.
           FITWIN_TREST(min) =  -11.1     PASSES CUT.                    
           FITWIN_TREST(max) =   39.4     PASSES CUT.                    
           FITWIN_TRESTRANGE =   50.4     PASSES CUT.                    
                      FITCOV              PASSES CUT.                    
                     FITPROB =  0.389E-01 PASSES CUT.                    
                 CHI2(SIGMA) =   0.00     PASSES CUT.                    
                NFILT_SNRMAX =    6       PASSES CUT.                    
               NFILT_SNRMAX2 =    6       PASSES CUT.                    
              NFILT_TRESTMIN =    6       PASSES CUT.                    
              NFILT_TRESTMAX =    6       PASSES CUT.                    
            MINOS ERROR EVALUATIONS   PASSES CUT.                        
    CID PScJ560054  PASSES FIT-CUTS 

  
  ######################################################## 
    LC FIT SUMMARY for CID=PScJ560054                           
  ######################################################## 
  
 Quantity          g          r          i          z          J          H
 --------------------------------------------------------------------------------
   NEPOCH         45         52         47         58          3          3
  NREJECT         40         45         40         44          0          0
     NDOF          5          7          7         14          3          3
     CHI2       1.03      14.88      11.02      10.88       2.84       9.20
     PROB       0.96       0.04       0.14       0.70       0.42       0.03
  PeakMag      23.10      22.14      22.30      22.30      23.17      23.73
  PeakErr       0.03       0.03       0.03       0.03       0.03       0.04
     XTMW       0.11       0.08       0.06       0.05       0.03       0.02
  XTMWerr       0.02       0.01       0.01       0.01       0.00       0.00
 --------------------------------------------------------------------------------
   Trest FIT RANGE(PScJ560054):  -11.06 to   39.35   (relative to FIT-PEAKMJD)
   MJD   FIT RANGE(PScJ560054): 56557.5 to 56632.2
   REST-PEAKMAGS(BVgriJYH) :   0.34  0.35  0.28  0.49  1.12  1.05  1.23  1.17  
   REST-PEAKERRS(BVgriJYH) :   0.12  0.12  0.12  0.11  0.10  0.05  0.07  0.03  
  
   MINUIT MINIMUM (PScJ560054) returns TOTAL   CHI2/dof=  49.9    / 34   PROB=0.03885
   MINUIT MINIMUM (PScJ560054) returns DATA    CHI2/dof=  49.9    / 34   PROB=0.03890
   MINUIT MINIMUM (PScJ560054) returns PRIOR   CHI2/dof= 0.610E-02/  0   PROB=1.00000
  
	 MAKEDIR_ROOT : Created MONSN/SNPScJ560054
         SNLCPAK: pack CID = PScJ560054 for plotting.
	 CDTOPDIR_ROOT : return to top dir.
     Finished fitting CID = PScJ560054
  
  *-*-*-*-*-*-*-*-*-*-*-*-*-*-*-*-*-*-*-*-*-*-*-*-*-*-*-*-*-*-*-*-*-*-*-*-*-*-
   Assign integer CID=    21 for PScK450339
     Done Reading CID PScK450339        NMJD(found,stored)= 247  247

    *** DUPLICATE MJD WARNING *** CID=PScK450339   MJD=55413.600   BAND=g   FIELD=VOID  


    *** DUPLICATE MJD WARNING *** CID=PScK450339   MJD=55482.600   BAND=r   FIELD=VOID  

       Analyze ISN=      21  for PScK450339      NMJD(stored,cuts)= 247-> 247
  
  ######################################################## 
    FITPAR_PREP: Begin FIT-ITERATION  1 for CID PScK450339              
  ######################################################## 
  
    CID PScK450339 : FIT OBSERVER FILTERS grizJH
  
  ######################################################## 
    FITINI_COV: init fit arrays for CID=PScK450339 ITER=1       
  ######################################################## 
  
       247  Filter-epochs ACCEPTED for fit.
         0  Filter-epochs REJECTED for fit.
    PScK450339(ITER=1): Use DIAGONAL Covariance elements only.
  
  ######################################################## 
    FITINI_ADJUST for CID=      21   (PScK450339)               
  ######################################################## 
  
   FCNSNLC(BEFORE FITINI_ADJUST)    returns   CHI2=    241.57/247
     Adjust PKMJD/AV=56250.500/ 0.010 ==> 56250.500/-0.050  (CHI2=    237.12)
   grizJH Data/Model flux-ratio :  1.098  0.866  0.883  0.960  1.123  1.130  
       DLMAG =   41.8     ==>   41.7    
   FCNSNLC(AFTER  FITINI_ADJUST)    returns   CHI2=    236.12/247

 ############################################################

    CALL MNFIT_DRIVER for ISN=   21   CID=PScK450339   NFITPAR=  9   iter=1

 ############################################################

  MINUIT RELEASE 96.03  INITIALIZED.   DIMENSIONS 100/110  EPSMAC=  0.89E-15
   Set MINUIT STRATEGY =            2
  
  ------------------------------------------------ 
    MNFIT_DRIVER: begin fit with MINIMIZE 
 MINUIT WARNING IN HESSE   
 ============== Negative diagonal element  2 in Error Matrix
 MINUIT WARNING IN HESSE   
 ==============     0.14E+07 added to diagonal of error matrix
 EIGENVALUES OF SECOND-DERIVATIVE MATRIX:
        -0.5888E+03  0.9399E+00  0.9878E+00  0.1049E+01  0.5908E+03
 MINUIT WARNING IN HESSE   
 ============== MATRIX FORCED POS-DEF BY ADDING   589.35     TO DIAGONAL.
   MNFIT_DRIVER: MIGRAD returns IERR =            4
  ------------------------------------------------ 
  
    MNFIT_DRIVER: extract fit parameters with MNPOUT
   MNFIT_DRIVER: EXIT returns IERR =           11
       CID PScK450339  fitpar( 1):ITER           =  1.0000     +/-  0.000    (P)
       CID PScK450339  fitpar( 3):PKMJD          =   56250.431 +/- 0.8400E-01(P)
       CID PScK450339  fitpar( 4):STRETCH        =  1.1709     +/- 0.1921E-01(P)
       CID PScK450339  fitpar( 6):AV             = 0.43759     +/- 0.2020    (P)
       CID PScK450339  fitpar( 7):AVRV           = 0.84125E-02 +/- 0.6802E-01(P)
       CID PScK450339  fitpar( 8):DLMAG          =  41.386     +/- 0.1581    (P)
  
  ######################################################## 
    FITPAR_PREP: Begin FIT-ITERATION  2 for CID PScK450339              
  ######################################################## 
  
    CID PScK450339 : FIT OBSERVER FILTERS grizJH
  
  ######################################################## 
    FITINI_COV: init fit arrays for CID=PScK450339 ITER=2       
  ######################################################## 
  
        40  Filter-epochs ACCEPTED for fit.
       207  Filter-epochs REJECTED for fit.
    PScK450339(ITER=2): Use full   40 x   40 Covariance matrix.                     
    PScK450339(ITER=2): Add covariance from Galactic extinction
    PScK450339(ITER=2): Inverted COVMAT with   1600 non-zero elements       

 ############################################################

    CALL MNFIT_DRIVER for ISN=   21   CID=PScK450339   NFITPAR=  9   iter=2

 ############################################################

  MINUIT RELEASE 96.03  INITIALIZED.   DIMENSIONS 100/110  EPSMAC=  0.89E-15
   Set MINUIT STRATEGY =            2
  
  ------------------------------------------------ 
    MNFIT_DRIVER: begin fit with MINIMIZE 
   MNFIT_DRIVER: MIGRAD returns IERR =            0
  ------------------------------------------------ 
  
    MNFIT_DRIVER: extract fit parameters with MNPOUT
   MNFIT_DRIVER: EXIT returns IERR =           11
       CID PScK450339  fitpar( 1):ITER           =  2.0000     +/-  0.000    (P)
       CID PScK450339  fitpar( 3):PKMJD          =   56250.373 +/- 0.5208    (P)
       CID PScK450339  fitpar( 4):STRETCH        =  1.1708     +/- 0.2581E-03(P)
       CID PScK450339  fitpar( 6):AV             = 0.45423     +/- 0.2136    (P)
       CID PScK450339  fitpar( 7):AVRV           = 0.52346E-02 +/- 0.6658E-01(P)
       CID PScK450339  fitpar( 8):DLMAG          =  41.377     +/- 0.1663    (P)
  
  ######################################################## 
    FITPAR_PREP: Begin FIT-ITERATION  3 for CID PScK450339              
  ######################################################## 
  
    CID PScK450339 : FIT OBSERVER FILTERS grizJH
  
  ######################################################## 
    FITINI_COV: init fit arrays for CID=PScK450339 ITER=3       
  ######################################################## 
  
        40  Filter-epochs ACCEPTED for fit.
       207  Filter-epochs REJECTED for fit.
    PScK450339(ITER=3): Use full   40 x   40 Covariance matrix.                     
    PScK450339(ITER=3): Add covariance from Galactic extinction
    PScK450339(ITER=3): Inverted COVMAT with   1600 non-zero elements       
  
    CID=PScK450339 : g-band KCOR = K_Bg ; AVwarp from B-g   (OPT= 2)
    CID=PScK450339 : r-band KCOR = K_Br ; AVwarp from B-g   (OPT= 2)
    CID=PScK450339 : i-band KCOR = K_Vi ; AVwarp from V-g   (OPT= 2)
    CID=PScK450339 : z-band KCOR = K_rz ; AVwarp from r-V   (OPT= 2)
    CID=PScK450339 : J-band KCOR = K_iJ ; AVwarp from i-Y   (OPT= 2)
    CID=PScK450339 : H-band KCOR = K_YH ; AVwarp from Y-J   (OPT= 2)

 ############################################################

    CALL MNFIT_DRIVER for ISN=   21   CID=PScK450339   NFITPAR=  9   iter=3

 ############################################################

  MINUIT RELEASE 96.03  INITIALIZED.   DIMENSIONS 100/110  EPSMAC=  0.89E-15
   Set MINUIT STRATEGY =            2
  
  ------------------------------------------------ 
    MNFIT_DRIVER: begin fit with MINIMIZE 
   MNFIT_DRIVER: MIGRAD returns IERR =            4
  ------------------------------------------------ 
  
    MNFIT_DRIVER: extract fit parameters with MNPOUT
   MNFIT_DRIVER: EXIT returns IERR =           11
       CID PScK450339  fitpar( 1):ITER           =  3.0000     +/-  0.000    (P)
       CID PScK450339  fitpar( 3):PKMJD          =   56250.373 +/- 0.5208    (?)
       CID PScK450339  fitpar( 4):STRETCH        =  1.1708     +/- 0.2581E-03(?)
       CID PScK450339  fitpar( 6):AV             = 0.45423     +/- 0.2136    (?)
       CID PScK450339  fitpar( 7):AVRV           = 0.52346E-02 +/- 0.6658E-01(?)
       CID PScK450339  fitpar( 8):DLMAG          =  41.377     +/- 0.1663    (?)
    Bad COV matrix (MNSTAT_COV= 1) -> repeat fit for CID=PScK450339  
  
  ######################################################## 
    FITPAR_PREP: Begin FIT-ITERATION  3 for CID PScK450339   (again)    
  ######################################################## 
  
    CID PScK450339 : FIT OBSERVER FILTERS grizJH
  
  ######################################################## 
    FITINI_COV: init fit arrays for CID=PScK450339 ITER=3       
  ######################################################## 
  
        40  Filter-epochs ACCEPTED for fit.
       207  Filter-epochs REJECTED for fit.
    PScK450339(ITER=3): Use full   40 x   40 Covariance matrix.                     
    PScK450339(ITER=3): Add covariance from Galactic extinction
    PScK450339(ITER=3): Inverted COVMAT with   1600 non-zero elements       
  
    CID=PScK450339 : g-band KCOR = K_Bg ; AVwarp from B-g   (OPT= 2)
    CID=PScK450339 : r-band KCOR = K_Br ; AVwarp from B-g   (OPT= 2)
    CID=PScK450339 : i-band KCOR = K_Vi ; AVwarp from V-g   (OPT= 2)
    CID=PScK450339 : z-band KCOR = K_rz ; AVwarp from r-V   (OPT= 2)
    CID=PScK450339 : J-band KCOR = K_iJ ; AVwarp from i-Y   (OPT= 2)
    CID=PScK450339 : H-band KCOR = K_YH ; AVwarp from Y-J   (OPT= 2)

 ############################################################

    CALL MNFIT_DRIVER for ISN=   21   CID=PScK450339   NFITPAR=  9   iter=3

 ############################################################

  MINUIT RELEASE 96.03  INITIALIZED.   DIMENSIONS 100/110  EPSMAC=  0.89E-15
   Set MINUIT STRATEGY =            2
  
  ------------------------------------------------ 
    MNFIT_DRIVER: begin fit with MINIMIZE 
   MNFIT_DRIVER: MIGRAD returns IERR =            4
  ------------------------------------------------ 
  
    MNFIT_DRIVER: extract fit parameters with MNPOUT
   MNFIT_DRIVER: EXIT returns IERR =           11
       CID PScK450339  fitpar( 1):ITER           =  3.0000     +/-  0.000    (P)
       CID PScK450339  fitpar( 3):PKMJD          =   56250.373 +/- 0.5208    (?)
       CID PScK450339  fitpar( 4):STRETCH        =  1.1708     +/- 0.2581E-03(?)
       CID PScK450339  fitpar( 6):AV             = 0.45423     +/- 0.2136    (?)
       CID PScK450339  fitpar( 7):AVRV           = 0.52346E-02 +/- 0.6658E-01(?)
       CID PScK450339  fitpar( 8):DLMAG          =  41.377     +/- 0.1663    (?)
  
  ######################################################## 
    FITANA_CUTS: APPLY FIT-CUTS TO SN PScK450339                
  ######################################################## 
  
                     PEAKMJD =  56250.375 PASSES CUT.                    
                    TobsMin =  -17.9     PASSES CUT.
                    TobsMax =   57.9     PASSES CUT.
                   Trestmin =  -12.7     PASSES CUT.
                   Trestmax =   41.1     PASSES CUT.
                    TGAPmax =   7.73     PASSES CUT.
                   T0GAPmax =   7.73     PASSES CUT.
           FITWIN_TREST(min) =  -12.7     PASSES CUT.                    
           FITWIN_TREST(max) =   41.1     PASSES CUT.                    
           FITWIN_TRESTRANGE =   53.7     PASSES CUT.                    
                      FITCOV              PASSES CUT.                    
                     FITPROB =  0.127     PASSES CUT.                    
                 CHI2(SIGMA) =   0.00     PASSES CUT.                    
                NFILT_SNRMAX =    6       PASSES CUT.                    
               NFILT_SNRMAX2 =    6       PASSES CUT.                    
              NFILT_TRESTMIN =    6       PASSES CUT.                    
              NFILT_TRESTMAX =    6       PASSES CUT.                    
            MINOS ERROR EVALUATIONS   PASSES CUT.                        
    CID PScK450339  PASSES FIT-CUTS 

  
  ######################################################## 
    LC FIT SUMMARY for CID=PScK450339                           
  ######################################################## 
  
 Quantity          g          r          i          z          J          H
 --------------------------------------------------------------------------------
   NEPOCH         61         52         55         73          3          3
  NREJECT         55         45         48         59          0          0
     NDOF          6          7          7         14          3          3
     CHI2       6.13       3.84       7.74      13.64       4.89       8.41
     PROB       0.41       0.80       0.36       0.48       0.18       0.04
  PeakMag      22.76      22.00      22.12      22.25      23.01      23.49
  PeakErr       0.09       0.05       0.04       0.05       0.03       0.04
     XTMW       0.08       0.06       0.04       0.03       0.02       0.01
  XTMWerr       0.01       0.01       0.01       0.01       0.00       0.00
 --------------------------------------------------------------------------------
   Trest FIT RANGE(PScK450339):  -12.67 to   41.07   (relative to FIT-PEAKMJD)
   MJD   FIT RANGE(PScK450339): 56232.5 to 56308.3
   REST-PEAKMAGS(BVgriJYH) :   0.73  0.73  0.67  0.85  1.43  1.20  1.43  1.27  
   REST-PEAKERRS(BVgriJYH) :   0.13  0.17  0.15  0.17  0.16  0.10  0.13  0.06  
  
   MINUIT MINIMUM (PScK450339) returns TOTAL   CHI2/dof=  44.7    / 35   PROB=0.12706
   MINUIT MINIMUM (PScK450339) returns DATA    CHI2/dof=  44.7    / 35   PROB=0.12718
   MINUIT MINIMUM (PScK450339) returns PRIOR   CHI2/dof= 0.556E-02/  0   PROB=1.00000
  
	 MAKEDIR_ROOT : Created MONSN/SNPScK450339
         SNLCPAK: pack CID = PScK450339 for plotting.
	 CDTOPDIR_ROOT : return to top dir.
     Finished fitting CID = PScK450339
  
  
  ######################################################## 
    CALL FITPAR_END
  ######################################################## 
  
  
  ######################################################## 
    CALL USREND
  ######################################################## 
  
   Write root file test.root 
   Close root file test.root 
   Close output/fit_optical/PS1_RAISIN_optnir.FITRES.TEXT 
   Close TEXT LCPLOT files 
  
  ######################################################## 
    Job Summary                                                                                                             
  ######################################################## 
  
                          Number of SN passing incremental cut for
CUTSTAT:  CUT-NAME      ITYPE=     ALL       0  
 ------------------------------------------------------------------------
CUTSTAT:  CID                       21      21  
CUTSTAT:  FIT+CUTS                  21      21  
  
 ------------------------------------------------------------------------

    Finished processing      21 SN after snana  cuts   (     21 before cuts)
    Finished processing     21 SN after fitter cuts
  
    Bad PHOTOMETRY FLAG for        0 of     4217 epochs
  
    TOTAL  INIT   TIME :            2  seconds 
    TOTAL PROCESS TIME :    0.23 minutes     (  0.67 sec per SN)
  
 @-@-@-@-@-@-@-@-@-@-@-@-@-@-@-@-@-@-@-@-@-@-@-@-@-@-@-@-@-@-@-@-
 @-@-@-@-@-@-@-@-@-@-@-@-@-@-@-@-@-@-@-@-@-@-@-@-@-@-@-@-@-@-@-@-

    SEVERE WARNING: FOUND   17 Duplicate MJD+BAND   ( 0.403%)
                     12 Duplicate MJDs are unique

 @-@-@-@-@-@-@-@-@-@-@-@-@-@-@-@-@-@-@-@-@-@-@-@-@-@-@-@-@-@-@-@-
 @-@-@-@-@-@-@-@-@-@-@-@-@-@-@-@-@-@-@-@-@-@-@-@-@-@-@-@-@-@-@-@-
  
    ENDING PROGRAM GRACEFULLY. 
